com.g4mesoft.G4mespeedMod -> com.g4mesoft.G4mespeedMod:
    java.lang.String MOD_NAME -> MOD_NAME
    com.g4mesoft.core.GSVersion GS_VERSION -> GS_VERSION
    org.apache.logging.log4j.Logger GS_LOGGER -> GS_LOGGER
    com.g4mesoft.G4mespeedMod instance -> instance
    com.g4mesoft.packet.GSPacketManager packetManager -> packetManager
    com.g4mesoft.core.compat.GSCarpetCompat carpetCompat -> carpetCompat
    12:12:void <init>() -> <init>
    27:35:void onInitialize() -> onInitialize
    38:38:com.g4mesoft.packet.GSPacketManager getPacketManager() -> getPacketManager
    42:42:com.g4mesoft.core.compat.GSCarpetCompat getCarpetCompat() -> getCarpetCompat
    46:46:com.g4mesoft.G4mespeedMod getInstance() -> getInstance
    15:17:void <clinit>() -> <clinit>
com.g4mesoft.access.GSINetworkHandlerAccess -> core.a:
    void setG4mespeedVersion(com.g4mesoft.core.GSVersion) -> a
    com.g4mesoft.core.GSVersion getG4mespeedVersion() -> a
    void setTranslationVersion(int) -> a
    int getTranslationVersion() -> a
com.g4mesoft.access.GSIRenderTickCounterAccess -> core.b:
    float getTimeScale() -> a
com.g4mesoft.access.GSISmoothPistonBlockEntityAccess -> core.c:
    float getSmoothProgress(float) -> a
com.g4mesoft.core.GSController -> core.d:
    java.lang.String SETTINGS_PATH -> a
    java.lang.String CACHE_DIR_NAME -> b
    java.lang.String INTEGRATED_CACHE_DIR_NAME -> c
    java.util.Set INSTANCES -> a
    com.g4mesoft.setting.GSSettingManager settings -> a
    java.util.List modules -> a
    com.g4mesoft.module.tps.GSTpsModule tpsModule -> tpsModule
    com.g4mesoft.module.translation.GSTranslationModule translationModule -> a
    java.util.List moduleProviders -> b
    35:44:void <init>() -> <init>
    47:52:void onStart() -> a
    55:64:void onStop() -> b
    67:68:void addModuleProvider(com.g4mesoft.core.GSIModuleProvider) -> a
    71:76:void initModules() -> c
    80:82:void addModule(com.g4mesoft.core.GSIModule) -> a
    85:87:void tick() -> tick
    90:90:com.g4mesoft.module.tps.GSTpsModule getTpsModule() -> a
    94:94:com.g4mesoft.module.translation.GSTranslationModule getTranslationModule() -> a
    99:99:java.util.List getModules() -> a
    104:104:com.g4mesoft.setting.GSSettingManager getSettingManager() -> a
    108:108:java.io.File getSettingsFile() -> a
    112:116:com.g4mesoft.core.GSController getInstanceOnThread() -> a
    boolean isThreadOwner() -> a
    net.minecraft.class_2596 encodeCustomPayload(net.minecraft.class_2960,net.minecraft.class_2540) -> a
    boolean isClient() -> b
    com.g4mesoft.core.GSVersion getVersion() -> b
    24:24:void <clinit>() -> <clinit>
com.g4mesoft.core.GSCoreOverride -> com.g4mesoft.core.GSCoreOverride:
com.g4mesoft.core.GSIModule -> core.e:
    void init(com.g4mesoft.core.GSIModuleManager) -> a
    18:18:void initGUI(com.g4mesoft.gui.GSTabbedGUI) -> a
    20:20:void onClose() -> d
    23:23:void registerClientSettings(com.g4mesoft.setting.GSSettingManager) -> a
    26:26:void registerHotkeys(com.g4mesoft.hotkey.GSKeyManager) -> a
    28:28:void registerServerSettings(com.g4mesoft.setting.GSSettingManager) -> b
    30:30:void registerCommands(com.mojang.brigadier.CommandDispatcher) -> a
    32:32:void tick() -> tick
    35:35:void onJoinG4mespeedServer(com.g4mesoft.core.GSVersion) -> b
    38:38:void onDisconnectServer() -> e
    40:40:void onPlayerJoin(net.minecraft.class_3222) -> a
    42:42:void onG4mespeedClientJoin(net.minecraft.class_3222,com.g4mesoft.core.GSVersion) -> a
    44:44:void onPlayerLeave(net.minecraft.class_3222) -> b
    46:46:void onPlayerPermissionChanged(net.minecraft.class_3222) -> c
com.g4mesoft.core.GSIModuleManager -> core.f:
    void addModule(com.g4mesoft.core.GSIModule) -> a
    java.util.List getModules() -> a
    void runOnClient(java.util.function.Consumer) -> a
    void runOnServer(java.util.function.Consumer) -> b
    com.g4mesoft.setting.GSSettingManager getSettingManager() -> a
    java.io.File getCacheFile() -> b
com.g4mesoft.core.GSIModuleProvider -> core.g:
    void initModules(com.g4mesoft.core.GSIModuleManager) -> b
com.g4mesoft.core.GSVersion -> core.h:
    com.g4mesoft.core.GSVersion INVALID -> a
    com.g4mesoft.core.GSVersion MINIMUM_VERSION -> b
    int majorVersion -> a
    int minorVersion -> b
    int updateVersion -> c
    java.lang.String versionStringCache -> d
    16:22:void <init>(int,int,int) -> <init>
    25:25:int getMajorVersion() -> b
    29:29:int getMinorVersion() -> c
    33:33:int getUpdateVersion() -> d
    37:39:java.lang.String getVersionString() -> a
    43:43:boolean isInvalid() -> c
    47:50:com.g4mesoft.core.GSVersion read(net.minecraft.class_2540) -> a
    54:57:void write(net.minecraft.class_2540) -> a
    60:74:boolean isGreaterThanOrEqualTo(com.g4mesoft.core.GSVersion) -> a
    78:78:boolean isLessThan(com.g4mesoft.core.GSVersion) -> b
    82:85:boolean isEqual(com.g4mesoft.core.GSVersion) -> c
    92:94:boolean equals(java.lang.Object) -> equals
    99:99:java.lang.String toString() -> toString
    7:8:void <clinit>() -> <clinit>
com.g4mesoft.core.GSVersionPacket -> core.i:
    com.g4mesoft.core.GSVersion version -> version
    18:19:void <init>() -> <init>
    21:23:void <init>(com.g4mesoft.core.GSVersion) -> <init>
    27:28:void read(net.minecraft.class_2540) -> b
    32:33:void write(net.minecraft.class_2540) -> a
    37:38:void handleOnServer(com.g4mesoft.core.server.GSControllerServer,net.minecraft.class_3222) -> a
    43:44:void handleOnClient(com.g4mesoft.core.client.GSControllerClient) -> a
com.g4mesoft.core.client.GSControllerClient -> core.j:
    java.lang.String CLIENT_SETTINGS_GUI_TITLE -> e
    java.lang.String SERVER_SETTINGS_GUI_TITLE -> f
    java.lang.String HOTKEY_GUI_TITLE -> g
    java.lang.String G4MESPEED_INFO_GUI_TITLE -> h
    java.lang.String GS_KEY_CATEGORY -> i
    java.lang.String GUI_KEY_NAME -> j
    java.lang.String HOTKEY_SETTINGS_FILE_NAME -> k
    com.g4mesoft.core.client.GSControllerClient instance -> a
    net.minecraft.class_310 minecraft -> a
    net.minecraft.class_634 networkHandler -> a
    com.g4mesoft.core.GSVersion serverVersion -> c
    com.g4mesoft.setting.GSRemoteSettingManager serverSettings -> a
    com.g4mesoft.hotkey.GSKeyManager keyManager -> keyManager
    com.g4mesoft.gui.GSTabbedGUI tabbedGUI -> a
    com.g4mesoft.hotkey.GSKeyBinding openGUIKey -> a
    59:70:void <init>() -> <init>
    74:82:void addModule(com.g4mesoft.core.GSIModule) -> a
    85:92:void init(net.minecraft.class_310) -> a
    95:96:void setNetworkHandler(net.minecraft.class_634) -> a
    99:104:void onJoinG4mespeedServer(com.g4mesoft.core.GSVersion) -> b
    107:114:void onDisconnectServer() -> e
    117:120:void onClientClose() -> f
    123:123:java.io.File getHotkeySettingsFile() -> c
    128:131:void tick() -> tick
    135:135:boolean isThreadOwner() -> a
    140:140:net.minecraft.class_2596 encodeCustomPayload(net.minecraft.class_2960,net.minecraft.class_2540) -> a
    145:145:boolean isClient() -> b
    150:150:com.g4mesoft.core.GSVersion getVersion() -> b
    155:156:void runOnClient(java.util.function.Consumer) -> a
    160:160:void runOnServer(java.util.function.Consumer) -> b
    164:164:com.g4mesoft.core.GSVersion getServerVersion() -> c
    169:169:boolean isG4mespeedServer() -> d
    174:174:boolean isInGame() -> e
    179:180:void sendPacket(com.g4mesoft.packet.GSIPacket) -> a
    184:191:void sendPacket(com.g4mesoft.packet.GSIPacket,com.g4mesoft.core.GSVersion) -> a
    195:195:java.io.File getCacheFile() -> b
    199:199:com.g4mesoft.hotkey.GSKeyManager getKeyManager() -> a
    203:203:com.g4mesoft.setting.GSRemoteSettingManager getServerSettings() -> a
    207:207:com.g4mesoft.hotkey.GSKeyBinding getOpenGUIKey() -> a
    211:211:com.g4mesoft.core.client.GSControllerClient getInstance() -> a
    47:47:void <clinit>() -> <clinit>
com.g4mesoft.core.client.GSIModuleManagerClient -> core.k:
    com.g4mesoft.core.GSVersion getServerVersion() -> c
    boolean isG4mespeedServer() -> d
    boolean isInGame() -> e
    void sendPacket(com.g4mesoft.packet.GSIPacket) -> a
    void sendPacket(com.g4mesoft.packet.GSIPacket,com.g4mesoft.core.GSVersion) -> a
com.g4mesoft.core.compat.GSCarpetCompat -> core.l:
    java.lang.String TICKSPEED_CLASSPATH -> l
    java.lang.String ADD_TICKRATE_LISTENER_METHOD_NAME -> m
    java.lang.String TICKRATE_METHOD_NAME -> n
    java.lang.String MSPT_FIELD_NAME -> o
    boolean carpetDetected -> a
    java.lang.reflect.Method carpetAddTickrateListener -> a
    java.util.function.BiConsumer carpetTickrateListener -> a
    java.lang.reflect.Field msptField -> a
    float lastBroadcastCarpetTickrate -> a
    boolean outdatedCompatMode -> b
    java.util.List tickrateListeners -> c
    31:33:void <init>() -> <init>
    36:43:void reset() -> g
    47:91:void detectCarpet() -> h
    94:97:void addCarpetTickrateListener(com.g4mesoft.core.compat.GSICarpetCompatTickrateListener) -> a
    100:103:void removeCarpetTickrateListener(com.g4mesoft.core.compat.GSICarpetCompatTickrateListener) -> b
    106:114:void carpetTickrateChanged(java.lang.String,float) -> a
    118:125:java.util.function.BiConsumer establishTickrateLink(java.util.function.BiConsumer) -> a
    129:144:float getCarpetTickrate() -> b
    148:154:void notifyTickrateChange(float) -> a
    157:157:boolean isCarpetDetected() -> f
    161:161:boolean isTickrateLinked() -> g
    165:165:boolean isOutdatedCompatMode() -> h
com.g4mesoft.core.compat.GSCarpetCompat$GSOutdatedCarpetTickrateListener -> core.m:
    java.lang.reflect.Method tickrateMethod -> b
    172:174:void <init>(java.lang.reflect.Method) -> <init>
    179:182:void accept(java.lang.String,java.lang.Float) -> a
    168:168:void accept(java.lang.Object,java.lang.Object) -> accept
com.g4mesoft.core.compat.GSICarpetCompatTickrateListener -> core.n:
    void onCarpetTickrateChanged(float) -> b
com.g4mesoft.core.server.GSControllerServer -> core.o:
    com.g4mesoft.core.GSVersion SETTING_PERMISSION_INTRODUCTION -> d
    int OP_PERMISSION_LEVEL -> d
    com.g4mesoft.core.server.GSControllerServer instance -> a
    com.mojang.brigadier.CommandDispatcher dispatcher -> a
    net.minecraft.server.MinecraftServer server -> a
    45:49:void <init>() -> <init>
    53:59:void addModule(com.g4mesoft.core.GSIModule) -> a
    62:65:void init(net.minecraft.server.MinecraftServer) -> a
    68:74:void setCommandDispatcher(com.mojang.brigadier.CommandDispatcher) -> b
    77:81:void onPlayerJoin(net.minecraft.class_3222) -> a
    84:93:void onG4mespeedClientJoined(net.minecraft.class_3222,com.g4mesoft.core.GSVersion) -> b
    96:98:void onPlayerLeave(net.minecraft.class_3222) -> b
    101:104:void onServerShutdown() -> i
    107:111:void onPlayerPermissionChanged(net.minecraft.class_3222) -> c
    115:115:boolean isThreadOwner() -> a
    120:120:net.minecraft.class_2596 encodeCustomPayload(net.minecraft.class_2960,net.minecraft.class_2540) -> a
    125:125:boolean isClient() -> b
    130:130:com.g4mesoft.core.GSVersion getVersion() -> b
    135:135:void runOnClient(java.util.function.Consumer) -> a
    139:140:void runOnServer(java.util.function.Consumer) -> b
    144:145:void sendPacket(com.g4mesoft.packet.GSIPacket,net.minecraft.class_3222) -> a
    149:157:void sendPacket(com.g4mesoft.packet.GSIPacket,net.minecraft.class_3222,com.g4mesoft.core.GSVersion) -> a
    161:162:void sendPacketToAll(com.g4mesoft.packet.GSIPacket) -> b
    166:179:void sendPacketToAll(com.g4mesoft.packet.GSIPacket,com.g4mesoft.core.GSVersion) -> b
    183:187:java.io.File getCacheFile() -> b
    192:193:void onSettingChanged(com.g4mesoft.setting.GSSettingCategory,com.g4mesoft.setting.GSSetting) -> a
    197:198:void onSettingAdded(com.g4mesoft.setting.GSSettingCategory,com.g4mesoft.setting.GSSetting) -> b
    202:203:void onSettingRemoved(com.g4mesoft.setting.GSSettingCategory,com.g4mesoft.setting.GSSetting) -> c
    206:210:void sendSettingChange(com.g4mesoft.setting.GSSettingCategory,com.g4mesoft.setting.GSSetting,com.g4mesoft.setting.GSSettingChangePacket$GSESettingChangeType) -> a
    213:213:boolean isAllowedSettingChange(net.minecraft.class_3222) -> a
    217:218:void sendSettingPermissionPacket(net.minecraft.class_3222) -> d
    221:221:net.minecraft.server.MinecraftServer getServer() -> a
    225:225:com.g4mesoft.core.server.GSControllerServer getInstance() -> a
    35:39:void <clinit>() -> <clinit>
com.g4mesoft.core.server.GSIModuleManagerServer -> core.p:
    void sendPacket(com.g4mesoft.packet.GSIPacket,net.minecraft.class_3222) -> a
    void sendPacket(com.g4mesoft.packet.GSIPacket,net.minecraft.class_3222,com.g4mesoft.core.GSVersion) -> a
    void sendPacketToAll(com.g4mesoft.packet.GSIPacket) -> b
    void sendPacketToAll(com.g4mesoft.packet.GSIPacket,com.g4mesoft.core.GSVersion) -> b
com.g4mesoft.core.server.GSInfoCommand -> core.q:
    10:10:void <init>() -> <init>
    13:16:void registerCommand(com.mojang.brigadier.CommandDispatcher) -> c
    19:20:int informG4mespeedVersion(net.minecraft.class_2168) -> a
    14:14:int lambda$registerCommand$0(com.mojang.brigadier.context.CommandContext) -> a
com.g4mesoft.debug.GSDebug -> core.r:
    boolean GS_DEBUG -> c
    boolean PRINT_TICK_INTERVAL -> d
    long lastMethodCallTimeNs -> a
    3:3:void <init>() -> <init>
    15:15:void onClientTick() -> j
    23:23:void onServerTick() -> k
    28:31:void printTimeIntervalSync(java.lang.String) -> a
    25:25:void <clinit>() -> <clinit>
com.g4mesoft.gui.GSInfoGUI -> core.s:
    int TEXT_COLOR -> e
    int VERSION_COLOR -> f
    int LESS_THAN_VERSION_COLOR -> g
    int INVALID_VERSION_COLOR -> h
    java.lang.String SERVER_VERSION_TITLE_MSG -> p
    java.lang.String INVALID_SERVER_MSG -> q
    java.lang.String CLIENT_VERSION_TITLE_MSG -> r
    com.g4mesoft.core.client.GSControllerClient controllerClient -> b
    20:22:void <init>(com.g4mesoft.core.client.GSControllerClient) -> <init>
    26:50:void renderTranslated(int,int,float) -> a
com.g4mesoft.gui.GSParentGUI -> core.t:
    java.lang.String TRIMMED_TEXT_ELLIPSIS -> s
    char FORMATTING_CHAR -> a
    float COLOR_DARKEN_FACTOR -> b
    boolean selected -> e
    net.minecraft.class_310 client -> b
    net.minecraft.class_327 font -> a
    int x -> i
    int y -> j
    int width -> k
    int height -> l
    java.util.List children -> d
    java.util.List drawableWidgets -> e
    java.util.List gsPanels -> f
    38:44:void <init>() -> <init>
    47:51:void addWidget(net.minecraft.class_364) -> a
    54:57:void addPanel(com.g4mesoft.gui.GSParentGUI) -> a
    60:63:void clearChildren() -> l
    66:67:void init(net.minecraft.class_310,int,int) -> a
    70:71:void setBounds(int,int,int,int) -> a
    74:85:void initBounds(net.minecraft.class_310,int,int,int,int) -> a
    88:88:void init() -> init
    91:93:void tick() -> tick
    96:96:int getTranslationX() -> e
    100:100:int getTranslationY() -> f
    104:110:void render(int,int,float) -> render
    113:117:void renderTranslated(int,int,float) -> a
    120:121:void setSelected(boolean) -> a
    124:124:boolean isSelected() -> i
    128:128:double translateMouseX(double) -> a
    132:132:double translateMouseY(double) -> b
    138:140:void method_16014(double,double) -> method_16014
    143:147:void mouseMovedTranslated(double,double) -> a
    152:152:boolean mouseClicked(double,double,int) -> mouseClicked
    156:156:boolean mouseClickedTranslated(double,double,int) -> a
    162:162:boolean mouseReleased(double,double,int) -> mouseReleased
    166:166:boolean mouseReleasedTranslated(double,double,int) -> b
    172:172:boolean mouseDragged(double,double,int,double,double) -> mouseDragged
    176:176:boolean mouseDraggedTranslated(double,double,int,double,double) -> a
    182:182:boolean keyPressed(int,int,int) -> keyPressed
    188:188:boolean method_16803(int,int,int) -> method_16803
    194:194:boolean charTyped(char,int) -> charTyped
    200:202:boolean mouseScrolled(double,double,double) -> mouseScrolled
    206:206:boolean mouseScrolledTranslated(double,double,double) -> a
    212:215:boolean isMouseOver(double,double) -> isMouseOver
    220:220:java.lang.String trimText(java.lang.String,int) -> a
    224:251:java.lang.String trimText(net.minecraft.class_327,java.lang.String,int) -> a
    255:255:java.util.List splitToLines(java.lang.String,int) -> a
    259:314:java.util.List splitToLines(net.minecraft.class_327,java.lang.String,int) -> a
    318:327:int darkenColor(int) -> a
    331:349:int brightenColor(int) -> b
    353:353:com.g4mesoft.module.translation.GSTranslationModule getTranslationModule() -> a
    358:358:java.util.List children() -> b
    144:145:boolean lambda$mouseMovedTranslated$0(double,double,net.minecraft.class_364) -> a
com.g4mesoft.gui.GSScrollableParentGUI -> core.u:
    double SCROLL_AMOUNT -> a
    int SCROLL_BAR_WIDTH -> m
    int SCROLL_BAR_MARGIN_X -> n
    int SCROLL_BAR_MARGIN_Y -> o
    int SCROLL_HIGHLIGHT -> p
    int SCROLL_SHADOW -> q
    int SCROLL_BACKGROUND -> r
    double scrollOffset -> b
    boolean scrollDragActive -> f
    16:16:void <init>() -> <init>
    int getScrollableHeight() -> g
    34:36:void setScrollOffset(double) -> a
    40:79:void render(int,int,float) -> render
    82:91:java.awt.Rectangle getDraggableScrollArea() -> a
    96:101:void init() -> init
    105:105:int getTranslationY() -> f
    110:115:boolean mouseScrolledTranslated(double,double,double) -> a
    119:119:boolean isMouseInView(double,double) -> a
    124:129:boolean mouseClickedTranslated(double,double,int) -> a
    134:135:boolean mouseReleasedTranslated(double,double,int) -> b
    140:149:boolean mouseDraggedTranslated(double,double,int,double,double) -> a
    153:153:int getScrollOffset() -> h
com.g4mesoft.gui.GSTabbedGUI -> core.v:
    int TAB_VERTICAL_PADDING -> s
    int TAB_HORIZONTAL_PADDING -> t
    int HORIZONTAL_MARGIN -> u
    int VERTICAL_MARGIN -> v
    int MINIMUM_TAB_WIDTH -> w
    int TAB_TEXT_COLOR -> x
    int TAB_BORDER_COLOR -> y
    int SELECTED_TEXT_COLOR -> z
    int SELECTED_BACKGROUND_COLOR -> A
    int HOVERED_BACKGROUND_COLOR -> B
    int tabHeight -> C
    java.util.List tabs -> g
    boolean tabsChanged -> g
    int selectedTabIndex -> D
    47:51:void <init>() -> <init>
    54:62:void addTab(java.lang.String,com.g4mesoft.gui.GSParentGUI) -> a
    65:78:void setSelectedTabIndex(int) -> b
    81:81:com.g4mesoft.gui.GSTabbedGUI$GSTabEntry getSelectedTab() -> a
    85:140:void layoutTabs() -> m
    145:154:void render(int,int,float) -> render
    159:164:void tick() -> tick
    167:185:void renderTabs(int,int) -> a
    188:188:boolean isTabHovered(com.g4mesoft.gui.GSTabbedGUI$GSTabEntry,double,double) -> a
    193:194:void playClickSound(net.minecraft.class_1144) -> a
    197:208:void renderTab(com.g4mesoft.gui.GSTabbedGUI$GSTabEntry,int,boolean,boolean) -> a
    213:223:boolean mouseClicked(double,double,int) -> mouseClicked
    229:237:boolean keyPressed(int,int,int) -> keyPressed
    241:245:boolean canKeyCloseGUI(int) -> a
    251:261:void setFocused(net.minecraft.class_364) -> setFocused
    266:269:void init() -> init
    274:274:boolean isPauseScreen() -> isPauseScreen
    280:280:boolean shouldCloseOnEsc() -> shouldCloseOnEsc
    97:97:int lambda$layoutTabs$0(com.g4mesoft.gui.GSTabbedGUI$GSTabEntry,com.g4mesoft.gui.GSTabbedGUI$GSTabEntry) -> a
com.g4mesoft.gui.GSTabbedGUI$GSTabEntry -> core.w:
    java.lang.String title -> t
    com.g4mesoft.gui.GSParentGUI tabContent -> a
    java.lang.String displayTitle -> u
    int x -> i
    int width -> k
    com.g4mesoft.gui.GSTabbedGUI this$0 -> b
    292:295:void <init>(com.g4mesoft.gui.GSTabbedGUI,java.lang.String,com.g4mesoft.gui.GSParentGUI) -> <init>
    298:298:com.g4mesoft.gui.GSParentGUI getTabContent() -> a
    302:303:void setDisplayTitle(java.lang.String) -> b
    306:306:java.lang.String getDisplayTitle() -> b
    310:311:java.lang.String getTranslatedTitle() -> c
    315:316:void setX(int) -> c
    319:319:int getX() -> i
    323:324:void setWidth(int) -> d
    327:327:int getWidth() -> j
    283:283:com.g4mesoft.gui.GSParentGUI access$000(com.g4mesoft.gui.GSTabbedGUI$GSTabEntry) -> a
com.g4mesoft.gui.hotkey.GSHotkeyElementGUI -> core.x:
    int HOTKEY_HEIGHT -> E
    int HOTKEY_PADDING -> F
    int MAX_NAME_WIDTH -> G
    int MODIFY_BUTTON_WIDTH -> H
    int RESET_BUTTON_WIDTH -> I
    int FONT_COLOR -> J
    int HOVERED_BACKGROUND -> K
    java.lang.String RESET_TEXT -> v
    java.lang.String CANCEL_TEXT -> w
    com.g4mesoft.gui.hotkey.GSHotkeyGUI hotkeyGui -> a
    com.g4mesoft.hotkey.GSKeyBinding keyBinding -> b
    java.lang.String keyName -> x
    java.lang.String localizedKeyCodeName -> y
    boolean modifyingKeyCode -> h
    net.minecraft.class_4185 modifyButton -> a
    net.minecraft.class_4185 resetButton -> b
    40:45:void <init>(com.g4mesoft.gui.hotkey.GSHotkeyGUI,com.g4mesoft.hotkey.GSKeyBinding) -> <init>
    49:72:void init() -> init
    75:77:void updateButtons() -> n
    80:91:void updateResetButton() -> o
    94:102:void updateModifyButton() -> p
    106:113:void renderTranslated(int,int,float) -> a
    116:119:void setKeyCode(net.minecraft.class_3675$class_306) -> a
    122:132:void setModifying(boolean) -> b
    137:147:boolean keyPressed(int,int,int) -> keyPressed
    152:157:boolean mouseClickedTranslated(double,double,int) -> a
    161:161:int getPreferredHeight() -> k
    165:165:int getPreferredWidth() -> l
    66:67:void lambda$init$1(net.minecraft.class_4185) -> a
    58:63:void lambda$init$0(net.minecraft.class_4185) -> b
com.g4mesoft.gui.hotkey.GSHotkeyGUI -> core.y:
    int HOTKEY_MARGIN -> L
    int CATEGORY_MARGIN -> M
    int CATEGORY_TITLE_BOTTOM_MARGIN -> N
    int CATEGORY_TITLE_COLOR -> O
    java.util.Map hotkeyCategories -> a
    int scrollableHeight -> P
    boolean needsRelayout -> i
    com.g4mesoft.gui.hotkey.GSHotkeyElementGUI changingElement -> a
    28:36:void <init>(com.g4mesoft.hotkey.GSKeyManager) -> <init>
    39:54:void layoutHotkeys() -> q
    58:61:void init() -> init
    65:74:void renderTranslated(int,int,float) -> a
    78:79:void onKeyRegistered(com.g4mesoft.hotkey.GSKeyBinding) -> a
    82:90:void addKeyEntry(com.g4mesoft.hotkey.GSKeyBinding) -> b
    94:94:int getScrollableHeight() -> g
    98:101:void setChangingElement(com.g4mesoft.gui.hotkey.GSHotkeyElementGUI) -> a
    104:104:com.g4mesoft.gui.hotkey.GSHotkeyElementGUI getChangingElement() -> a
    13:13:net.minecraft.class_327 access$000(com.g4mesoft.gui.hotkey.GSHotkeyGUI) -> a
    13:13:net.minecraft.class_310 access$100(com.g4mesoft.gui.hotkey.GSHotkeyGUI) -> a
    13:13:net.minecraft.class_327 access$200(com.g4mesoft.gui.hotkey.GSHotkeyGUI) -> b
com.g4mesoft.gui.hotkey.GSHotkeyGUI$GSHotkeyCategoryGUI -> core.z:
    java.util.List hotkeyElements -> h
    java.lang.String categoryName -> z
    int x -> i
    int y -> j
    int w -> Q
    com.g4mesoft.gui.hotkey.GSHotkeyGUI this$0 -> b
    116:119:void <init>(com.g4mesoft.gui.hotkey.GSHotkeyGUI,java.lang.String) -> <init>
    122:123:void addKeyBinding(com.g4mesoft.hotkey.GSKeyBinding) -> c
    126:132:int getPreferredWidth() -> l
    136:150:int layoutHotkeys(int,int,int) -> a
    154:156:void renderTitle(int,int,float) -> b
com.g4mesoft.gui.setting.GSBooleanSettingElementGUI -> core.A:
    int SETTING_HEIGHT -> R
    int TEXT_MAX_WIDTH -> S
    int TOGGLE_WIDTH -> T
    com.g4mesoft.gui.widget.GSToggleSwitchWidget switchWidget -> a
    20:25:void <init>(com.g4mesoft.gui.setting.GSSettingsGUI,com.g4mesoft.setting.types.GSBooleanSetting,com.g4mesoft.setting.GSSettingCategory) -> <init>
    29:33:void renderTranslated(int,int,float) -> a
    37:37:int getPreferredWidth() -> l
    42:42:int getPreferredHeight() -> k
    47:54:void init() -> init
    58:62:void onSettingChanged() -> r
    66:66:java.lang.String getFormattedDefault() -> d
    23:24:void lambda$new$0(boolean) -> c
    11:11:void <clinit>() -> <clinit>
com.g4mesoft.gui.setting.GSFloatSettingElementGUI -> core.B:
    float MAX_DEF_INTERVAL_FOR_SLIDER -> c
    java.text.DecimalFormat FORMATTER -> a
    18:19:void <init>(com.g4mesoft.gui.setting.GSSettingsGUI,com.g4mesoft.setting.types.GSFloatSetting,com.g4mesoft.setting.GSSettingCategory) -> <init>
    23:23:java.lang.String getSliderText() -> e
    28:29:void setValueFromSlider(double) -> b
    34:39:boolean setValueFromTextField(java.lang.String) -> a
    44:44:boolean shouldUseSlider() -> j
    49:54:void updateFieldValue() -> s
    58:58:java.lang.String getFormattedDefault() -> d
    15:15:void <clinit>() -> <clinit>
com.g4mesoft.gui.setting.GSIntegerSettingElementGUI -> core.C:
    int MAX_DEF_INTERVAL_FOR_SLIDER -> U
    16:17:void <init>(com.g4mesoft.gui.setting.GSSettingsGUI,com.g4mesoft.setting.types.GSIntegerSetting,com.g4mesoft.setting.GSSettingCategory) -> <init>
    21:21:java.lang.String getSliderText() -> e
    26:27:void setValueFromSlider(double) -> b
    32:37:boolean setValueFromTextField(java.lang.String) -> a
    42:42:boolean shouldUseSlider() -> j
    47:52:void updateFieldValue() -> s
    55:65:java.lang.String getFormattedValue(int) -> a
    70:70:java.lang.String getFormattedDefault() -> d
com.g4mesoft.gui.setting.GSNumberSettingElementGUI -> core.D:
    int SETTING_HEIGHT -> R
    int TEXT_FIELD_HEIGHT -> V
    int TEXT_FIELD_MAX_WIDTH -> W
    java.lang.String SET_VALUE_TEXT -> A
    int TEXT_MAX_WIDTH -> S
    com.g4mesoft.gui.widget.GSSliderWidget slider -> a
    net.minecraft.class_342 textField -> a
    java.lang.String prevTextFieldValue -> B
    25:26:void <init>(com.g4mesoft.gui.setting.GSSettingsGUI,com.g4mesoft.setting.GSSetting,com.g4mesoft.setting.GSSettingCategory) -> <init>
    30:34:void renderTranslated(int,int,float) -> a
    38:38:int getPreferredWidth() -> l
    43:49:int getPreferredHeight() -> k
    54:97:void init() -> init
    java.lang.String getSliderText() -> e
    void setValueFromSlider(double) -> b
    boolean setValueFromTextField(java.lang.String) -> a
    boolean shouldUseSlider() -> j
    void updateFieldValue() -> s
    110:112:void setSliderValue(double) -> c
    115:117:void setTextFieldValue(java.lang.String) -> c
    121:121:int getSettingHeight() -> m
    126:134:void onSettingChanged() -> r
    138:138:boolean isSliderActive() -> k
    81:93:void lambda$init$2(net.minecraft.class_4185) -> c
    60:60:java.lang.String lambda$init$1(double) -> a
    58:60:void lambda$init$0(double) -> d
com.g4mesoft.gui.setting.GSSettingElementGUI -> core.E:
    int HOVERED_BACKGROUND -> K
    int CONTENT_PADDING -> X
    int CONTENT_MARGIN -> Y
    int RESET_BUTTON_WIDTH -> I
    int RESET_BUTTON_HEIGHT -> Z
    java.lang.String RESET_TEXT -> v
    int ENABLED_TEXT_COLOR -> aa
    int DISABLED_TEXT_COLOR -> ab
    com.g4mesoft.gui.setting.GSSettingsGUI settingsGUI -> a
    com.g4mesoft.setting.GSSetting setting -> a
    com.g4mesoft.setting.GSSettingCategory category -> a
    java.lang.String settingTranslationName -> C
    net.minecraft.class_4185 resetButton -> b
    31:39:void <init>(com.g4mesoft.gui.setting.GSSettingsGUI,com.g4mesoft.setting.GSSetting,com.g4mesoft.setting.GSSettingCategory) -> <init>
    43:47:void renderTranslated(int,int,float) -> a
    50:50:int getTextColor() -> n
    55:60:void init() -> init
    63:65:void resetSetting() -> t
    68:69:void onSettingChanged() -> r
    72:74:void updateResetActive() -> u
    java.lang.String getFormattedDefault() -> d
    80:80:boolean mouseScrolledTranslated(double,double,double) -> a
    84:84:int getSettingHeight() -> m
    88:92:net.minecraft.class_4185 createResetButton() -> a
    98:98:int getPreferredWidth() -> l
    102:102:int getPreferredHeight() -> k
    106:106:java.lang.String getSettingTranslationName() -> f
    93:94:void lambda$createResetButton$0(net.minecraft.class_4185) -> d
com.g4mesoft.gui.setting.GSSettingsGUI -> core.F:
    int SETTING_CATEGORY_MARGIN -> ac
    int CATEGORY_TITLE_MARGIN_BOTTOM -> ad
    int CATEGORY_TITLE_COLOR -> O
    int DESC_BACKGROUND_COLOR -> ae
    int DESC_LINE_SPACING -> af
    int DESC_LINE_MARGIN -> ag
    int DESC_TEXT_COLOR -> ah
    float DESC_ANIMATION_TIME -> d
    java.util.Map settingCategories -> b
    int settingsWidth -> ai
    int scrollableHeight -> P
    boolean layoutChanged -> j
    com.g4mesoft.gui.setting.GSSettingElementGUI hoveredElement -> a
    java.util.List descLines -> i
    int startDescHeight -> aj
    int targetDescHeight -> ak
    long descAnimStart -> b
    54:64:void <init>(com.g4mesoft.setting.GSSettingManager) -> <init>
    67:78:void addSettingElement(com.g4mesoft.setting.GSSettingCategory,com.g4mesoft.setting.GSSetting) -> d
    82:85:void onSettingChanged(com.g4mesoft.setting.GSSettingCategory,com.g4mesoft.setting.GSSetting) -> a
    89:90:void onSettingAdded(com.g4mesoft.setting.GSSettingCategory,com.g4mesoft.setting.GSSetting) -> b
    94:103:void onSettingRemoved(com.g4mesoft.setting.GSSettingCategory,com.g4mesoft.setting.GSSetting) -> c
    106:123:void layoutSettingElements() -> v
    127:131:void tick() -> tick
    135:176:void renderTranslated(int,int,float) -> a
    179:211:void renderHoveredDesc(com.g4mesoft.gui.setting.GSSettingElementGUI,float) -> a
    215:217:void init() -> init
    221:223:void setBounds(int,int,int,int) -> a
    227:227:int getScrollableHeight() -> g
    29:29:net.minecraft.class_327 access$000(com.g4mesoft.gui.setting.GSSettingsGUI) -> a
    29:29:net.minecraft.class_310 access$100(com.g4mesoft.gui.setting.GSSettingsGUI) -> a
    29:29:net.minecraft.class_327 access$200(com.g4mesoft.gui.setting.GSSettingsGUI) -> b
com.g4mesoft.gui.setting.GSSettingsGUI$GSSettingCategoryElement -> core.G:
    com.g4mesoft.setting.GSSettingCategory category -> a
    java.lang.String title -> t
    java.util.List settings -> j
    int x -> i
    int y -> j
    int width -> k
    int height -> l
    com.g4mesoft.gui.setting.GSSettingsGUI this$0 -> b
    242:248:void <init>(com.g4mesoft.gui.setting.GSSettingsGUI,com.g4mesoft.setting.GSSettingCategory) -> <init>
    251:256:int getMinimumWidth() -> o
    260:267:void addSetting(com.g4mesoft.setting.GSSetting) -> a
    270:275:void removeSetting(com.g4mesoft.setting.GSSetting) -> b
    278:284:void onSettingChanged(com.g4mesoft.setting.GSSetting) -> c
    287:304:int layoutElements(int,int,int) -> b
    308:316:com.g4mesoft.gui.setting.GSSettingElementGUI getHoveredElement(int,int) -> a
    320:320:boolean isHovered(int,int) -> a
    325:327:void tick() -> tick
    330:332:void render(int,int,float) -> render
    335:335:boolean isEmpty() -> l
com.g4mesoft.gui.widget.GSSliderWidget -> core.H:
    int SLIDER_HEIGHT -> al
    int MAX_WIDTH -> am
    com.g4mesoft.gui.widget.GSSliderWidget$GSSliderListener listener -> a
    com.g4mesoft.gui.widget.GSSliderWidget$GSSliderFormatter formatter -> a
    18:24:void <init>(int,int,int,double,com.g4mesoft.gui.widget.GSSliderWidget$GSSliderListener,com.g4mesoft.gui.widget.GSSliderWidget$GSSliderFormatter) -> <init>
    29:30:void updateMessage() -> updateMessage
    35:37:void applyValue() -> applyValue
    40:43:void setValueSilent(double) -> e
    50:50:boolean isHovered() -> isHovered
com.g4mesoft.gui.widget.GSSliderWidget$GSSliderFormatter -> core.I:
    java.lang.String formatValue(double) -> formatValue
com.g4mesoft.gui.widget.GSSliderWidget$GSSliderListener -> core.J:
    void onValueChanged(double) -> onValueChanged
com.g4mesoft.gui.widget.GSToggleSwitchWidget -> core.K:
    net.minecraft.class_2960 TEXTURE -> a
    int TOGGLE_SWITCH_WIDTH -> an
    int TOGGLE_SWITCH_HEIGHT -> ao
    boolean value -> k
    com.g4mesoft.gui.widget.GSToggleSwitchWidget$GSSwitchListener listener -> a
    23:27:void <init>(int,int,boolean,com.g4mesoft.gui.widget.GSToggleSwitchWidget$GSSwitchListener) -> <init>
    32:35:void onPress() -> onPress
    38:39:void setValueSilent(boolean) -> d
    42:42:boolean isEnabled() -> m
    48:59:void renderButton(int,int,float) -> renderButton
    14:14:void <clinit>() -> <clinit>
com.g4mesoft.gui.widget.GSToggleSwitchWidget$GSSwitchListener -> core.L:
    void onStateChanged(boolean) -> onStateChanged
com.g4mesoft.hotkey.GSEKeyEventType -> core.M:
    com.g4mesoft.hotkey.GSEKeyEventType PRESS -> a
    com.g4mesoft.hotkey.GSEKeyEventType RELEASE -> b
    com.g4mesoft.hotkey.GSEKeyEventType[] $VALUES -> a
    3:3:com.g4mesoft.hotkey.GSEKeyEventType[] values() -> values
    3:3:com.g4mesoft.hotkey.GSEKeyEventType valueOf(java.lang.String) -> valueOf
    3:3:void <init>(java.lang.String,int) -> <init>
    3:5:void <clinit>() -> <clinit>
com.g4mesoft.hotkey.GSIKeyListener -> core.N:
    void onKeyStateChanged(com.g4mesoft.hotkey.GSKeyBinding,com.g4mesoft.hotkey.GSEKeyEventType) -> onKeyStateChanged
com.g4mesoft.hotkey.GSIKeyRegisterListener -> core.O:
    void onKeyRegistered(com.g4mesoft.hotkey.GSKeyBinding) -> a
com.g4mesoft.hotkey.GSKeyBinding -> core.P:
    com.g4mesoft.hotkey.GSKeyManager manager -> a
    java.lang.String name -> D
    java.lang.String category -> E
    net.minecraft.class_3675$class_306 defaultKeyCode -> a
    boolean allowDisabled -> l
    net.minecraft.class_3675$class_306 keyCode -> b
    boolean keyState -> m
    boolean wasPressed -> n
    boolean pressed -> o
    int repeatCount -> ap
    com.g4mesoft.hotkey.GSIKeyListener listener -> a
    26:36:void <init>(com.g4mesoft.hotkey.GSKeyManager,java.lang.String,java.lang.String,net.minecraft.class_3675$class_307,int,boolean) -> <init>
    39:42:void setKeyListener(com.g4mesoft.hotkey.GSIKeyListener) -> a
    45:47:void reset() -> g
    50:58:void onKeyPressed() -> w
    61:62:void onKeyReleased() -> x
    65:78:void onStateChanged(boolean,com.g4mesoft.hotkey.GSEKeyEventType) -> a
    81:82:void onKeyRepeated() -> y
    85:89:void update() -> z
    92:107:java.lang.String getLocalizedName() -> g
    111:111:boolean isPressed() -> n
    115:115:boolean wasPressed() -> o
    119:119:boolean isClicking() -> p
    123:123:boolean isReleaing() -> q
    127:127:int getRepeatCount() -> p
    131:131:java.lang.String getName() -> h
    135:135:java.lang.String getCategory() -> i
    139:139:net.minecraft.class_3675$class_306 getKeyCode() -> a
    143:151:void setKeyCode(net.minecraft.class_3675$class_306) -> a
    154:154:int getGLFWKeyCode() -> q
    158:158:net.minecraft.class_3675$class_306 getDefaultKeyCode() -> b
    74:74:void lambda$onStateChanged$0(com.g4mesoft.hotkey.GSIKeyListener,com.g4mesoft.hotkey.GSEKeyEventType) -> a
com.g4mesoft.hotkey.GSKeyBinding$1 -> core.Q:
    int[] $SwitchMap$net$minecraft$client$util$InputUtil$Type -> a
    94:94:void <clinit>() -> <clinit>
com.g4mesoft.hotkey.GSKeyManager -> core.R:
    java.util.Map keySettings -> c
    java.util.List keyBindings -> k
    java.util.Map codeToKeys -> d
    com.g4mesoft.hotkey.GSIKeyRegisterListener registerListener -> a
    34:39:void <init>() -> <init>
    42:60:void loadKeys(java.io.File) -> a
    64:81:void saveKeys(java.io.File) -> b
    84:89:net.minecraft.class_3675$class_306 getKeySetting(java.lang.String,java.lang.String) -> a
    93:101:void setKeySetting(java.lang.String,java.lang.String,net.minecraft.class_3675$class_306) -> a
    104:106:void update() -> z
    109:109:com.g4mesoft.hotkey.GSKeyBinding registerKey(java.lang.String,java.lang.String,int,java.lang.Object,java.util.function.Consumer,com.g4mesoft.hotkey.GSEKeyEventType) -> a
    113:113:com.g4mesoft.hotkey.GSKeyBinding registerKey(java.lang.String,java.lang.String,int,java.lang.Object,java.util.function.Consumer,com.g4mesoft.hotkey.GSEKeyEventType,boolean) -> a
    117:117:com.g4mesoft.hotkey.GSKeyBinding registerKey(java.lang.String,java.lang.String,net.minecraft.class_3675$class_307,int,java.lang.Object,java.util.function.Consumer,com.g4mesoft.hotkey.GSEKeyEventType) -> a
    121:124:com.g4mesoft.hotkey.GSKeyBinding registerKey(java.lang.String,java.lang.String,net.minecraft.class_3675$class_307,int,java.lang.Object,java.util.function.Consumer,com.g4mesoft.hotkey.GSEKeyEventType,boolean) -> a
    131:131:com.g4mesoft.hotkey.GSKeyBinding registerKey(java.lang.String,java.lang.String,int,java.lang.Object,java.util.function.BiConsumer) -> a
    135:135:com.g4mesoft.hotkey.GSKeyBinding registerKey(java.lang.String,java.lang.String,int,java.lang.Object,java.util.function.BiConsumer,boolean) -> a
    139:139:com.g4mesoft.hotkey.GSKeyBinding registerKey(java.lang.String,java.lang.String,net.minecraft.class_3675$class_307,int,java.lang.Object,java.util.function.BiConsumer) -> a
    143:146:com.g4mesoft.hotkey.GSKeyBinding registerKey(java.lang.String,java.lang.String,net.minecraft.class_3675$class_307,int,java.lang.Object,java.util.function.BiConsumer,boolean) -> a
    150:150:com.g4mesoft.hotkey.GSKeyBinding registerKey(java.lang.String,java.lang.String,int) -> a
    154:154:com.g4mesoft.hotkey.GSKeyBinding registerKey(java.lang.String,java.lang.String,int,boolean) -> a
    158:158:com.g4mesoft.hotkey.GSKeyBinding registerKey(java.lang.String,java.lang.String,net.minecraft.class_3675$class_307,int) -> a
    162:162:com.g4mesoft.hotkey.GSKeyBinding registerKey(java.lang.String,java.lang.String,net.minecraft.class_3675$class_307,int,boolean) -> a
    166:166:com.g4mesoft.hotkey.GSKeyBinding registerKey(java.lang.String,java.lang.String,int,com.g4mesoft.hotkey.GSIKeyListener) -> a
    170:170:com.g4mesoft.hotkey.GSKeyBinding registerKey(java.lang.String,java.lang.String,int,com.g4mesoft.hotkey.GSIKeyListener,boolean) -> a
    174:174:com.g4mesoft.hotkey.GSKeyBinding registerKey(java.lang.String,java.lang.String,net.minecraft.class_3675$class_307,int,com.g4mesoft.hotkey.GSIKeyListener) -> a
    178:188:com.g4mesoft.hotkey.GSKeyBinding registerKey(java.lang.String,java.lang.String,net.minecraft.class_3675$class_307,int,com.g4mesoft.hotkey.GSIKeyListener,boolean) -> a
    192:201:void addKeyBinding(com.g4mesoft.hotkey.GSKeyBinding) -> c
    204:205:void setKeyRegisterListener(com.g4mesoft.hotkey.GSIKeyRegisterListener) -> a
    208:215:void handleKeyEvent(net.minecraft.class_3675$class_306,java.util.function.Consumer) -> a
    218:230:void onKeyCodeChanged(com.g4mesoft.hotkey.GSKeyBinding,net.minecraft.class_3675$class_306,net.minecraft.class_3675$class_306) -> a
    233:241:void addKeyCodeMapping(com.g4mesoft.hotkey.GSKeyBinding) -> d
    244:245:void onKeyPressed(int,int,int) -> a
    248:249:void onKeyReleased(int,int,int) -> b
    252:253:void onKeyRepeat(int,int,int) -> c
    256:257:void onMousePressed(int,int) -> b
    260:261:void onMouseReleased(int,int) -> c
    264:264:java.util.List getKeyBindings() -> c
    146:146:void lambda$registerKey$1(java.util.function.BiConsumer,java.lang.Object,com.g4mesoft.hotkey.GSKeyBinding,com.g4mesoft.hotkey.GSEKeyEventType) -> a
    125:127:void lambda$registerKey$0(com.g4mesoft.hotkey.GSEKeyEventType,java.util.function.Consumer,java.lang.Object,com.g4mesoft.hotkey.GSKeyBinding,com.g4mesoft.hotkey.GSEKeyEventType) -> a
com.g4mesoft.mixin.client.GSClientPlayNetworkHandlerMixin -> com.g4mesoft.mixin.client.GSClientPlayNetworkHandlerMixin:
    int WORLD_TIME_UPDATE_INTERVAL -> WORLD_TIME_UPDATE_INTERVAL
    net.minecraft.class_310 field_3690 -> field_3690
    net.minecraft.class_638 field_3699 -> field_3699
    34:34:void <init>() -> <init>
    43:44:void onInit(org.spongepowered.asm.mixin.injection.callback.CallbackInfo) -> a
    48:60:void onCustomPayload(net.minecraft.class_2658,org.spongepowered.asm.mixin.injection.callback.CallbackInfo) -> a
    65:70:void onWorldTimeSync(net.minecraft.class_2761,org.spongepowered.asm.mixin.injection.callback.CallbackInfo) -> a
    77:110:boolean replaceChunkDataBlockEntityLoop(java.util.Iterator) -> a
com.g4mesoft.mixin.client.GSKeyboardMixin -> com.g4mesoft.mixin.client.GSKeyboardMixin:
    com.g4mesoft.hotkey.GSKeyManager keyManager -> keyManager
    net.minecraft.class_310 field_1678 -> field_1678
    18:18:void <init>() -> <init>
    26:28:void onKeyEvent(long,int,int,int,int,org.spongepowered.asm.mixin.injection.callback.CallbackInfo) -> a
    33:41:void onKeyPressRepeat(long,int,int,int,int,org.spongepowered.asm.mixin.injection.callback.CallbackInfo) -> b
    44:46:com.g4mesoft.hotkey.GSKeyManager getKeyManager() -> a
com.g4mesoft.mixin.client.GSMinecraftClientMixin -> com.g4mesoft.mixin.client.GSMinecraftClientMixin:
    net.minecraft.class_317 field_1728 -> field_1728
    net.minecraft.class_1144 field_1727 -> field_1727
    net.minecraft.class_746 field_1724 -> field_1724
    20:20:void <init>() -> <init>
    28:30:void onInit(org.spongepowered.asm.mixin.injection.callback.CallbackInfo) -> a
    36:38:void onDisconnect(net.minecraft.class_437,org.spongepowered.asm.mixin.injection.callback.CallbackInfo) -> a
    42:43:void onClientClose(org.spongepowered.asm.mixin.injection.callback.CallbackInfo) -> b
    47:49:void onTick(org.spongepowered.asm.mixin.injection.callback.CallbackInfo) -> c
com.g4mesoft.mixin.client.GSMouseMixin -> com.g4mesoft.mixin.client.GSMouseMixin:
    com.g4mesoft.hotkey.GSKeyManager keyManager -> keyManager
    16:16:void <init>() -> <init>
    22:24:void onMouseEvent(long,int,int,int,org.spongepowered.asm.mixin.injection.callback.CallbackInfo) -> a
    29:31:void onMouseEventHandled(long,int,int,int,org.spongepowered.asm.mixin.injection.callback.CallbackInfo) -> b
    34:36:com.g4mesoft.hotkey.GSKeyManager getKeyManager() -> a
com.g4mesoft.mixin.client.GSPistonBlockEntityMixin -> com.g4mesoft.mixin.client.GSPistonBlockEntityMixin:
    float PISTON_STEPS -> PISTON_STEPS
    float INCREMENTER -> INCREMENTER
    float actualProgress -> actualProgress
    net.minecraft.class_2350 field_12201 -> field_12201
    float field_12207 -> field_12207
    float field_12206 -> field_12206
    29:30:void <init>(net.minecraft.class_2591) -> <init>
    45:65:float getSmoothProgress(float) -> a
    70:70:float getSmoothRenderOffsetX(net.minecraft.class_2669,float) -> a
    75:75:float getSmoothRenderOffsetY(net.minecraft.class_2669,float) -> b
    80:80:float getSmoothRenderOffsetZ(net.minecraft.class_2669,float) -> c
    85:86:void onTagRead(net.minecraft.class_2487,org.spongepowered.asm.mixin.injection.callback.CallbackInfo) -> a
    90:91:void onTickProgressChanged(org.spongepowered.asm.mixin.injection.callback.CallbackInfo) -> d
    95:96:void onFinishProgressChanged(org.spongepowered.asm.mixin.injection.callback.CallbackInfo) -> e
    102:107:double method_11006() -> method_11006
com.g4mesoft.mixin.client.GSPistonBlockEntityRendererMixin -> com.g4mesoft.mixin.client.GSPistonBlockEntityRendererMixin:
    19:19:void <init>() -> <init>
    23:23:float getPistonProgress(net.minecraft.class_2669,float) -> d
    28:28:float fixShortArm(float) -> b
    35:35:float fixPistonBlink(float) -> c
    40:45:void onEnableCull() -> A
    52:53:void onRenderEnd(net.minecraft.class_2669,double,double,double,float,int,org.spongepowered.asm.mixin.injection.callback.CallbackInfo) -> a
com.g4mesoft.mixin.client.GSRenderTickCounterMixin -> com.g4mesoft.mixin.client.GSRenderTickCounterMixin:
    float field_1968 -> field_1968
    float field_1969 -> field_1969
    long field_1971 -> field_1971
    20:20:void <init>() -> <init>
    28:29:void onInit(float,long,org.spongepowered.asm.mixin.injection.callback.CallbackInfo) -> a
    34:40:void onModifyTickrate(long,org.spongepowered.asm.mixin.injection.callback.CallbackInfo) -> a
    44:45:void onBeginRenderTick(long,org.spongepowered.asm.mixin.injection.callback.CallbackInfo) -> b
    49:49:float getTimeScale() -> a
com.g4mesoft.mixin.client.GSSoundSystemMixin -> com.g4mesoft.mixin.client.GSSoundSystemMixin:
    java.util.Map field_18950 -> field_18950
    com.g4mesoft.module.tps.GSTpsModule tpsModule -> tpsModule
    29:29:void <init>() -> <init>
    37:42:void onInit(net.minecraft.class_1144,net.minecraft.class_315,net.minecraft.class_3300,org.spongepowered.asm.mixin.injection.callback.CallbackInfo) -> a
    50:54:float method_4849(net.minecraft.class_1113) -> method_4849
    58:62:void updatePitch() -> B
    66:67:void tpsChanged(float,float) -> a
    71:73:void onSettingChanged(com.g4mesoft.setting.GSSettingCategory,com.g4mesoft.setting.GSSetting) -> a
    60:60:void lambda$updatePitch$0(float,net.minecraft.class_4224) -> a
com.g4mesoft.mixin.server.GSClientConnectionMixin -> com.g4mesoft.mixin.server.GSClientConnectionMixin:
    14:14:void <init>() -> <init>
    19:20:void onExceptionCaught(io.netty.channel.ChannelHandlerContext,java.lang.Throwable,org.spongepowered.asm.mixin.injection.callback.CallbackInfo) -> a
com.g4mesoft.mixin.server.GSCommandManagerMixin -> com.g4mesoft.mixin.server.GSCommandManagerMixin:
    com.mojang.brigadier.CommandDispatcher field_9832 -> field_9832
    17:17:void <init>() -> <init>
    23:24:void registerCommands(boolean,org.spongepowered.asm.mixin.injection.callback.CallbackInfo) -> a
com.g4mesoft.mixin.server.GSCustomPayloadC2SPacketMixin -> com.g4mesoft.mixin.server.GSCustomPayloadC2SPacketMixin:
    net.minecraft.class_2960 field_12830 -> field_12830
    net.minecraft.class_2540 field_12832 -> field_12832
    14:14:void <init>() -> <init>
    21:21:net.minecraft.class_2960 getChannelGS() -> a
    26:26:net.minecraft.class_2540 getDataGS() -> a
com.g4mesoft.mixin.server.GSCustomPayloadS2CPacketMixin -> com.g4mesoft.mixin.server.GSCustomPayloadS2CPacketMixin:
    net.minecraft.class_2960 field_12165 -> field_12165
    net.minecraft.class_2540 field_12162 -> field_12162
    14:14:void <init>() -> <init>
    21:21:net.minecraft.class_2960 getChannelGS() -> a
    26:26:net.minecraft.class_2540 getDataGS() -> a
com.g4mesoft.mixin.server.GSMinecraftServerMixin -> com.g4mesoft.mixin.server.GSMinecraftServerMixin:
    float msAccum -> msAccum
    float msPerTick -> msPerTick
    boolean tpsChanged -> tpsChanged
    org.apache.logging.log4j.Logger field_4546 -> field_4546
    boolean field_4544 -> field_4544
    long field_4571 -> field_4571
    long field_4557 -> field_4557
    boolean field_4597 -> field_4597
    net.minecraft.class_3689 field_16258 -> field_16258
    boolean field_4547 -> field_4547
    boolean field_19249 -> field_19249
    long field_19248 -> field_19248
    24:27:void <init>() -> <init>
    void method_3748(java.util.function.BooleanSupplier) -> method_3748
    boolean method_3866() -> method_3866
    void method_16208() -> method_16208
    48:53:void tpsChanged(float,float) -> a
    56:57:void resetTimeReference() -> C
    65:68:void onInitialized(org.spongepowered.asm.mixin.injection.callback.CallbackInfo) -> f
    77:114:void onModifiedRunLoop(org.spongepowered.asm.mixin.injection.callback.CallbackInfo) -> g
    118:120:void onTick(java.util.function.BooleanSupplier,org.spongepowered.asm.mixin.injection.callback.CallbackInfo) -> a
    124:125:void onShutdown(org.spongepowered.asm.mixin.injection.callback.CallbackInfo) -> h
com.g4mesoft.mixin.server.GSPlayerManagerMixin -> com.g4mesoft.mixin.server.GSPlayerManagerMixin:
    19:19:void <init>() -> <init>
    net.minecraft.class_3222 method_14602(java.util.UUID) -> method_14602
    25:26:void onPlayerJoin(net.minecraft.class_2535,net.minecraft.class_3222,org.spongepowered.asm.mixin.injection.callback.CallbackInfo) -> a
    30:31:void onPlayerLeave(net.minecraft.class_3222,org.spongepowered.asm.mixin.injection.callback.CallbackInfo) -> a
    35:36:void onAddToOperators(com.mojang.authlib.GameProfile,org.spongepowered.asm.mixin.injection.callback.CallbackInfo) -> a
    40:41:void onRemoveFromOperators(com.mojang.authlib.GameProfile,org.spongepowered.asm.mixin.injection.callback.CallbackInfo) -> b
    47:50:void onPlayerPermissionChanged(com.mojang.authlib.GameProfile) -> a
com.g4mesoft.mixin.server.GSServerPlayNetworkHandlerMixin -> com.g4mesoft.mixin.server.GSServerPlayNetworkHandlerMixin:
    com.g4mesoft.core.GSVersion version -> version
    int translationVersion -> translationVersion
    net.minecraft.class_3222 field_14140 -> field_14140
    24:28:void <init>() -> <init>
    34:45:void onCustomPayload(net.minecraft.class_2817,org.spongepowered.asm.mixin.injection.callback.CallbackInfo) -> a
    49:50:void setG4mespeedVersion(com.g4mesoft.core.GSVersion) -> a
    54:54:com.g4mesoft.core.GSVersion getG4mespeedVersion() -> a
    59:60:void setTranslationVersion(int) -> a
    64:64:int getTranslationVersion() -> a
com.g4mesoft.mixin.server.GSServerWorldMixin -> com.g4mesoft.mixin.server.GSServerWorldMixin:
    12:12:void <init>() -> <init>
    16:16:double blockEventDistance(double) -> c
com.g4mesoft.mixin.server.GSTranslatableTextMixin -> com.g4mesoft.mixin.server.GSTranslatableTextMixin:
    long field_11871 -> field_11871
    java.lang.String field_11876 -> field_11876
    java.util.List field_11877 -> field_11877
    long lastTranslationVersion -> lastTranslationVersion
    21:27:void <init>() -> <init>
    void method_11024(java.lang.String) -> method_11024
    33:60:void onUpdateTranslations(org.spongepowered.asm.mixin.injection.callback.CallbackInfo) -> i
com.g4mesoft.module.tps.GSETpsHotkeyType -> core.S:
    com.g4mesoft.module.tps.GSETpsHotkeyType RESET_TPS -> a
    com.g4mesoft.module.tps.GSETpsHotkeyType INCREMENT_TPS -> b
    com.g4mesoft.module.tps.GSETpsHotkeyType DECREMENT_TPS -> c
    com.g4mesoft.module.tps.GSETpsHotkeyType DOUBLE_TPS -> d
    com.g4mesoft.module.tps.GSETpsHotkeyType HALVE_TPS -> e
    com.g4mesoft.module.tps.GSETpsHotkeyType[] HOTKEY_TYPES -> a
    int index -> aq
    com.g4mesoft.module.tps.GSETpsHotkeyType[] $VALUES -> b
    3:3:com.g4mesoft.module.tps.GSETpsHotkeyType[] values() -> values
    3:3:com.g4mesoft.module.tps.GSETpsHotkeyType valueOf(java.lang.String) -> valueOf
    26:28:void <init>(java.lang.String,int,int) -> <init>
    31:33:com.g4mesoft.module.tps.GSETpsHotkeyType fromIndex(int) -> a
    37:37:int getIndex() -> r
    3:22:void <clinit>() -> <clinit>
com.g4mesoft.module.tps.GSITpsDependant -> core.T:
    void tpsChanged(float,float) -> a
com.g4mesoft.module.tps.GSRenderTickCounterAdjuster -> core.U:
    float DEFAULT_MS_PER_TICK -> e
    float EXTRA_SERVER_SYNC_DELAY -> f
    float MIN_SERVER_SYNC_DELAY -> g
    float SYNC_DELAY_EASING_FACTOR -> h
    com.g4mesoft.module.tps.GSRenderTickCounterAdjuster INSTANCE -> a
    boolean initialized -> p
    float msPerTick -> msPerTick
    java.lang.Object serverSyncLock -> a
    float approximatedServerTickDelta -> i
    boolean serverSyncReceived -> q
    long serverLast -> c
    int serverTicksSinceLastSync -> ar
    int serverSyncInterval -> as
    long clientLast -> d
    float serverSyncDelay -> j
    boolean tickAfterServer -> r
    com.g4mesoft.module.tps.GSTpsModule tpsModule -> tpsModule
    22:40:void <init>() -> <init>
    43:61:void init(float,long) -> a
    68:68:float getAdjustedMsPerTick(net.minecraft.class_317) -> a
    72:82:void performSynchronization(net.minecraft.class_317,long) -> a
    86:100:void updateServerClock(net.minecraft.class_317,long) -> b
    103:108:void updateSyncDelay(net.minecraft.class_317,long) -> c
    111:120:boolean shouldAdjustTickDelta() -> r
    124:157:void adjustTickDelta(net.minecraft.class_317) -> a
    161:162:void tpsChanged(float,float) -> a
    165:172:void onServerTickSync(int) -> e
    175:175:com.g4mesoft.module.tps.GSRenderTickCounterAdjuster getInstance() -> a
    20:20:void <clinit>() -> <clinit>
com.g4mesoft.module.tps.GSServerSyncPacket -> core.V:
    int packetInterval -> at
    18:19:void <init>() -> <init>
    21:23:void <init>(int) -> <init>
    27:28:void read(net.minecraft.class_2540) -> b
    32:33:void write(net.minecraft.class_2540) -> a
    37:37:void handleOnServer(com.g4mesoft.core.server.GSControllerServer,net.minecraft.class_3222) -> a
    42:43:void handleOnClient(com.g4mesoft.core.client.GSControllerClient) -> a
    47:47:boolean shouldForceMainThread() -> s
com.g4mesoft.module.tps.GSTpsChangePacket -> core.W:
    float requestedTps -> k
    18:19:void <init>() -> <init>
    21:23:void <init>(float) -> <init>
    27:28:void read(net.minecraft.class_2540) -> b
    32:33:void write(net.minecraft.class_2540) -> a
    37:40:void handleOnServer(com.g4mesoft.core.server.GSControllerServer,net.minecraft.class_3222) -> a
    45:46:void handleOnClient(com.g4mesoft.core.client.GSControllerClient) -> a
com.g4mesoft.module.tps.GSTpsCommand -> core.X:
    java.text.DecimalFormat TPS_FORMAT -> b
    16:16:void <init>() -> <init>
    21:32:void registerCommand(com.mojang.brigadier.CommandDispatcher) -> c
    35:57:int informCurrentTps(net.minecraft.class_2168) -> b
    61:63:java.lang.String formatSign(int) -> b
    67:69:int setCurrentTps(net.minecraft.class_2168,float) -> a
    28:28:int lambda$registerCommand$2(com.mojang.brigadier.context.CommandContext) -> b
    25:25:int lambda$registerCommand$1(com.mojang.brigadier.context.CommandContext) -> c
    22:22:boolean lambda$registerCommand$0(net.minecraft.class_2168) -> a
    18:18:void <clinit>() -> <clinit>
com.g4mesoft.module.tps.GSTpsHotkeyPacket -> core.Y:
    com.g4mesoft.module.tps.GSETpsHotkeyType type -> f
    boolean sneaking -> s
    19:20:void <init>() -> <init>
    22:25:void <init>(com.g4mesoft.module.tps.GSETpsHotkeyType,boolean) -> <init>
    29:31:void read(net.minecraft.class_2540) -> b
    35:37:void write(net.minecraft.class_2540) -> a
    41:44:void handleOnServer(com.g4mesoft.core.server.GSControllerServer,net.minecraft.class_3222) -> a
    49:50:void handleOnClient(com.g4mesoft.core.client.GSControllerClient) -> a
com.g4mesoft.module.tps.GSTpsModule -> core.Z:
    float DEFAULT_TPS -> l
    float MIN_TPS -> m
    float MAX_TPS -> n
    float MS_PER_SEC -> o
    float TPS_INCREMENT_INTERVAL -> p
    float TONE_MULTIPLIER -> q
    com.g4mesoft.core.GSVersion TPS_INTRODUCTION_VERSION -> e
    com.g4mesoft.setting.GSSettingCategory TPS_CATEGORY -> b
    com.g4mesoft.setting.GSSettingCategory BETTER_PISTONS_CATEGORY -> c
    java.lang.String KEY_CATEGORY -> F
    int PISTON_ANIM_PAUSE_END -> au
    int PISTON_ANIM_PAUSE_BEGINNING -> av
    int PISTON_ANIM_NO_PAUSE -> aw
    int AUTOMATIC_PISTON_RENDER_DISTANCE -> ax
    float tps -> r
    java.util.List listeners -> l
    int serverSyncTimer -> ay
    com.g4mesoft.core.GSIModuleManager manager -> a
    com.g4mesoft.setting.types.GSBooleanSetting cShiftPitch -> a
    com.g4mesoft.setting.types.GSBooleanSetting cSyncTick -> b
    com.g4mesoft.setting.types.GSFloatSetting cSyncTickAggression -> a
    com.g4mesoft.setting.types.GSBooleanSetting cForceCarpetTickrate -> c
    com.g4mesoft.setting.types.GSIntegerSetting sSyncPacketInterval -> a
    com.g4mesoft.setting.types.GSBooleanSetting cDisableHotkeyControls -> d
    com.g4mesoft.setting.types.GSBooleanSetting cCullMovingBlocks -> e
    com.g4mesoft.setting.types.GSIntegerSetting cPistonAnimationType -> b
    com.g4mesoft.setting.types.GSIntegerSetting cPistonRenderDistance -> c
    com.g4mesoft.setting.types.GSIntegerSetting sBlockEventDistance -> d
    76:95:void <init>() -> <init>
    99:102:void init(com.g4mesoft.core.GSIModuleManager) -> a
    106:113:void onClose() -> d
    117:131:void registerClientSettings(com.g4mesoft.setting.GSSettingManager) -> a
    135:149:void registerHotkeys(com.g4mesoft.hotkey.GSKeyManager) -> a
    153:155:void registerServerSettings(com.g4mesoft.setting.GSSettingManager) -> b
    159:160:void registerCommands(com.mojang.brigadier.CommandDispatcher) -> a
    164:182:void tick() -> tick
    185:202:void onHotkey(com.g4mesoft.module.tps.GSETpsHotkeyType) -> a
    205:269:void performHotkeyAction(com.g4mesoft.module.tps.GSETpsHotkeyType,boolean) -> a
    273:274:void onDisconnectServer() -> e
    278:280:void onG4mespeedClientJoin(net.minecraft.class_3222,com.g4mesoft.core.GSVersion) -> a
    283:287:void addTpsListener(com.g4mesoft.module.tps.GSITpsDependant) -> a
    290:293:void removeTpsListener(com.g4mesoft.module.tps.GSITpsDependant) -> b
    296:299:void clearTpsListeners() -> D
    302:303:void resetTps() -> E
    306:330:void setTps(float) -> c
    333:333:boolean isPlayerAllowedTpsChange(net.minecraft.class_3222) -> b
    338:340:void onSettingChanged(com.g4mesoft.setting.GSSettingCategory,com.g4mesoft.setting.GSSetting) -> a
    344:345:void onCarpetTickrateChanged(float) -> b
    348:348:float getMsPerTick() -> c
    352:352:float getTps() -> d
    318:324:void lambda$setTps$3(com.g4mesoft.core.server.GSIModuleManagerServer) -> a
    279:279:void lambda$onG4mespeedClientJoin$2(net.minecraft.class_3222,com.g4mesoft.core.server.GSIModuleManagerServer) -> a
    187:200:void lambda$onHotkey$1(com.g4mesoft.module.tps.GSETpsHotkeyType,com.g4mesoft.core.client.GSIModuleManagerClient) -> a
    165:172:void lambda$tick$0(com.g4mesoft.core.server.GSIModuleManagerServer) -> b
    42:47:void <clinit>() -> <clinit>
com.g4mesoft.module.tps.GSTpsModule$1 -> core.aa:
    int[] $SwitchMap$com$g4mesoft$module$tps$GSETpsHotkeyType -> b
    238:238:void <clinit>() -> <clinit>
com.g4mesoft.module.translation.GSTranslationCache -> core.ab:
    int cacheVersion -> az
    java.util.Map translations -> e
    12:15:void <init>(int,java.util.Map) -> <init>
    18:19:void getAllTranslations(java.util.Map) -> a
    22:22:int getCacheVersion() -> s
    26:28:com.g4mesoft.module.translation.GSTranslationCache merge(com.g4mesoft.module.translation.GSTranslationCache) -> a
    32:32:java.util.Map getTranslationMap() -> a
com.g4mesoft.module.translation.GSTranslationCachePacket -> core.ac:
    com.g4mesoft.module.translation.GSTranslationCache cache -> a
    20:21:void <init>() -> <init>
    23:25:void <init>(com.g4mesoft.module.translation.GSTranslationCache) -> <init>
    29:41:void read(net.minecraft.class_2540) -> b
    45:53:void write(net.minecraft.class_2540) -> a
    57:57:void handleOnServer(com.g4mesoft.core.server.GSControllerServer,net.minecraft.class_3222) -> a
    62:63:void handleOnClient(com.g4mesoft.core.client.GSControllerClient) -> a
    67:67:boolean shouldForceMainThread() -> s
com.g4mesoft.module.translation.GSTranslationModule -> core.ad:
    com.g4mesoft.core.GSVersion TRANSLATION_INTRODUCTION_VERSION -> f
    java.lang.String TRANSLATION_FILENAME -> G
    int INVALID_TRANSLATION_VERSION -> aA
    long MAX_CACHE_LIFE_HOURS -> e
    java.util.Map translations -> e
    java.util.Map caches -> f
    com.g4mesoft.core.GSIModuleManager manager -> a
    int cachedTranslationVersion -> aB
    long cacheSaveTime -> f
    48:53:void <init>() -> <init>
    57:77:void init(com.g4mesoft.core.GSIModuleManager) -> a
    81:98:void onClose() -> d
    102:103:void onJoinG4mespeedServer(com.g4mesoft.core.GSVersion) -> b
    108:128:void onTranslationVersionReceived(net.minecraft.class_3222,int) -> a
    131:157:void loadCachedTranslations(java.io.InputStream) -> a
    160:163:void loadTranslations(java.io.InputStream) -> b
    166:201:void loadTranslations(java.io.BufferedReader) -> a
    204:230:void saveTranslations(java.io.OutputStream) -> a
    233:233:java.io.File getCachedFile(com.g4mesoft.core.GSIModuleManager) -> a
    237:247:void addTranslationCache(com.g4mesoft.module.translation.GSTranslationCache) -> a
    250:251:java.lang.String getTranslation(java.lang.String) -> a
    255:256:java.lang.String getFormattedTranslation(java.lang.String,java.lang.Object[]) -> a
    260:260:boolean hasTranslation(java.lang.String) -> b
    264:264:long getCachedTranslationVersion() -> a
    115:126:void lambda$onTranslationVersionReceived$4(int,net.minecraft.class_3222,com.g4mesoft.core.server.GSIModuleManagerServer) -> a
    116:116:int lambda$null$3(com.g4mesoft.module.translation.GSTranslationCache,com.g4mesoft.module.translation.GSTranslationCache) -> a
    102:102:void lambda$onJoinG4mespeedServer$2(com.g4mesoft.core.client.GSIModuleManagerClient) -> a
    83:97:void lambda$onClose$1(com.g4mesoft.core.client.GSIModuleManagerClient) -> b
    60:67:void lambda$init$0(com.g4mesoft.core.GSIModuleManager,com.g4mesoft.core.client.GSIModuleManagerClient) -> a
    33:33:void <clinit>() -> <clinit>
com.g4mesoft.module.translation.GSTranslationVersionPacket -> core.ae:
    int translationVersion -> translationVersion
    18:19:void <init>() -> <init>
    21:23:void <init>(int) -> <init>
    27:28:void read(net.minecraft.class_2540) -> b
    32:33:void write(net.minecraft.class_2540) -> a
    37:38:void handleOnServer(com.g4mesoft.core.server.GSControllerServer,net.minecraft.class_3222) -> a
    43:43:void handleOnClient(com.g4mesoft.core.client.GSControllerClient) -> a
com.g4mesoft.packet.GSICustomPayloadHolder -> core.af:
    net.minecraft.class_2960 getChannelGS() -> a
    net.minecraft.class_2540 getDataGS() -> a
com.g4mesoft.packet.GSIPacket -> core.ag:
    void read(net.minecraft.class_2540) -> b
    19:20:void read(net.minecraft.class_2540,com.g4mesoft.core.GSVersion) -> a
    void write(net.minecraft.class_2540) -> a
    void handleOnServer(com.g4mesoft.core.server.GSControllerServer,net.minecraft.class_3222) -> a
    void handleOnClient(com.g4mesoft.core.client.GSControllerClient) -> a
    30:30:boolean shouldForceMainThread() -> s
com.g4mesoft.packet.GSPacketManager -> core.ah:
    net.minecraft.class_2960 GS_IDENTIFIER -> b
    com.g4mesoft.packet.GSPacketRegistry registry -> a
    32:47:void <init>() -> <init>
    50:63:net.minecraft.class_2596 encodePacket(com.g4mesoft.packet.GSIPacket,com.g4mesoft.core.GSController) -> a
    67:98:com.g4mesoft.packet.GSIPacket decodePacket(com.g4mesoft.packet.GSICustomPayloadHolder,com.g4mesoft.core.GSVersion,net.minecraft.class_2547,net.minecraft.class_1255) -> a
    27:27:void <clinit>() -> <clinit>
com.g4mesoft.packet.GSPacketRegistry -> core.ai:
    java.lang.Class[] packets -> a
    java.util.Map packetToIndex -> g
    11:17:void <init>(java.lang.Class[]) -> <init>
    20:20:int getPacketIndex(com.g4mesoft.packet.GSIPacket) -> a
    24:25:int getPacketIndex(java.lang.Class) -> a
    29:31:java.lang.Class getPacketClass(int) -> a
com.g4mesoft.setting.GSISettingChangeListener -> core.aj:
    5:5:void onSettingChanged(com.g4mesoft.setting.GSSettingCategory,com.g4mesoft.setting.GSSetting) -> a
    7:7:void onSettingAdded(com.g4mesoft.setting.GSSettingCategory,com.g4mesoft.setting.GSSetting) -> b
    9:9:void onSettingRemoved(com.g4mesoft.setting.GSSettingCategory,com.g4mesoft.setting.GSSetting) -> c
com.g4mesoft.setting.GSRemoteSettingManager -> core.ak:
    com.g4mesoft.core.client.GSControllerClient controllerClient -> b
    java.util.Map shadowSettings -> h
    boolean remoteSettingChanging -> t
    boolean allowedSettingChange -> u
    18:25:void <init>(com.g4mesoft.core.client.GSControllerClient) -> <init>
    29:30:void registerSetting(com.g4mesoft.setting.GSSettingCategory,com.g4mesoft.setting.GSSetting) -> e
    33:42:void registerShadowSetting(com.g4mesoft.setting.GSSettingCategory,com.g4mesoft.setting.GSSetting) -> f
    45:46:com.g4mesoft.setting.GSSetting getShadowSetting(com.g4mesoft.setting.GSSettingCategory,java.lang.String) -> a
    50:53:void updateShadowValue(com.g4mesoft.setting.GSSettingCategory,com.g4mesoft.setting.GSSetting) -> g
    57:63:void settingChanged(com.g4mesoft.setting.GSSettingCategory,com.g4mesoft.setting.GSSetting) -> h
    67:70:void settingAdded(com.g4mesoft.setting.GSSettingCategory,com.g4mesoft.setting.GSSetting) -> i
    74:79:void settingRemoved(com.g4mesoft.setting.GSSettingCategory,com.g4mesoft.setting.GSSetting) -> j
    82:87:void onRemoteSettingMapReceived(com.g4mesoft.setting.GSSettingMap) -> a
    90:97:void onRemoteSettingChanged(com.g4mesoft.setting.GSSettingCategory,com.g4mesoft.setting.GSSetting) -> k
    100:101:void onRemoteSettingAdded(com.g4mesoft.setting.GSSettingCategory,com.g4mesoft.setting.GSSetting) -> l
    104:105:void onRemoteSettingRemoved(com.g4mesoft.setting.GSSettingCategory,com.g4mesoft.setting.GSSetting) -> m
    108:116:void setAllowedSettingChange(boolean) -> e
    119:119:boolean isAllowedSettingChange() -> t
com.g4mesoft.setting.GSServerSettingMapPacket -> core.al:
    com.g4mesoft.core.GSVersion DISABLE_SETTING_INTRODUCTION -> g
    com.g4mesoft.setting.GSSettingMap settingMap -> a
    19:20:void <init>() -> <init>
    22:24:void <init>(com.g4mesoft.setting.GSSettingMap) -> <init>
    28:30:void read(net.minecraft.class_2540) -> b
    34:36:void write(net.minecraft.class_2540) -> a
    40:40:void handleOnServer(com.g4mesoft.core.server.GSControllerServer,net.minecraft.class_3222) -> a
    44:45:void handleOnClient(com.g4mesoft.core.client.GSControllerClient) -> a
    15:15:void <clinit>() -> <clinit>
com.g4mesoft.setting.GSSetting -> core.am:
    java.lang.String name -> D
    java.lang.Object defaultValue -> b
    boolean visibleInGui -> v
    com.g4mesoft.setting.GSSettingMap settingOwner -> b
    boolean active -> w
    boolean enabledInGui -> x
    14:23:void <init>(java.lang.String,java.lang.Object,boolean) -> <init>
    26:26:java.lang.String getName() -> h
    30:33:void setSettingOwner(com.g4mesoft.setting.GSSettingMap) -> b
    36:38:void notifyOwnerChange() -> F
    java.lang.Object getValue() -> a
    com.g4mesoft.setting.GSSetting setValue(java.lang.Object) -> a
    boolean isDefaultValue() -> u
    boolean isSameType(com.g4mesoft.setting.GSSetting) -> a
    com.g4mesoft.setting.GSSetting copySetting() -> a
    51:52:void reset() -> g
    56:58:void setValueIfSameType(com.g4mesoft.setting.GSSetting) -> d
    61:61:java.lang.Object getDefaultValue() -> b
    65:66:void setActive(boolean) -> f
    69:69:boolean isActive() -> v
    73:73:boolean isVisibleInGUI() -> w
    77:81:com.g4mesoft.setting.GSSetting setEnabledInGui(boolean) -> a
    85:85:boolean isEnabledInGui() -> x
com.g4mesoft.setting.GSSettingCategory -> core.an:
    java.lang.String name -> D
    9:11:void <init>(java.lang.String) -> <init>
    14:14:java.lang.String getName() -> h
    19:19:int hashCode() -> hashCode
    24:26:boolean equals(java.lang.Object) -> equals
    30:30:com.g4mesoft.setting.GSSettingCategory read(net.minecraft.class_2540) -> a
    34:35:void write(net.minecraft.class_2540) -> a
com.g4mesoft.setting.GSSettingChangePacket -> core.ao:
    com.g4mesoft.core.GSVersion DISABLE_SETTING_INTRODUCTION -> g
    com.g4mesoft.setting.GSSettingCategory category -> a
    com.g4mesoft.setting.GSSetting setting -> a
    com.g4mesoft.setting.GSSettingChangePacket$GSESettingChangeType type -> a
    22:23:void <init>() -> <init>
    25:29:void <init>(com.g4mesoft.setting.GSSettingCategory,com.g4mesoft.setting.GSSetting,com.g4mesoft.setting.GSSettingChangePacket$GSESettingChangeType) -> <init>
    33:42:void read(net.minecraft.class_2540) -> b
    48:58:void write(net.minecraft.class_2540) -> a
    62:70:void handleOnServer(com.g4mesoft.core.server.GSControllerServer,net.minecraft.class_3222) -> a
    74:87:void handleOnClient(com.g4mesoft.core.client.GSControllerClient) -> a
    16:16:void <clinit>() -> <clinit>
com.g4mesoft.setting.GSSettingChangePacket$1 -> core.ap:
    int[] $SwitchMap$com$g4mesoft$setting$GSSettingChangePacket$GSESettingChangeType -> c
    76:76:void <clinit>() -> <clinit>
com.g4mesoft.setting.GSSettingChangePacket$GSESettingChangeType -> core.aq:
    com.g4mesoft.setting.GSSettingChangePacket$GSESettingChangeType SETTING_CHANGED -> b
    com.g4mesoft.setting.GSSettingChangePacket$GSESettingChangeType SETTING_ADDED -> c
    com.g4mesoft.setting.GSSettingChangePacket$GSESettingChangeType SETTING_REMOVED -> d
    int index -> aq
    com.g4mesoft.setting.GSSettingChangePacket$GSESettingChangeType[] $VALUES -> a
    89:89:com.g4mesoft.setting.GSSettingChangePacket$GSESettingChangeType[] values() -> values
    89:89:com.g4mesoft.setting.GSSettingChangePacket$GSESettingChangeType valueOf(java.lang.String) -> valueOf
    96:98:void <init>(java.lang.String,int,int) -> <init>
    101:110:com.g4mesoft.setting.GSSettingChangePacket$GSESettingChangeType fromIndex(int) -> a
    114:114:int getIndex() -> r
    89:92:void <clinit>() -> <clinit>
com.g4mesoft.setting.GSSettingManager -> core.ar:
    java.lang.String UNKNOWN_SETTING_TYPE -> H
    byte CATEGORY_ENTRY_CODE -> a
    java.util.Map settings -> i
    java.util.List listeners -> l
    java.util.Map typeToDecoder -> j
    java.util.Map clazzToDecoder -> k
    52:55:void <init>() -> <init>
    58:62:void registerDefaultParsers() -> G
    65:81:void registerSettingDecoder(com.g4mesoft.setting.decoder.GSISettingDecoder) -> a
    84:89:com.g4mesoft.setting.decoder.GSISettingDecoder getSettingDecoder(java.lang.String) -> a
    94:99:com.g4mesoft.setting.decoder.GSISettingDecoder getSettingDecoder(java.lang.Class) -> a
    103:107:void loadSettings(java.io.File) -> c
    111:118:void saveSettings(java.io.File) -> d
    121:125:void readSettings(java.io.FileInputStream) -> a
    128:136:void writeSettings(java.io.FileOutputStream) -> a
    139:155:void readSettings(net.minecraft.class_2540) -> c
    158:168:void writeSettings(net.minecraft.class_2540) -> d
    171:172:com.g4mesoft.setting.GSSetting getSetting(com.g4mesoft.setting.GSSettingCategory,java.lang.String) -> b
    176:183:void registerSetting(com.g4mesoft.setting.GSSettingCategory,com.g4mesoft.setting.GSSetting) -> e
    186:189:void removeSetting(com.g4mesoft.setting.GSSettingCategory,java.lang.String) -> a
    192:192:java.util.Collection getSettings() -> a
    196:196:boolean hasCategory(com.g4mesoft.setting.GSSettingCategory) -> a
    200:203:void clearSettings() -> H
    206:208:void settingChanged(com.g4mesoft.setting.GSSettingCategory,com.g4mesoft.setting.GSSetting) -> h
    211:213:void settingAdded(com.g4mesoft.setting.GSSettingCategory,com.g4mesoft.setting.GSSetting) -> i
    216:218:void settingRemoved(com.g4mesoft.setting.GSSettingCategory,com.g4mesoft.setting.GSSetting) -> j
    221:222:void addChangeListener(com.g4mesoft.setting.GSISettingChangeListener) -> a
    225:226:void removeChangeListener(com.g4mesoft.setting.GSISettingChangeListener) -> b
    42:50:void <clinit>() -> <clinit>
com.g4mesoft.setting.GSSettingMap -> core.as:
    com.g4mesoft.setting.GSSettingCategory category -> a
    java.util.Map settings -> i
    com.g4mesoft.setting.GSSettingManager owner -> b
    26:31:void <init>(com.g4mesoft.setting.GSSettingCategory,com.g4mesoft.setting.GSSettingManager) -> <init>
    34:34:com.g4mesoft.setting.GSSetting getSetting(java.lang.String) -> a
    38:57:void registerSetting(com.g4mesoft.setting.GSSetting) -> e
    60:66:void clearSettings() -> H
    69:72:com.g4mesoft.setting.GSSetting removeSetting(java.lang.String) -> b
    76:76:java.util.Collection getSettings() -> a
    80:82:void settingChanged(com.g4mesoft.setting.GSSetting) -> f
    85:85:com.g4mesoft.setting.GSSettingCategory getCategory() -> a
    89:133:void readSettings(net.minecraft.class_2540) -> c
    136:137:void writeSettings(net.minecraft.class_2540) -> d
    141:177:void writeSettings(net.minecraft.class_2540,java.util.function.Predicate) -> a
com.g4mesoft.setting.GSSettingPermissionPacket -> core.at:
    boolean allowedSettingChange -> u
    16:17:void <init>() -> <init>
    19:21:void <init>(boolean) -> <init>
    25:26:void read(net.minecraft.class_2540) -> b
    30:31:void write(net.minecraft.class_2540) -> a
    35:35:void handleOnServer(com.g4mesoft.core.server.GSControllerServer,net.minecraft.class_3222) -> a
    39:40:void handleOnClient(com.g4mesoft.core.client.GSControllerClient) -> a
com.g4mesoft.setting.decoder.GSBooleanSettingDecoder -> core.au:
    java.lang.String BOOLEAN_TYPE_STRING -> I
    7:7:void <init>() -> <init>
    13:17:com.g4mesoft.setting.types.GSBooleanSetting decodeSetting(java.lang.String,net.minecraft.class_2540) -> a
    22:25:void encodeSetting(net.minecraft.class_2540,com.g4mesoft.setting.types.GSBooleanSetting) -> a
    29:29:java.lang.String getTypeString() -> j
    34:34:java.lang.Class getSettingClass() -> a
    7:7:void encodeSetting(net.minecraft.class_2540,com.g4mesoft.setting.GSSetting) -> a
    7:7:com.g4mesoft.setting.GSSetting decodeSetting(java.lang.String,net.minecraft.class_2540) -> a
com.g4mesoft.setting.decoder.GSFloatSettingDecoder -> core.av:
    java.lang.String FLOAT_TYPE_STRING -> J
    7:7:void <init>() -> <init>
    13:20:com.g4mesoft.setting.types.GSFloatSetting decodeSetting(java.lang.String,net.minecraft.class_2540) -> a
    25:31:void encodeSetting(net.minecraft.class_2540,com.g4mesoft.setting.types.GSFloatSetting) -> a
    35:35:java.lang.String getTypeString() -> j
    40:40:java.lang.Class getSettingClass() -> a
    7:7:void encodeSetting(net.minecraft.class_2540,com.g4mesoft.setting.GSSetting) -> a
    7:7:com.g4mesoft.setting.GSSetting decodeSetting(java.lang.String,net.minecraft.class_2540) -> a
com.g4mesoft.setting.decoder.GSISettingDecoder -> core.aw:
    com.g4mesoft.setting.GSSetting decodeSetting(java.lang.String,net.minecraft.class_2540) -> a
    void encodeSetting(net.minecraft.class_2540,com.g4mesoft.setting.GSSetting) -> a
    java.lang.String getTypeString() -> j
    java.lang.Class getSettingClass() -> a
com.g4mesoft.setting.decoder.GSIntegerSettingDecoder -> core.ax:
    java.lang.String INTEGER_TYPE_STRING -> K
    7:7:void <init>() -> <init>
    13:20:com.g4mesoft.setting.types.GSIntegerSetting decodeSetting(java.lang.String,net.minecraft.class_2540) -> a
    25:31:void encodeSetting(net.minecraft.class_2540,com.g4mesoft.setting.types.GSIntegerSetting) -> a
    35:35:java.lang.String getTypeString() -> j
    40:40:java.lang.Class getSettingClass() -> a
    7:7:void encodeSetting(net.minecraft.class_2540,com.g4mesoft.setting.GSSetting) -> a
    7:7:com.g4mesoft.setting.GSSetting decodeSetting(java.lang.String,net.minecraft.class_2540) -> a
com.g4mesoft.setting.decoder.GSStringSettingDecoder -> core.ay:
    java.lang.String STRING_TYPE_STRING -> L
    7:7:void <init>() -> <init>
    13:17:com.g4mesoft.setting.types.GSStringSetting decodeSetting(java.lang.String,net.minecraft.class_2540) -> a
    22:25:void encodeSetting(net.minecraft.class_2540,com.g4mesoft.setting.types.GSStringSetting) -> a
    29:29:java.lang.String getTypeString() -> j
    34:34:java.lang.Class getSettingClass() -> a
    7:7:void encodeSetting(net.minecraft.class_2540,com.g4mesoft.setting.GSSetting) -> a
    7:7:com.g4mesoft.setting.GSSetting decodeSetting(java.lang.String,net.minecraft.class_2540) -> a
com.g4mesoft.setting.types.GSBooleanSetting -> core.az:
    boolean value -> k
    10:11:void <init>(java.lang.String,boolean) -> <init>
    14:17:void <init>(java.lang.String,boolean,boolean) -> <init>
    21:21:java.lang.Boolean getValue() -> a
    26:32:com.g4mesoft.setting.types.GSBooleanSetting setValue(java.lang.Boolean) -> a
    37:37:boolean isDefaultValue() -> u
    42:42:boolean isSameType(com.g4mesoft.setting.GSSetting) -> a
    47:47:com.g4mesoft.setting.GSSetting copySetting() -> a
    5:5:com.g4mesoft.setting.GSSetting setValue(java.lang.Object) -> a
    5:5:java.lang.Object getValue() -> a
com.g4mesoft.setting.types.GSFloatSetting -> core.aA:
    float value -> s
    float minValue -> t
    float interval -> u
    float maxValue -> v
    15:16:void <init>(java.lang.String,float) -> <init>
    19:20:void <init>(java.lang.String,float,boolean) -> <init>
    23:24:void <init>(java.lang.String,float,float,float) -> <init>
    27:28:void <init>(java.lang.String,float,float,float,boolean) -> <init>
    31:32:void <init>(java.lang.String,float,float,float,float) -> <init>
    35:42:void <init>(java.lang.String,float,float,float,float,boolean) -> <init>
    46:46:java.lang.Float getValue() -> a
    51:57:com.g4mesoft.setting.types.GSFloatSetting setValue(java.lang.Float) -> a
    61:69:float adjustValue(float) -> d
    74:74:boolean isDefaultValue() -> u
    79:79:boolean isSameType(com.g4mesoft.setting.GSSetting) -> a
    83:83:float getMinValue() -> e
    87:87:float getInterval() -> f
    91:91:float getMaxValue() -> g
    96:96:com.g4mesoft.setting.GSSetting copySetting() -> a
    6:6:com.g4mesoft.setting.GSSetting setValue(java.lang.Object) -> a
    6:6:java.lang.Object getValue() -> a
com.g4mesoft.setting.types.GSIntegerSetting -> core.aB:
    int value -> aC
    int minValue -> aD
    int maxValue -> aE
    int interval -> aF
    15:16:void <init>(java.lang.String,int) -> <init>
    19:20:void <init>(java.lang.String,int,boolean) -> <init>
    23:24:void <init>(java.lang.String,int,int,int) -> <init>
    27:28:void <init>(java.lang.String,int,int,int,boolean) -> <init>
    31:32:void <init>(java.lang.String,int,int,int,int) -> <init>
    35:42:void <init>(java.lang.String,int,int,int,int,boolean) -> <init>
    46:46:java.lang.Integer getValue() -> a
    51:57:com.g4mesoft.setting.types.GSIntegerSetting setValue(java.lang.Integer) -> a
    61:69:int adjustValue(int) -> c
    74:74:boolean isDefaultValue() -> u
    79:79:boolean isSameType(com.g4mesoft.setting.GSSetting) -> a
    83:83:int getMinValue() -> t
    87:87:int getMaxValue() -> u
    91:91:int getInterval() -> v
    96:96:com.g4mesoft.setting.GSSetting copySetting() -> a
    6:6:com.g4mesoft.setting.GSSetting setValue(java.lang.Object) -> a
    6:6:java.lang.Object getValue() -> a
com.g4mesoft.setting.types.GSStringSetting -> core.aC:
    java.lang.String value -> M
    12:13:void <init>(java.lang.String,java.lang.String) -> <init>
    16:19:void <init>(java.lang.String,java.lang.String,boolean) -> <init>
    23:23:java.lang.String getValue() -> k
    28:33:com.g4mesoft.setting.types.GSStringSetting setValue(java.lang.String) -> a
    38:38:boolean isDefaultValue() -> u
    43:43:boolean isSameType(com.g4mesoft.setting.GSSetting) -> a
    48:48:com.g4mesoft.setting.GSSetting copySetting() -> a
    7:7:com.g4mesoft.setting.GSSetting setValue(java.lang.Object) -> a
    7:7:java.lang.Object getValue() -> a
com.g4mesoft.setting.types.GSUnknownSetting -> core.aD:
    java.lang.String type -> N
    byte[] data -> a
    11:15:void <init>(java.lang.String,java.lang.String,byte[]) -> <init>
    19:19:java.lang.Object getValue() -> a
    24:24:com.g4mesoft.setting.types.GSUnknownSetting setValue(java.lang.Object) -> a
    29:29:boolean isDefaultValue() -> u
    34:34:boolean isSameType(com.g4mesoft.setting.GSSetting) -> a
    38:38:java.lang.String getType() -> l
    42:42:byte[] getData() -> a
    47:47:com.g4mesoft.setting.GSSetting copySetting() -> a
    5:5:com.g4mesoft.setting.GSSetting setValue(java.lang.Object) -> a
com.g4mesoft.util.GSFileUtils -> core.aE:
    6:6:void <init>() -> <init>
    9:11:void ensureDirectoryExists(java.io.File) -> e
    14:18:void ensureFileExists(java.io.File) -> f
com.g4mesoft.util.GSMathUtils -> core.aF:
    3:3:void <init>() -> <init>
    6:6:int clamp(int,int,int) -> c
    10:10:long clamp(long,long,long) -> a
    14:14:float clamp(float,float,float) -> a
    18:18:double clamp(double,double,double) -> a
    22:22:boolean equalsApproximate(float,float) -> a
    26:26:boolean equalsApproximate(float,float,float) -> a
    30:30:boolean equalsApproximate(double,double) -> b
    34:34:boolean equalsApproximate(double,double,double) -> b
