com.g4mesoft.G4mespeedMod -> com.g4mesoft.G4mespeedMod:
    java.lang.String CORE_MOD_NAME -> a
    com.g4mesoft.core.GSVersion GS_CORE_VERSION -> a
    com.g4mesoft.core.GSVersion GS_EXTENSIONS_VERSION -> b
    com.g4mesoft.GSExtensionUID CORE_EXTENSION_UID -> a
    com.g4mesoft.GSExtensionUID INVALID_EXTENSION_UID -> b
    org.apache.logging.log4j.Logger GS_LOGGER -> a
    com.g4mesoft.G4mespeedMod instance -> a
    boolean initialized -> g
    com.g4mesoft.packet.GSPacketManager packetManager -> a
    com.g4mesoft.core.compat.GSCarpetCompat carpetCompat -> a
    com.g4mesoft.core.GSCoreExtension coreExtension -> a
    java.util.List extensions -> a
    java.util.Map idToExtension -> a
    java.util.List extensionListeners -> b
    com.g4mesoft.GSExtensionUID[] extensionUidCache -> a
    54:55:void <init>() -> <init>
    60:77:void onInitialize() -> onInitialize
    80:96:void addExtension(com.g4mesoft.GSIExtension) -> a
    99:99:java.util.List getExtensions() -> a
    103:106:void addExtensionListener(com.g4mesoft.GSIExtensionListener) -> a
    109:112:void removeExtensionListener(com.g4mesoft.GSIExtensionListener) -> b
    115:124:com.g4mesoft.GSExtensionUID[] getExtensionUids() -> a
    128:132:void dispatchExtensionAddedEvent(com.g4mesoft.GSIExtension) -> b
    135:135:com.g4mesoft.packet.GSPacketManager getPacketManager() -> a
    139:139:com.g4mesoft.core.compat.GSCarpetCompat getCarpetCompat() -> a
    143:143:com.g4mesoft.core.GSCoreExtension getCoreExtension() -> a
    147:147:com.g4mesoft.G4mespeedMod getInstance() -> a
    23:52:void <clinit>() -> <clinit>
com.g4mesoft.GSExtensionUID -> core.a:
    int value -> a
    11:13:void <init>(int) -> <init>
    16:16:int getValue() -> a
    20:21:void write(net.minecraft.class_2540,com.g4mesoft.GSExtensionUID) -> a
    24:24:com.g4mesoft.GSExtensionUID read(net.minecraft.class_2540) -> a
    30:35:com.g4mesoft.GSExtensionUID parseUID(java.lang.String) -> a
    39:39:java.lang.String toString(com.g4mesoft.GSExtensionUID) -> a
    44:44:int hashCode() -> hashCode
    49:51:boolean equals(java.lang.Object) -> equals
    56:56:java.lang.String toString() -> toString
com.g4mesoft.GSIExtension -> core.b:
    void init() -> init
    void registerPackets(com.g4mesoft.registry.GSElementRegistry) -> a
    void addClientModules(com.g4mesoft.core.client.GSControllerClient) -> a
    void addServerModules(com.g4mesoft.core.server.GSControllerServer) -> a
    java.lang.String getTranslationPath() -> a
    java.lang.String getName() -> b
    com.g4mesoft.GSExtensionUID getUniqueId() -> a
com.g4mesoft.GSIExtensionListener -> core.c:
    void extensionAdded(com.g4mesoft.GSIExtension) -> extensionAdded
com.g4mesoft.access.GSIBufferBuilderAccess -> core.d:
    void pushClip(float,float,float,float) -> a
    void pushClip(com.g4mesoft.gui.GSClipRect) -> a
    com.g4mesoft.gui.GSClipRect popClip() -> a
    void setOffset(float,float,float) -> a
    float getOffsetX() -> a
    float getOffsetY() -> b
    float getOffsetZ() -> c
    void setClipOffset(float,float) -> a
    float getClipXOffset() -> d
    float getClipYOffset() -> e
    java.nio.ByteBuffer getByteBuffer() -> a
    int getDrawMode() -> b
    net.minecraft.class_293 getVertexFormat() -> a
    int getBuildStart() -> c
    int getVertexCount() -> d
    void setVertexCount(int) -> a
    void setElementOffset(int) -> b
com.g4mesoft.access.GSIMouseAccess -> core.e:
    double getScrollX() -> a
com.g4mesoft.access.GSINetworkHandlerAccess -> core.f:
    void setCoreVersion(com.g4mesoft.core.GSVersion) -> a
    com.g4mesoft.core.GSVersion getCoreVersion() -> a
    boolean isExtensionInstalled(com.g4mesoft.GSExtensionUID) -> a
    void setExtensionUids(com.g4mesoft.GSExtensionUID[]) -> a
    com.g4mesoft.GSExtensionUID[] getExtensionUids() -> a
    void setTranslationVersion(com.g4mesoft.GSExtensionUID,int) -> a
    int getTranslationVersion(com.g4mesoft.GSExtensionUID) -> a
com.g4mesoft.access.GSIRenderTickCounterAccess -> core.g:
    float getTickTime() -> f
com.g4mesoft.access.GSISmoothPistonBlockEntityAccess -> core.h:
    float getSmoothProgress(float) -> a
com.g4mesoft.core.GSController -> core.i:
    java.lang.String SETTINGS_PATH -> b
    java.lang.String CACHE_DIR_NAME -> c
    java.lang.String INTEGRATED_CACHE_DIR_NAME -> d
    java.util.Set INSTANCES -> a
    com.g4mesoft.setting.GSSettingManager settings -> a
    java.util.List modules -> c
    com.g4mesoft.module.tps.GSTpsModule tpsModule -> tpsModule
    com.g4mesoft.module.translation.GSTranslationModule translationModule -> a
    36:43:void <init>() -> <init>
    46:53:void onStart() -> a
    56:67:void onStop() -> b
    70:74:void initModules() -> c
    78:80:void addModule(com.g4mesoft.core.GSIModule) -> a
    83:85:void tick() -> tick
    88:88:com.g4mesoft.module.tps.GSTpsModule getTpsModule() -> a
    92:92:com.g4mesoft.module.translation.GSTranslationModule getTranslationModule() -> a
    97:97:java.util.List getModules() -> b
    102:102:com.g4mesoft.setting.GSSettingManager getSettingManager() -> a
    106:106:java.io.File getSettingsFile() -> a
    110:114:com.g4mesoft.core.GSController getInstanceOnThread() -> a
    119:120:void extensionAdded(com.g4mesoft.GSIExtension) -> extensionAdded
    void addExtensionModules(com.g4mesoft.GSIExtension) -> c
    boolean isThreadOwner() -> a
    net.minecraft.class_2596 encodeCustomPayload(net.minecraft.class_2960,net.minecraft.class_2540) -> a
    boolean isClient() -> b
    com.g4mesoft.core.GSVersion getCoreVersion() -> a
    27:27:void <clinit>() -> <clinit>
com.g4mesoft.core.GSCoreExtension -> core.j:
    java.lang.String TRANSLATION_PATH -> e
    21:21:void <init>() -> <init>
    27:27:void init() -> init
    31:47:void registerPackets(com.g4mesoft.registry.GSElementRegistry) -> a
    51:51:void addClientModules(com.g4mesoft.core.client.GSControllerClient) -> a
    55:55:void addServerModules(com.g4mesoft.core.server.GSControllerServer) -> a
    59:59:java.lang.String getTranslationPath() -> a
    64:64:java.lang.String getName() -> b
    69:69:com.g4mesoft.GSExtensionUID getUniqueId() -> a
com.g4mesoft.core.GSCoreOverride -> com.g4mesoft.core.GSCoreOverride:
com.g4mesoft.core.GSExtensionUidsPacket -> core.k:
    com.g4mesoft.GSExtensionUID[] extensionUids -> extensionUids
    21:22:void <init>() -> <init>
    24:26:void <init>(com.g4mesoft.GSExtensionUID[]) -> <init>
    30:33:void read(net.minecraft.class_2540) -> a
    37:40:void write(net.minecraft.class_2540) -> b
    44:45:void handleOnServer(com.g4mesoft.core.server.GSControllerServer,net.minecraft.class_3222) -> a
    50:51:void handleOnClient(com.g4mesoft.core.client.GSControllerClient) -> b
com.g4mesoft.core.GSIModule -> core.l:
    void init(com.g4mesoft.core.GSIModuleManager) -> a
    18:18:void initGUI(com.g4mesoft.gui.GSTabbedGUI) -> a
    20:20:void onClose() -> d
    23:23:void registerClientSettings(com.g4mesoft.setting.GSSettingManager) -> a
    26:26:void registerHotkeys(com.g4mesoft.hotkey.GSKeyManager) -> a
    28:28:void registerServerSettings(com.g4mesoft.setting.GSSettingManager) -> b
    30:30:void registerCommands(com.mojang.brigadier.CommandDispatcher) -> a
    32:32:void tick() -> tick
    35:35:void onJoinG4mespeedServer(com.g4mesoft.core.GSVersion) -> b
    38:38:void onDisconnectServer() -> e
    40:40:void onPlayerJoin(net.minecraft.class_3222) -> a
    42:42:void onG4mespeedClientJoin(net.minecraft.class_3222,com.g4mesoft.core.GSVersion) -> a
    44:44:void onPlayerLeave(net.minecraft.class_3222) -> b
    46:46:void onPlayerPermissionChanged(net.minecraft.class_3222) -> c
com.g4mesoft.core.GSIModuleManager -> core.m:
    void addModule(com.g4mesoft.core.GSIModule) -> a
    java.util.List getModules() -> b
    void runOnClient(java.util.function.Consumer) -> a
    void runOnServer(java.util.function.Consumer) -> b
    com.g4mesoft.setting.GSSettingManager getSettingManager() -> a
    java.io.File getCacheFile() -> b
com.g4mesoft.core.GSVersion -> core.n:
    com.g4mesoft.core.GSVersion INVALID -> c
    com.g4mesoft.core.GSVersion MINIMUM_VERSION -> d
    int majorVersion -> b
    int minorVersion -> c
    int updateVersion -> d
    java.lang.String versionStringCache -> f
    16:22:void <init>(int,int,int) -> <init>
    25:25:int getMajorVersion() -> e
    29:29:int getMinorVersion() -> f
    33:33:int getUpdateVersion() -> g
    37:39:java.lang.String getVersionString() -> c
    43:43:boolean isInvalid() -> c
    47:50:com.g4mesoft.core.GSVersion read(net.minecraft.class_2540) -> a
    54:57:void write(net.minecraft.class_2540) -> b
    60:74:boolean isGreaterThanOrEqualTo(com.g4mesoft.core.GSVersion) -> a
    78:78:boolean isLessThan(com.g4mesoft.core.GSVersion) -> b
    82:85:boolean isEqual(com.g4mesoft.core.GSVersion) -> c
    92:94:boolean equals(java.lang.Object) -> equals
    99:99:java.lang.String toString() -> toString
    7:8:void <clinit>() -> <clinit>
com.g4mesoft.core.GSVersionPacket -> core.o:
    com.g4mesoft.core.GSVersion version -> version
    18:19:void <init>() -> <init>
    21:23:void <init>(com.g4mesoft.core.GSVersion) -> <init>
    27:28:void read(net.minecraft.class_2540) -> a
    32:33:void write(net.minecraft.class_2540) -> b
    37:38:void handleOnServer(com.g4mesoft.core.server.GSControllerServer,net.minecraft.class_3222) -> a
    43:44:void handleOnClient(com.g4mesoft.core.client.GSControllerClient) -> b
com.g4mesoft.core.client.GSControllerClient -> core.p:
    java.lang.String CLIENT_SETTINGS_GUI_TITLE -> g
    java.lang.String SERVER_SETTINGS_GUI_TITLE -> h
    java.lang.String HOTKEY_GUI_TITLE -> i
    java.lang.String G4MESPEED_INFO_GUI_TITLE -> j
    java.lang.String GS_KEY_CATEGORY -> k
    java.lang.String GUI_KEY_NAME -> l
    java.lang.String HOTKEY_SETTINGS_FILE_NAME -> m
    com.g4mesoft.core.client.GSControllerClient instance -> a
    net.minecraft.class_310 minecraft -> a
    net.minecraft.class_634 networkHandler -> a
    com.g4mesoft.GSExtensionUID[] serverExtensionUids -> b
    java.util.Set serverExtensionUidSet -> b
    com.g4mesoft.core.GSVersion serverVersion -> e
    com.g4mesoft.setting.GSRemoteSettingManager serverSettings -> a
    com.g4mesoft.hotkey.GSKeyManager keyManager -> keyManager
    com.g4mesoft.gui.GSTabbedGUI tabbedGUI -> a
    com.g4mesoft.hotkey.GSKeyBinding openGUIKey -> a
    67:80:void <init>() -> <init>
    84:92:void addModule(com.g4mesoft.core.GSIModule) -> a
    95:102:void init(net.minecraft.class_310) -> a
    105:106:void setNetworkHandler(net.minecraft.class_634) -> a
    109:114:void setServerExtensionUids(com.g4mesoft.GSExtensionUID[]) -> b
    117:117:com.g4mesoft.GSExtensionUID[] getServerExtensionUids() -> b
    122:122:boolean isServerExtensionInstalled(com.g4mesoft.GSExtensionUID) -> b
    126:132:void onJoinG4mespeedServer(com.g4mesoft.core.GSVersion) -> b
    135:144:void onDisconnectServer() -> e
    147:150:void onClientClose() -> f
    153:153:java.io.File getHotkeySettingsFile() -> c
    158:161:void tick() -> tick
    165:166:void addExtensionModules(com.g4mesoft.GSIExtension) -> c
    170:170:boolean isThreadOwner() -> a
    175:175:net.minecraft.class_2596 encodeCustomPayload(net.minecraft.class_2960,net.minecraft.class_2540) -> a
    180:180:boolean isClient() -> b
    185:185:com.g4mesoft.core.GSVersion getCoreVersion() -> a
    190:191:void runOnClient(java.util.function.Consumer) -> a
    195:195:void runOnServer(java.util.function.Consumer) -> b
    199:199:com.g4mesoft.core.GSVersion getServerVersion() -> b
    204:204:boolean isG4mespeedServer() -> d
    209:209:boolean isInGame() -> e
    214:215:void sendPacket(com.g4mesoft.packet.GSIPacket) -> a
    219:226:void sendPacket(com.g4mesoft.packet.GSIPacket,com.g4mesoft.core.GSVersion) -> a
    230:230:java.io.File getCacheFile() -> b
    234:234:com.g4mesoft.hotkey.GSKeyManager getKeyManager() -> a
    238:238:com.g4mesoft.setting.GSRemoteSettingManager getServerSettings() -> a
    242:242:com.g4mesoft.hotkey.GSKeyBinding getOpenGUIKey() -> a
    246:246:com.g4mesoft.core.client.GSControllerClient getInstance() -> a
    53:53:void <clinit>() -> <clinit>
com.g4mesoft.core.client.GSIModuleManagerClient -> core.q:
    boolean isServerExtensionInstalled(com.g4mesoft.GSExtensionUID) -> b
    com.g4mesoft.core.GSVersion getServerVersion() -> b
    boolean isG4mespeedServer() -> d
    boolean isInGame() -> e
    void sendPacket(com.g4mesoft.packet.GSIPacket) -> a
    void sendPacket(com.g4mesoft.packet.GSIPacket,com.g4mesoft.core.GSVersion) -> a
com.g4mesoft.core.compat.GSCarpetCompat -> core.r:
    java.lang.String TICKSPEED_CLASSPATH -> n
    java.lang.String ADD_TICKRATE_LISTENER_METHOD_NAME -> o
    java.lang.String TICKRATE_METHOD_NAME -> p
    java.lang.String MSPT_FIELD_NAME -> q
    boolean carpetDetected -> a
    java.lang.reflect.Method carpetAddTickrateListener -> a
    java.util.function.BiConsumer carpetTickrateListener -> a
    java.lang.reflect.Field msptField -> a
    float lastBroadcastCarpetTickrate -> a
    boolean outdatedCompatMode -> b
    java.util.List tickrateListeners -> d
    31:33:void <init>() -> <init>
    36:43:void reset() -> g
    47:91:void detectCarpet() -> h
    94:97:void addCarpetTickrateListener(com.g4mesoft.core.compat.GSICarpetCompatTickrateListener) -> a
    100:103:void removeCarpetTickrateListener(com.g4mesoft.core.compat.GSICarpetCompatTickrateListener) -> b
    106:114:void carpetTickrateChanged(java.lang.String,float) -> a
    118:125:java.util.function.BiConsumer establishTickrateLink(java.util.function.BiConsumer) -> a
    129:144:float getCarpetTickrate() -> g
    148:154:void notifyTickrateChange(float) -> a
    157:157:boolean isCarpetDetected() -> f
    161:161:boolean isTickrateLinked() -> g
    165:165:boolean isOutdatedCompatMode() -> h
com.g4mesoft.core.compat.GSCarpetCompat$GSOutdatedCarpetTickrateListener -> core.s:
    java.lang.reflect.Method tickrateMethod -> b
    172:174:void <init>(java.lang.reflect.Method) -> <init>
    179:182:void accept(java.lang.String,java.lang.Float) -> a
    168:168:void accept(java.lang.Object,java.lang.Object) -> accept
com.g4mesoft.core.compat.GSICarpetCompatTickrateListener -> core.t:
    void onCarpetTickrateChanged(float) -> b
com.g4mesoft.core.server.GSControllerServer -> core.u:
    com.g4mesoft.core.GSVersion SETTING_PERMISSION_INTRODUCTION -> f
    int OP_PERMISSION_LEVEL -> e
    com.g4mesoft.core.server.GSControllerServer instance -> a
    com.mojang.brigadier.CommandDispatcher dispatcher -> a
    net.minecraft.server.MinecraftServer server -> a
    49:53:void <init>() -> <init>
    57:63:void addModule(com.g4mesoft.core.GSIModule) -> a
    66:69:void init(net.minecraft.server.MinecraftServer) -> a
    72:78:void setCommandDispatcher(com.mojang.brigadier.CommandDispatcher) -> b
    81:86:void onPlayerJoin(net.minecraft.class_3222) -> a
    90:90:boolean isExtensionInstalled(net.minecraft.class_3222,com.g4mesoft.GSExtensionUID) -> a
    94:103:void onG4mespeedClientJoined(net.minecraft.class_3222,com.g4mesoft.core.GSVersion) -> b
    106:108:void onPlayerLeave(net.minecraft.class_3222) -> b
    111:114:void onServerShutdown() -> i
    117:121:void onPlayerPermissionChanged(net.minecraft.class_3222) -> c
    125:126:void addExtensionModules(com.g4mesoft.GSIExtension) -> c
    130:130:boolean isThreadOwner() -> a
    135:135:net.minecraft.class_2596 encodeCustomPayload(net.minecraft.class_2960,net.minecraft.class_2540) -> a
    140:140:boolean isClient() -> b
    145:145:com.g4mesoft.core.GSVersion getCoreVersion() -> a
    150:150:void runOnClient(java.util.function.Consumer) -> a
    154:155:void runOnServer(java.util.function.Consumer) -> b
    159:160:void sendPacket(com.g4mesoft.packet.GSIPacket,net.minecraft.class_3222) -> a
    164:172:void sendPacket(com.g4mesoft.packet.GSIPacket,net.minecraft.class_3222,com.g4mesoft.core.GSVersion) -> a
    176:177:void sendPacketToAll(com.g4mesoft.packet.GSIPacket) -> b
    181:182:void sendPacketToAll(com.g4mesoft.packet.GSIPacket,com.g4mesoft.core.GSVersion) -> b
    186:187:void sendPacketToAllExcept(com.g4mesoft.packet.GSIPacket,net.minecraft.class_3222) -> b
    191:206:void sendPacketToAllExcept(com.g4mesoft.packet.GSIPacket,com.g4mesoft.core.GSVersion,net.minecraft.class_3222) -> a
    210:210:java.util.Collection getAllPlayers() -> a
    215:219:java.io.File getCacheFile() -> b
    224:225:void onSettingChanged(com.g4mesoft.setting.GSSettingCategory,com.g4mesoft.setting.GSSetting) -> a
    229:230:void onSettingAdded(com.g4mesoft.setting.GSSettingCategory,com.g4mesoft.setting.GSSetting) -> b
    234:235:void onSettingRemoved(com.g4mesoft.setting.GSSettingCategory,com.g4mesoft.setting.GSSetting) -> c
    238:242:void sendSettingChange(com.g4mesoft.setting.GSSettingCategory,com.g4mesoft.setting.GSSetting,com.g4mesoft.setting.GSSettingChangePacket$GSESettingChangeType) -> a
    245:245:boolean isAllowedSettingChange(net.minecraft.class_3222) -> a
    249:250:void sendSettingPermissionPacket(net.minecraft.class_3222) -> d
    253:253:net.minecraft.server.MinecraftServer getServer() -> a
    257:257:com.g4mesoft.core.server.GSControllerServer getInstance() -> a
    39:43:void <clinit>() -> <clinit>
com.g4mesoft.core.server.GSIModuleManagerServer -> core.v:
    boolean isExtensionInstalled(net.minecraft.class_3222,com.g4mesoft.GSExtensionUID) -> a
    void sendPacket(com.g4mesoft.packet.GSIPacket,net.minecraft.class_3222) -> a
    void sendPacket(com.g4mesoft.packet.GSIPacket,net.minecraft.class_3222,com.g4mesoft.core.GSVersion) -> a
    void sendPacketToAll(com.g4mesoft.packet.GSIPacket) -> b
    void sendPacketToAll(com.g4mesoft.packet.GSIPacket,com.g4mesoft.core.GSVersion) -> b
    void sendPacketToAllExcept(com.g4mesoft.packet.GSIPacket,net.minecraft.class_3222) -> b
    void sendPacketToAllExcept(com.g4mesoft.packet.GSIPacket,com.g4mesoft.core.GSVersion,net.minecraft.class_3222) -> a
    java.util.Collection getAllPlayers() -> a
com.g4mesoft.core.server.GSInfoCommand -> core.w:
    11:11:void <init>() -> <init>
    14:17:void registerCommand(com.mojang.brigadier.CommandDispatcher) -> c
    20:22:int informG4mespeedVersion(net.minecraft.class_2168) -> a
    15:15:int lambda$registerCommand$0(com.mojang.brigadier.context.CommandContext) -> a
com.g4mesoft.debug.GSDebug -> core.x:
    boolean GS_DEBUG -> c
    boolean PRINT_TICK_INTERVAL -> d
    long lastMethodCallTimeNs -> a
    3:3:void <init>() -> <init>
    11:11:void onClientTick() -> j
    19:19:void onServerTick() -> k
    28:31:void printTimeIntervalSync(java.lang.String) -> a
    25:25:void <clinit>() -> <clinit>
com.g4mesoft.gui.GSClipAdjuster -> core.y:
    float[] clipXBuffer -> a
    float[] clipYBuffer -> b
    float clipXOffset -> b
    float clipYOffset -> c
    java.util.LinkedList clipRectStack -> a
    25:32:void <init>() -> <init>
    35:128:void clipPreviousShape(net.minecraft.class_287) -> a
    131:152:void interpolateClipped(java.nio.ByteBuffer,net.minecraft.class_293,int,int,float,float) -> a
    155:168:float getVertexElement(java.nio.ByteBuffer,int,net.minecraft.class_296$class_297) -> a
    173:192:void setVertexElement(java.nio.ByteBuffer,int,net.minecraft.class_296$class_297,float) -> a
    195:196:void pushClip(com.g4mesoft.gui.GSClipRect) -> a
    199:199:com.g4mesoft.gui.GSClipRect popClip() -> a
    203:205:void setClipOffset(float,float) -> a
    208:208:float getClipXOffset() -> d
    212:212:float getClipYOffset() -> e
com.g4mesoft.gui.GSClipAdjuster$1 -> core.z:
    int[] $SwitchMap$net$minecraft$client$render$VertexFormatElement$Format -> a
    155:155:void <clinit>() -> <clinit>
com.g4mesoft.gui.GSClipRect -> core.A:
    float x0 -> d
    float y0 -> e
    float x1 -> f
    float y1 -> g
    12:13:void <init>(com.g4mesoft.gui.GSClipRect) -> <init>
    15:21:void <init>(float,float,float,float) -> <init>
    24:24:com.g4mesoft.gui.GSClipRect offset(float,float) -> a
com.g4mesoft.gui.GSElement -> core.B:
    8:8:void onMouseMovedGS(double,double) -> a
    11:11:boolean onMouseClickedGS(double,double,int) -> a
    15:15:boolean onMouseReleasedGS(double,double,int) -> b
    19:19:boolean onMouseDraggedGS(double,double,int,double,double) -> a
    23:23:boolean onKeyPressedGS(int,int,int) -> a
    27:27:boolean onKeyReleasedGS(int,int,int) -> b
    31:31:boolean onCharTypedGS(char,int) -> a
    35:35:boolean onMouseScrolledGS(double,double,double,double) -> a
com.g4mesoft.gui.GSIDrawableHelper -> core.C:
    java.lang.String TRIMMED_TEXT_ELLIPSIS -> r
    char FORMATTING_CHAR -> a
    float COLOR_DARKEN_FACTOR -> h
    20:20:java.lang.String trimText(java.lang.String,int) -> a
    24:51:java.lang.String trimText(net.minecraft.class_327,java.lang.String,int) -> a
    55:55:java.util.List splitToLines(java.lang.String,int) -> a
    59:114:java.util.List splitToLines(net.minecraft.class_327,java.lang.String,int) -> a
    118:127:int darkenColor(int) -> a
    131:149:int brightenColor(int) -> b
    153:160:void drawVerticalDottedLine(int,int,int,int,int,int) -> a
    163:170:void drawHorizontalDottedLine(int,int,int,int,int,int) -> b
    net.minecraft.class_327 getFont() -> a
    175:175:com.g4mesoft.module.translation.GSTranslationModule getTranslationModule() -> a
com.g4mesoft.gui.GSIViewport -> core.D:
    int getWidth() -> h
    int getHeight() -> i
com.g4mesoft.gui.GSInfoGUI -> core.E:
    int TEXT_COLOR -> f
    int VERSION_COLOR -> g
    int LESS_THAN_VERSION_COLOR -> h
    int INVALID_VERSION_COLOR -> i
    java.lang.String SERVER_VERSION_TITLE_MSG -> s
    java.lang.String INVALID_SERVER_MSG -> t
    java.lang.String CLIENT_VERSION_TITLE_MSG -> u
    com.g4mesoft.core.client.GSControllerClient controllerClient -> b
    20:22:void <init>(com.g4mesoft.core.client.GSControllerClient) -> <init>
    26:50:void renderTranslated(int,int,float) -> a
com.g4mesoft.gui.GSPanel -> core.F:
    boolean selected -> e
    net.minecraft.class_310 client -> b
    net.minecraft.class_327 font -> a
    int x -> j
    int y -> k
    int width -> l
    int height -> m
    25:27:void <init>() -> <init>
    30:39:void initBounds(net.minecraft.class_310,int,int,int,int) -> a
    42:42:void init() -> init
    45:45:void onAdded() -> l
    48:48:void onRemoved() -> m
    51:51:void tick() -> tick
    54:54:int getTranslationX() -> j
    58:58:int getTranslationY() -> k
    63:81:void render(int,int,float) -> render
    84:84:void renderTranslated(int,int,float) -> a
    87:88:void setSelected(boolean) -> a
    91:91:boolean isSelected() -> i
    95:95:double translateMouseX(double) -> a
    99:99:double translateMouseY(double) -> b
    106:108:void method_16014(double,double) -> method_16014
    114:114:boolean mouseClicked(double,double,int) -> mouseClicked
    121:121:boolean mouseReleased(double,double,int) -> mouseReleased
    128:128:boolean mouseDragged(double,double,int,double,double) -> mouseDragged
    135:135:boolean keyPressed(int,int,int) -> keyPressed
    142:142:boolean method_16803(int,int,int) -> method_16803
    149:149:boolean charTyped(char,int) -> charTyped
    156:160:boolean mouseScrolled(double,double,double) -> mouseScrolled
    166:169:boolean isMouseOver(double,double) -> isMouseOver
    175:175:net.minecraft.class_327 getFont() -> a
    179:179:int getX() -> l
    183:183:int getY() -> m
    188:188:int getWidth() -> h
    193:193:int getHeight() -> i
com.g4mesoft.gui.GSParentElement -> core.G:
    12:14:void onMouseMovedGS(double,double) -> a
    18:29:boolean onMouseClickedGS(double,double,int) -> a
    34:42:boolean onMouseReleasedGS(double,double,int) -> b
    47:51:boolean onMouseDraggedGS(double,double,int,double,double) -> a
    56:61:boolean onMouseScrolledGS(double,double,double,double) -> a
    66:67:boolean onKeyPressedGS(int,int,int) -> a
    72:73:boolean onKeyReleasedGS(int,int,int) -> b
    78:79:boolean onCharTypedGS(char,int) -> a
    19:28:boolean lambda$onMouseClickedGS$0(double,double,int,net.minecraft.class_364) -> a
com.g4mesoft.gui.GSParentPanel -> core.H:
    java.util.List children -> e
    java.util.List drawableWidgets -> f
    java.util.List panels -> g
    boolean dragging -> f
    net.minecraft.class_364 focusedElement -> a
    21:28:void <init>() -> <init>
    33:36:void initBounds(net.minecraft.class_310,int,int,int,int) -> a
    39:43:void addWidget(net.minecraft.class_364) -> a
    46:50:void addPanel(com.g4mesoft.gui.GSPanel) -> a
    53:61:void clearChildren() -> n
    65:68:void onRemoved() -> m
    72:76:void tick() -> tick
    81:87:void renderTranslated(int,int,float) -> a
    91:92:void onMouseMovedGS(double,double) -> a
    96:96:boolean onMouseClickedGS(double,double,int) -> a
    101:101:boolean onMouseReleasedGS(double,double,int) -> b
    105:105:boolean onMouseDraggedGS(double,double,int,double,double) -> a
    110:110:boolean onKeyPressedGS(int,int,int) -> a
    115:115:boolean onKeyReleasedGS(int,int,int) -> b
    120:120:boolean onCharTypedGS(char,int) -> a
    125:125:boolean onMouseScrolledGS(double,double,double,double) -> a
    131:131:boolean isDragging() -> isDragging
    137:138:void setDragging(boolean) -> setDragging
    143:143:net.minecraft.class_364 getFocused() -> getFocused
    149:150:void setFocused(net.minecraft.class_364) -> setFocused
    155:155:java.util.List children() -> children
com.g4mesoft.gui.GSScreen -> core.I:
    boolean initialized -> g
    java.util.List panels -> g
    23:28:void <init>() -> <init>
    31:35:void addPanel(com.g4mesoft.gui.GSPanel) -> a
    38:45:void clearChildren() -> n
    50:58:void init(net.minecraft.class_310,int,int) -> init
    63:64:void removed() -> removed
    67:67:void onAdded() -> l
    70:71:void onRemoved() -> m
    76:79:void tick() -> tick
    82:84:void tickPanels() -> o
    89:92:void render(int,int,float) -> render
    96:98:void renderPanels(int,int,float) -> b
    104:105:void method_16014(double,double) -> method_16014
    111:111:boolean mouseClicked(double,double,int) -> mouseClicked
    118:118:boolean mouseReleased(double,double,int) -> mouseReleased
    125:125:boolean mouseDragged(double,double,int,double,double) -> mouseDragged
    132:144:boolean keyPressed(int,int,int) -> keyPressed
    151:151:boolean method_16803(int,int,int) -> method_16803
    158:158:boolean charTyped(char,int) -> charTyped
    165:166:boolean mouseScrolled(double,double,double) -> mouseScrolled
    171:171:net.minecraft.class_327 getFont() -> a
    176:176:int getWidth() -> h
    181:181:int getHeight() -> i
com.g4mesoft.gui.GSTabbedGUI -> core.J:
    int TAB_VERTICAL_PADDING -> n
    int TAB_HORIZONTAL_PADDING -> o
    int HORIZONTAL_MARGIN -> p
    int VERTICAL_MARGIN -> q
    int MINIMUM_TAB_WIDTH -> r
    int TAB_TEXT_COLOR -> s
    int TAB_BORDER_COLOR -> t
    int SELECTED_TEXT_COLOR -> u
    int SELECTED_BACKGROUND_COLOR -> v
    int HOVERED_BACKGROUND_COLOR -> w
    int tabHeight -> x
    java.util.List tabs -> h
    boolean tabsChanged -> h
    int selectedTabIndex -> y
    44:47:void <init>() -> <init>
    50:58:void addTab(java.lang.String,com.g4mesoft.gui.GSPanel) -> a
    61:74:void setSelectedTabIndex(int) -> c
    77:77:com.g4mesoft.gui.GSTabbedGUI$GSTabEntry getSelectedTab() -> a
    81:136:void layoutTabs() -> p
    140:143:void tickPanels() -> o
    148:154:void render(int,int,float) -> render
    159:162:void renderPanels(int,int,float) -> b
    165:180:void renderTabs(int,int) -> a
    183:183:boolean isTabHovered(com.g4mesoft.gui.GSTabbedGUI$GSTabEntry,double,double) -> a
    188:189:void playClickSound(net.minecraft.class_1144) -> a
    192:203:void renderTab(com.g4mesoft.gui.GSTabbedGUI$GSTabEntry,int,boolean,boolean) -> a
    207:217:boolean onMouseClickedGS(double,double,int) -> a
    222:230:boolean onKeyPressedGS(int,int,int) -> a
    234:238:boolean canKeyCloseGUI(int) -> a
    244:254:void setFocused(net.minecraft.class_364) -> setFocused
    259:262:void init() -> init
    267:267:boolean isPauseScreen() -> isPauseScreen
    273:273:boolean shouldCloseOnEsc() -> shouldCloseOnEsc
    93:93:int lambda$layoutTabs$0(com.g4mesoft.gui.GSTabbedGUI$GSTabEntry,com.g4mesoft.gui.GSTabbedGUI$GSTabEntry) -> a
com.g4mesoft.gui.GSTabbedGUI$GSTabEntry -> core.K:
    java.lang.String title -> v
    com.g4mesoft.gui.GSPanel tabContent -> a
    java.lang.String displayTitle -> w
    int x -> j
    int width -> l
    com.g4mesoft.gui.GSTabbedGUI this$0 -> b
    285:288:void <init>(com.g4mesoft.gui.GSTabbedGUI,java.lang.String,com.g4mesoft.gui.GSPanel) -> <init>
    291:291:com.g4mesoft.gui.GSPanel getTabContent() -> a
    295:296:void setDisplayTitle(java.lang.String) -> b
    299:299:java.lang.String getDisplayTitle() -> d
    303:304:java.lang.String getTranslatedTitle() -> e
    308:309:void setX(int) -> d
    312:312:int getX() -> l
    316:317:void setWidth(int) -> e
    320:320:int getWidth() -> h
    276:276:com.g4mesoft.gui.GSPanel access$000(com.g4mesoft.gui.GSTabbedGUI$GSTabEntry) -> a
com.g4mesoft.gui.hotkey.GSHotkeyElementGUI -> core.L:
    int HOTKEY_HEIGHT -> z
    int HOTKEY_PADDING -> A
    int MAX_NAME_WIDTH -> B
    int MODIFY_BUTTON_WIDTH -> C
    int RESET_BUTTON_WIDTH -> D
    int FONT_COLOR -> E
    int HOVERED_BACKGROUND -> F
    java.lang.String RESET_TEXT -> x
    java.lang.String CANCEL_TEXT -> y
    com.g4mesoft.gui.hotkey.GSHotkeyGUI hotkeyGui -> a
    com.g4mesoft.hotkey.GSKeyBinding keyBinding -> b
    java.lang.String keyName -> z
    java.lang.String localizedKeyCodeName -> A
    boolean modifyingKeyCode -> i
    net.minecraft.class_4185 modifyButton -> a
    net.minecraft.class_4185 resetButton -> b
    39:44:void <init>(com.g4mesoft.gui.hotkey.GSHotkeyGUI,com.g4mesoft.hotkey.GSKeyBinding) -> <init>
    48:71:void init() -> init
    74:76:void updateButtons() -> q
    79:90:void updateResetButton() -> r
    93:101:void updateModifyButton() -> s
    105:112:void renderTranslated(int,int,float) -> a
    115:118:void setKeyCode(net.minecraft.class_3675$class_306) -> a
    121:131:void setModifying(boolean) -> b
    135:146:boolean onKeyPressedGS(int,int,int) -> a
    151:157:boolean onMouseClickedGS(double,double,int) -> a
    161:161:int getPreferredHeight() -> n
    165:165:int getPreferredWidth() -> o
    65:66:void lambda$init$1(net.minecraft.class_4185) -> a
    57:62:void lambda$init$0(net.minecraft.class_4185) -> b
com.g4mesoft.gui.hotkey.GSHotkeyGUI -> core.M:
    int HOTKEY_MARGIN -> G
    int CATEGORY_MARGIN -> H
    int CATEGORY_TITLE_BOTTOM_MARGIN -> I
    int CATEGORY_TITLE_COLOR -> J
    java.util.Map hotkeyCategories -> b
    int contentHeight -> K
    boolean needsRelayout -> j
    com.g4mesoft.gui.hotkey.GSHotkeyElementGUI changingElement -> a
    28:36:void <init>(com.g4mesoft.hotkey.GSKeyManager) -> <init>
    39:54:void layoutHotkeys() -> t
    58:61:void init() -> init
    65:74:void renderTranslated(int,int,float) -> a
    78:79:void onKeyRegistered(com.g4mesoft.hotkey.GSKeyBinding) -> a
    82:90:void addKeyEntry(com.g4mesoft.hotkey.GSKeyBinding) -> b
    94:94:int getScrollableHeight() -> p
    98:101:void setChangingElement(com.g4mesoft.gui.hotkey.GSHotkeyElementGUI) -> a
    104:104:com.g4mesoft.gui.hotkey.GSHotkeyElementGUI getChangingElement() -> a
    13:13:net.minecraft.class_327 access$000(com.g4mesoft.gui.hotkey.GSHotkeyGUI) -> a
    13:13:net.minecraft.class_310 access$100(com.g4mesoft.gui.hotkey.GSHotkeyGUI) -> a
    13:13:net.minecraft.class_327 access$200(com.g4mesoft.gui.hotkey.GSHotkeyGUI) -> b
com.g4mesoft.gui.hotkey.GSHotkeyGUI$GSHotkeyCategoryGUI -> core.N:
    java.util.List hotkeyElements -> i
    java.lang.String categoryName -> B
    int x -> j
    int y -> k
    int w -> L
    com.g4mesoft.gui.hotkey.GSHotkeyGUI this$0 -> b
    116:119:void <init>(com.g4mesoft.gui.hotkey.GSHotkeyGUI,java.lang.String) -> <init>
    122:123:void addKeyBinding(com.g4mesoft.hotkey.GSKeyBinding) -> c
    126:132:int getPreferredWidth() -> o
    136:150:int layoutHotkeys(int,int,int) -> a
    154:156:void renderTitle(int,int,float) -> c
com.g4mesoft.gui.scroll.GSIScrollListener -> core.O:
    6:6:void preScrollChanged(double) -> a
    void scrollChanged(double) -> b
com.g4mesoft.gui.scroll.GSIScrollableViewport -> core.P:
    int getContentWidth() -> q
    int getContentHeight() -> r
    12:12:int getContentViewWidth() -> s
    16:16:int getContentViewHeight() -> t
    20:20:double getIncrementalScrollX(int) -> a
    24:24:double getIncrementalScrollY(int) -> b
com.g4mesoft.gui.scroll.GSScrollBar -> core.Q:
    net.minecraft.class_2960 SCROLL_BUTTON_TEXTURE -> a
    int KNOB_AREA_COLOR -> M
    int DISABLED_KNOB_AREA_COLOR -> N
    int KNOB_COLOR -> O
    int HOVERED_KNOB_COLOR -> P
    int DISABLED_KNOB_COLOR -> Q
    double DEFAULT_SCROLL_AMOUNT -> a
    int DEFAULT_SCROLL_BAR_WIDTH -> R
    int DEFAULT_BUTTON_WIDTH -> S
    int DEFAULT_BUTTON_HEIGHT -> T
    int DEFAULT_MINIMUM_NOB_SIZE -> U
    com.g4mesoft.gui.scroll.GSIScrollableViewport parent -> a
    com.g4mesoft.gui.scroll.GSIScrollListener listener -> a
    boolean vertical -> k
    boolean scrollDragActive -> l
    double scrollOffset -> b
    boolean enabled -> m
    49:57:void <init>(com.g4mesoft.gui.scroll.GSIScrollableViewport,com.g4mesoft.gui.scroll.GSIScrollListener) -> <init>
    60:63:void initVerticalLeft(net.minecraft.class_310,int,int,int) -> a
    66:67:void initVerticalRight(net.minecraft.class_310,int,int,int) -> b
    70:73:void initHorizontalTop(net.minecraft.class_310,int,int,int) -> c
    76:77:void initHorizontalBottom(net.minecraft.class_310,int,int,int) -> d
    88:89:void initBounds(net.minecraft.class_310,int,int,int,int) -> a
    93:97:void init() -> init
    101:105:void renderTranslated(int,int,float) -> a
    108:115:void drawScrollButtons(int,int) -> b
    118:126:void drawScrollButton(int,int,boolean) -> a
    129:132:void drawScrollButton(int,int,int,int,boolean,boolean) -> a
    135:135:int getScrollButtonSpriteX(boolean,boolean) -> a
    139:139:int getScrollButtonSpriteY(boolean,boolean) -> b
    143:143:int getScrollButtonSpriteWidth() -> u
    147:147:int getScrollButtonSpriteHeight() -> v
    151:159:boolean isMouseOverScrollButton(int,int,boolean) -> a
    163:172:void drawKnobArea() -> u
    175:185:void drawKnob(int,int,boolean) -> b
    188:194:boolean isMouseOverKnob(int,int) -> a
    198:198:net.minecraft.class_2960 getScrollButtonTexture() -> a
    202:204:int getKnobAreaColor() -> w
    208:212:int getKnobColor(boolean) -> a
    216:224:int getKnobPos() -> x
    228:228:int getKnobSize() -> y
    232:232:int getKnobAreaSize() -> z
    236:236:int getContentSize() -> A
    240:240:int getContentViewSize() -> B
    244:244:int getButtonWidth() -> C
    248:248:int getButtonHeight() -> D
    252:252:int getMinimumNobSize() -> E
    256:256:int getPreferredScrollBarWidth() -> F
    260:260:double getDefaultScrollAmount() -> b
    265:284:boolean onMouseClickedGS(double,double,int) -> a
    288:288:boolean isMouseOverScrollBar(double,double) -> a
    292:297:void onIncrementalScroll(int) -> f
    300:300:double getIncrementalScroll(int) -> c
    305:307:boolean onMouseReleasedGS(double,double,int) -> b
    312:323:boolean onMouseDraggedGS(double,double,int,double,double) -> a
    330:348:boolean onMouseScrolledGS(double,double,double,double) -> a
    352:359:void setScrollOffset(double) -> c
    362:362:int getMaxScrollOffset() -> G
    366:366:boolean isVertical() -> j
    370:370:double getScrollOffset() -> c
    374:374:boolean isEnabled() -> k
    378:379:void setEnabled(boolean) -> c
    382:382:boolean isScrollDragActive() -> l
    15:15:void <clinit>() -> <clinit>
com.g4mesoft.gui.scroll.GSScrollableParentPanel -> core.R:
    int SCROLL_BAR_MARGIN_X -> V
    int SCROLL_BAR_MARGIN_Y -> W
    com.g4mesoft.gui.scroll.GSScrollBar scrollBar -> a
    16:18:void <init>() -> <init>
    23:43:void render(int,int,float) -> render
    47:50:void init() -> init
    int getScrollableHeight() -> p
    56:56:int getContentHeight() -> r
    61:61:int getContentWidth() -> q
    66:66:int getTranslationY() -> k
    70:70:int getScrollOffset() -> H
    76:78:boolean onMouseScrolledGS(double,double,double,double) -> a
    84:86:boolean onMouseClickedGS(double,double,int) -> a
    92:94:boolean onMouseReleasedGS(double,double,int) -> b
    100:102:boolean onMouseDraggedGS(double,double,int,double,double) -> a
com.g4mesoft.gui.setting.GSBooleanSettingElementGUI -> core.S:
    int SETTING_HEIGHT -> X
    int TEXT_MAX_WIDTH -> Y
    int TOGGLE_WIDTH -> Z
    com.g4mesoft.gui.widget.GSToggleSwitchWidget switchWidget -> a
    20:25:void <init>(com.g4mesoft.gui.setting.GSSettingsGUI,com.g4mesoft.setting.types.GSBooleanSetting,com.g4mesoft.setting.GSSettingCategory) -> <init>
    29:33:void renderTranslated(int,int,float) -> a
    37:37:int getPreferredWidth() -> o
    42:42:int getPreferredHeight() -> n
    47:54:void init() -> init
    58:62:void onSettingChanged() -> v
    66:66:java.lang.String getFormattedDefault() -> f
    23:24:void lambda$new$0(boolean) -> d
    11:11:void <clinit>() -> <clinit>
com.g4mesoft.gui.setting.GSFloatSettingElementGUI -> core.T:
    float MAX_DEF_INTERVAL_FOR_SLIDER -> i
    java.text.DecimalFormat FORMATTER -> a
    18:19:void <init>(com.g4mesoft.gui.setting.GSSettingsGUI,com.g4mesoft.setting.types.GSFloatSetting,com.g4mesoft.setting.GSSettingCategory) -> <init>
    23:23:java.lang.String getSliderText() -> g
    28:29:void setValueFromSlider(double) -> d
    34:39:boolean setValueFromTextField(java.lang.String) -> a
    44:44:boolean shouldUseSlider() -> m
    49:54:void updateFieldValue() -> w
    58:58:java.lang.String getFormattedDefault() -> f
    15:15:void <clinit>() -> <clinit>
com.g4mesoft.gui.setting.GSIntegerSettingElementGUI -> core.U:
    int MAX_DEF_INTERVAL_FOR_SLIDER -> aa
    16:17:void <init>(com.g4mesoft.gui.setting.GSSettingsGUI,com.g4mesoft.setting.types.GSIntegerSetting,com.g4mesoft.setting.GSSettingCategory) -> <init>
    21:21:java.lang.String getSliderText() -> g
    26:27:void setValueFromSlider(double) -> d
    32:37:boolean setValueFromTextField(java.lang.String) -> a
    42:42:boolean shouldUseSlider() -> m
    47:52:void updateFieldValue() -> w
    55:65:java.lang.String getFormattedValue(int) -> a
    70:70:java.lang.String getFormattedDefault() -> f
com.g4mesoft.gui.setting.GSNumberSettingElementGUI -> core.V:
    int SETTING_HEIGHT -> X
    int TEXT_FIELD_HEIGHT -> ab
    int TEXT_FIELD_MAX_WIDTH -> ac
    java.lang.String SET_VALUE_TEXT -> C
    int TEXT_MAX_WIDTH -> Y
    com.g4mesoft.gui.widget.GSSliderWidget slider -> a
    net.minecraft.class_342 textField -> a
    java.lang.String prevTextFieldValue -> D
    25:26:void <init>(com.g4mesoft.gui.setting.GSSettingsGUI,com.g4mesoft.setting.GSSetting,com.g4mesoft.setting.GSSettingCategory) -> <init>
    30:34:void renderTranslated(int,int,float) -> a
    38:38:int getPreferredWidth() -> o
    43:49:int getPreferredHeight() -> n
    54:97:void init() -> init
    java.lang.String getSliderText() -> g
    void setValueFromSlider(double) -> d
    boolean setValueFromTextField(java.lang.String) -> a
    boolean shouldUseSlider() -> m
    void updateFieldValue() -> w
    110:112:void setSliderValue(double) -> e
    115:117:void setTextFieldValue(java.lang.String) -> c
    121:121:int getSettingHeight() -> I
    126:134:void onSettingChanged() -> v
    138:138:boolean isSliderActive() -> n
    81:93:void lambda$init$2(net.minecraft.class_4185) -> c
    60:60:java.lang.String lambda$init$1(double) -> a
    58:60:void lambda$init$0(double) -> f
com.g4mesoft.gui.setting.GSSettingElementGUI -> core.W:
    int HOVERED_BACKGROUND -> F
    int CONTENT_PADDING -> ad
    int CONTENT_MARGIN -> ae
    int RESET_BUTTON_WIDTH -> D
    int RESET_BUTTON_HEIGHT -> af
    java.lang.String RESET_TEXT -> x
    int ENABLED_TEXT_COLOR -> ag
    int DISABLED_TEXT_COLOR -> ah
    com.g4mesoft.gui.setting.GSSettingsGUI settingsGUI -> a
    com.g4mesoft.setting.GSSetting setting -> a
    com.g4mesoft.setting.GSSettingCategory category -> a
    java.lang.String settingTranslationName -> E
    net.minecraft.class_4185 resetButton -> b
    31:39:void <init>(com.g4mesoft.gui.setting.GSSettingsGUI,com.g4mesoft.setting.GSSetting,com.g4mesoft.setting.GSSettingCategory) -> <init>
    43:47:void renderTranslated(int,int,float) -> a
    50:50:int getTextColor() -> J
    55:60:void init() -> init
    63:65:void resetSetting() -> x
    68:69:void onSettingChanged() -> v
    72:74:void updateResetActive() -> y
    java.lang.String getFormattedDefault() -> f
    80:80:boolean onMouseScrolledGS(double,double,double,double) -> a
    84:84:int getSettingHeight() -> I
    88:92:net.minecraft.class_4185 createResetButton() -> a
    98:98:int getPreferredWidth() -> o
    102:102:int getPreferredHeight() -> n
    106:106:java.lang.String getSettingTranslationName() -> h
    93:94:void lambda$createResetButton$0(net.minecraft.class_4185) -> d
com.g4mesoft.gui.setting.GSSettingsGUI -> core.X:
    int SETTING_CATEGORY_MARGIN -> ai
    int CATEGORY_TITLE_MARGIN_BOTTOM -> aj
    int CATEGORY_TITLE_COLOR -> J
    int DESC_BACKGROUND_COLOR -> ak
    int DESC_LINE_SPACING -> al
    int DESC_LINE_MARGIN -> am
    int DESC_TEXT_COLOR -> an
    float DESC_ANIMATION_TIME -> j
    java.util.Map settingCategories -> c
    int settingsWidth -> ao
    int contentHeight -> K
    boolean layoutChanged -> n
    com.g4mesoft.gui.setting.GSSettingElementGUI hoveredElement -> a
    java.util.List descLines -> j
    int startDescHeight -> ap
    int targetDescHeight -> aq
    long descAnimStart -> b
    54:64:void <init>(com.g4mesoft.setting.GSSettingManager) -> <init>
    67:78:void addSettingElement(com.g4mesoft.setting.GSSettingCategory,com.g4mesoft.setting.GSSetting) -> d
    82:85:void onSettingChanged(com.g4mesoft.setting.GSSettingCategory,com.g4mesoft.setting.GSSetting) -> a
    89:90:void onSettingAdded(com.g4mesoft.setting.GSSettingCategory,com.g4mesoft.setting.GSSetting) -> b
    94:103:void onSettingRemoved(com.g4mesoft.setting.GSSettingCategory,com.g4mesoft.setting.GSSetting) -> c
    106:123:void layoutSettingElements() -> z
    127:131:void tick() -> tick
    135:176:void renderTranslated(int,int,float) -> a
    179:211:void renderHoveredDesc(com.g4mesoft.gui.setting.GSSettingElementGUI,float) -> a
    215:217:void init() -> init
    221:221:int getScrollableHeight() -> p
    29:29:net.minecraft.class_327 access$000(com.g4mesoft.gui.setting.GSSettingsGUI) -> a
    29:29:net.minecraft.class_310 access$100(com.g4mesoft.gui.setting.GSSettingsGUI) -> a
    29:29:net.minecraft.class_327 access$200(com.g4mesoft.gui.setting.GSSettingsGUI) -> b
com.g4mesoft.gui.setting.GSSettingsGUI$GSSettingCategoryElement -> core.Y:
    com.g4mesoft.setting.GSSettingCategory category -> a
    java.lang.String title -> v
    java.util.List settings -> k
    int x -> j
    int y -> k
    int width -> l
    int height -> m
    com.g4mesoft.gui.setting.GSSettingsGUI this$0 -> b
    236:242:void <init>(com.g4mesoft.gui.setting.GSSettingsGUI,com.g4mesoft.setting.GSSettingCategory) -> <init>
    245:250:int getMinimumWidth() -> K
    254:261:void addSetting(com.g4mesoft.setting.GSSetting) -> a
    264:269:void removeSetting(com.g4mesoft.setting.GSSetting) -> b
    272:278:void onSettingChanged(com.g4mesoft.setting.GSSetting) -> c
    281:298:int layoutElements(int,int,int) -> b
    302:310:com.g4mesoft.gui.setting.GSSettingElementGUI getHoveredElement(int,int) -> a
    314:314:boolean isHovered(int,int) -> b
    319:321:void tick() -> tick
    324:326:void render(int,int,float) -> render
    329:329:boolean isEmpty() -> o
com.g4mesoft.gui.widget.GSSliderWidget -> core.Z:
    int SLIDER_HEIGHT -> ar
    int MAX_WIDTH -> as
    com.g4mesoft.gui.widget.GSSliderWidget$GSSliderListener listener -> a
    com.g4mesoft.gui.widget.GSSliderWidget$GSSliderFormatter formatter -> a
    18:24:void <init>(int,int,int,double,com.g4mesoft.gui.widget.GSSliderWidget$GSSliderListener,com.g4mesoft.gui.widget.GSSliderWidget$GSSliderFormatter) -> <init>
    29:30:void updateMessage() -> updateMessage
    35:37:void applyValue() -> applyValue
    40:43:void setValueSilent(double) -> g
    50:50:boolean isHovered() -> isHovered
com.g4mesoft.gui.widget.GSSliderWidget$GSSliderFormatter -> core.aa:
    java.lang.String formatValue(double) -> formatValue
com.g4mesoft.gui.widget.GSSliderWidget$GSSliderListener -> core.ab:
    void onValueChanged(double) -> onValueChanged
com.g4mesoft.gui.widget.GSToggleSwitchWidget -> core.ac:
    net.minecraft.class_2960 TEXTURE -> b
    int TOGGLE_SWITCH_WIDTH -> at
    int TOGGLE_SWITCH_HEIGHT -> au
    boolean value -> o
    com.g4mesoft.gui.widget.GSToggleSwitchWidget$GSSwitchListener listener -> a
    22:26:void <init>(int,int,boolean,com.g4mesoft.gui.widget.GSToggleSwitchWidget$GSSwitchListener) -> <init>
    31:34:void onPress() -> onPress
    37:38:void setValueSilent(boolean) -> e
    41:41:boolean isEnabled() -> k
    47:58:void renderButton(int,int,float) -> renderButton
    13:13:void <clinit>() -> <clinit>
com.g4mesoft.gui.widget.GSToggleSwitchWidget$GSSwitchListener -> core.ad:
    void onStateChanged(boolean) -> onStateChanged
com.g4mesoft.hotkey.GSEKeyEventType -> core.ae:
    com.g4mesoft.hotkey.GSEKeyEventType PRESS -> a
    com.g4mesoft.hotkey.GSEKeyEventType RELEASE -> b
    com.g4mesoft.hotkey.GSEKeyEventType[] $VALUES -> a
    3:3:com.g4mesoft.hotkey.GSEKeyEventType[] values() -> values
    3:3:com.g4mesoft.hotkey.GSEKeyEventType valueOf(java.lang.String) -> valueOf
    3:3:void <init>(java.lang.String,int) -> <init>
    3:5:void <clinit>() -> <clinit>
com.g4mesoft.hotkey.GSIKeyListener -> core.af:
    void onKeyStateChanged(com.g4mesoft.hotkey.GSKeyBinding,com.g4mesoft.hotkey.GSEKeyEventType) -> onKeyStateChanged
com.g4mesoft.hotkey.GSIKeyRegisterListener -> core.ag:
    void onKeyRegistered(com.g4mesoft.hotkey.GSKeyBinding) -> a
com.g4mesoft.hotkey.GSKeyBinding -> core.ah:
    com.g4mesoft.hotkey.GSKeyManager manager -> a
    java.lang.String name -> F
    java.lang.String category -> G
    net.minecraft.class_3675$class_306 defaultKeyCode -> a
    boolean allowDisabled -> p
    net.minecraft.class_3675$class_306 keyCode -> b
    boolean keyState -> q
    boolean wasPressed -> r
    boolean pressed -> s
    int repeatCount -> av
    com.g4mesoft.hotkey.GSIKeyListener listener -> a
    26:36:void <init>(com.g4mesoft.hotkey.GSKeyManager,java.lang.String,java.lang.String,net.minecraft.class_3675$class_307,int,boolean) -> <init>
    39:42:void setKeyListener(com.g4mesoft.hotkey.GSIKeyListener) -> a
    45:47:void reset() -> g
    50:58:void onKeyPressed() -> A
    61:62:void onKeyReleased() -> B
    65:78:void onStateChanged(boolean,com.g4mesoft.hotkey.GSEKeyEventType) -> a
    81:82:void onKeyRepeated() -> C
    85:89:void update() -> D
    92:107:java.lang.String getLocalizedName() -> i
    111:111:boolean isPressed() -> p
    115:115:boolean wasPressed() -> q
    119:119:boolean isClicking() -> r
    123:123:boolean isReleaing() -> s
    127:127:int getRepeatCount() -> L
    131:131:java.lang.String getName() -> b
    135:135:java.lang.String getCategory() -> j
    139:139:net.minecraft.class_3675$class_306 getKeyCode() -> a
    143:151:void setKeyCode(net.minecraft.class_3675$class_306) -> a
    154:154:int getGLFWKeyCode() -> M
    158:158:net.minecraft.class_3675$class_306 getDefaultKeyCode() -> b
    74:74:void lambda$onStateChanged$0(com.g4mesoft.hotkey.GSIKeyListener,com.g4mesoft.hotkey.GSEKeyEventType) -> a
com.g4mesoft.hotkey.GSKeyBinding$1 -> core.ai:
    int[] $SwitchMap$net$minecraft$client$util$InputUtil$Type -> b
    94:94:void <clinit>() -> <clinit>
com.g4mesoft.hotkey.GSKeyManager -> core.aj:
    java.util.Map keySettings -> d
    java.util.List keyBindings -> l
    java.util.Map codeToKeys -> e
    com.g4mesoft.hotkey.GSIKeyRegisterListener registerListener -> a
    34:39:void <init>() -> <init>
    42:60:void loadKeys(java.io.File) -> a
    64:81:void saveKeys(java.io.File) -> b
    84:89:net.minecraft.class_3675$class_306 getKeySetting(java.lang.String,java.lang.String) -> a
    93:101:void setKeySetting(java.lang.String,java.lang.String,net.minecraft.class_3675$class_306) -> a
    104:106:void update() -> D
    109:109:com.g4mesoft.hotkey.GSKeyBinding registerKey(java.lang.String,java.lang.String,int,java.lang.Object,java.util.function.Consumer,com.g4mesoft.hotkey.GSEKeyEventType) -> a
    113:113:com.g4mesoft.hotkey.GSKeyBinding registerKey(java.lang.String,java.lang.String,int,java.lang.Object,java.util.function.Consumer,com.g4mesoft.hotkey.GSEKeyEventType,boolean) -> a
    117:117:com.g4mesoft.hotkey.GSKeyBinding registerKey(java.lang.String,java.lang.String,net.minecraft.class_3675$class_307,int,java.lang.Object,java.util.function.Consumer,com.g4mesoft.hotkey.GSEKeyEventType) -> a
    121:124:com.g4mesoft.hotkey.GSKeyBinding registerKey(java.lang.String,java.lang.String,net.minecraft.class_3675$class_307,int,java.lang.Object,java.util.function.Consumer,com.g4mesoft.hotkey.GSEKeyEventType,boolean) -> a
    131:131:com.g4mesoft.hotkey.GSKeyBinding registerKey(java.lang.String,java.lang.String,int,java.lang.Object,java.util.function.BiConsumer) -> a
    135:135:com.g4mesoft.hotkey.GSKeyBinding registerKey(java.lang.String,java.lang.String,int,java.lang.Object,java.util.function.BiConsumer,boolean) -> a
    139:139:com.g4mesoft.hotkey.GSKeyBinding registerKey(java.lang.String,java.lang.String,net.minecraft.class_3675$class_307,int,java.lang.Object,java.util.function.BiConsumer) -> a
    143:146:com.g4mesoft.hotkey.GSKeyBinding registerKey(java.lang.String,java.lang.String,net.minecraft.class_3675$class_307,int,java.lang.Object,java.util.function.BiConsumer,boolean) -> a
    150:150:com.g4mesoft.hotkey.GSKeyBinding registerKey(java.lang.String,java.lang.String,int) -> a
    154:154:com.g4mesoft.hotkey.GSKeyBinding registerKey(java.lang.String,java.lang.String,int,boolean) -> a
    158:158:com.g4mesoft.hotkey.GSKeyBinding registerKey(java.lang.String,java.lang.String,net.minecraft.class_3675$class_307,int) -> a
    162:162:com.g4mesoft.hotkey.GSKeyBinding registerKey(java.lang.String,java.lang.String,net.minecraft.class_3675$class_307,int,boolean) -> a
    166:166:com.g4mesoft.hotkey.GSKeyBinding registerKey(java.lang.String,java.lang.String,int,com.g4mesoft.hotkey.GSIKeyListener) -> a
    170:170:com.g4mesoft.hotkey.GSKeyBinding registerKey(java.lang.String,java.lang.String,int,com.g4mesoft.hotkey.GSIKeyListener,boolean) -> a
    174:174:com.g4mesoft.hotkey.GSKeyBinding registerKey(java.lang.String,java.lang.String,net.minecraft.class_3675$class_307,int,com.g4mesoft.hotkey.GSIKeyListener) -> a
    178:188:com.g4mesoft.hotkey.GSKeyBinding registerKey(java.lang.String,java.lang.String,net.minecraft.class_3675$class_307,int,com.g4mesoft.hotkey.GSIKeyListener,boolean) -> a
    192:201:void addKeyBinding(com.g4mesoft.hotkey.GSKeyBinding) -> c
    204:205:void setKeyRegisterListener(com.g4mesoft.hotkey.GSIKeyRegisterListener) -> a
    208:215:void handleKeyEvent(net.minecraft.class_3675$class_306,java.util.function.Consumer) -> a
    218:230:void onKeyCodeChanged(com.g4mesoft.hotkey.GSKeyBinding,net.minecraft.class_3675$class_306,net.minecraft.class_3675$class_306) -> a
    233:241:void addKeyCodeMapping(com.g4mesoft.hotkey.GSKeyBinding) -> d
    244:245:void onKeyPressed(int,int,int) -> a
    248:249:void onKeyReleased(int,int,int) -> b
    252:253:void onKeyRepeat(int,int,int) -> c
    256:257:void onMousePressed(int,int) -> c
    260:261:void onMouseReleased(int,int) -> d
    264:264:java.util.List getKeyBindings() -> c
    146:146:void lambda$registerKey$1(java.util.function.BiConsumer,java.lang.Object,com.g4mesoft.hotkey.GSKeyBinding,com.g4mesoft.hotkey.GSEKeyEventType) -> a
    125:127:void lambda$registerKey$0(com.g4mesoft.hotkey.GSEKeyEventType,java.util.function.Consumer,java.lang.Object,com.g4mesoft.hotkey.GSKeyBinding,com.g4mesoft.hotkey.GSEKeyEventType) -> a
com.g4mesoft.mixin.client.GSBufferBuilderMixin -> com.g4mesoft.mixin.client.GSBufferBuilderMixin:
    java.nio.ByteBuffer field_1555 -> field_1555
    int field_1567 -> field_1567
    net.minecraft.class_293 field_1565 -> field_1565
    boolean field_1556 -> field_1556
    int field_20776 -> field_20776
    int field_1554 -> field_1554
    int field_20884 -> field_20884
    float offsetX -> offsetX
    float offsetY -> offsetY
    float offsetZ -> offsetZ
    boolean offsetVertices -> offsetVertices
    boolean positionFormat -> positionFormat
    com.g4mesoft.gui.GSClipAdjuster adjuster -> adjuster
    22:41:void <init>() -> <init>
    45:46:void begin(int,net.minecraft.class_293,org.spongepowered.asm.mixin.injection.callback.CallbackInfo) -> a
    50:52:void onNextHead(org.spongepowered.asm.mixin.injection.callback.CallbackInfo) -> a
    56:58:void onNextReturn(org.spongepowered.asm.mixin.injection.callback.CallbackInfo) -> b
    61:62:boolean hasPosition(net.minecraft.class_293) -> a
    66:70:void offsetVertexPosition(int) -> g
    74:75:void pushClip(float,float,float,float) -> a
    79:83:void pushClip(com.g4mesoft.gui.GSClipRect) -> a
    87:87:com.g4mesoft.gui.GSClipRect popClip() -> a
    92:99:void setOffset(float,float,float) -> a
    103:103:float getOffsetX() -> a
    108:108:float getOffsetY() -> b
    113:113:float getOffsetZ() -> c
    118:119:void setClipOffset(float,float) -> a
    123:123:float getClipXOffset() -> d
    128:128:float getClipYOffset() -> e
    133:133:java.nio.ByteBuffer getByteBuffer() -> a
    138:138:int getDrawMode() -> b
    143:143:net.minecraft.class_293 getVertexFormat() -> a
    148:148:int getBuildStart() -> c
    153:153:int getVertexCount() -> d
    158:159:void setVertexCount(int) -> a
    163:164:void setElementOffset(int) -> b
com.g4mesoft.mixin.client.GSClientPlayNetworkHandlerMixin -> com.g4mesoft.mixin.client.GSClientPlayNetworkHandlerMixin:
    int WORLD_TIME_UPDATE_INTERVAL -> WORLD_TIME_UPDATE_INTERVAL
    net.minecraft.class_310 field_3690 -> field_3690
    net.minecraft.class_638 field_3699 -> field_3699
    33:33:void <init>() -> <init>
    42:43:void onInit(org.spongepowered.asm.mixin.injection.callback.CallbackInfo) -> c
    47:59:void onCustomPayload(net.minecraft.class_2658,org.spongepowered.asm.mixin.injection.callback.CallbackInfo) -> a
    64:70:void onWorldTimeSync(net.minecraft.class_2761,org.spongepowered.asm.mixin.injection.callback.CallbackInfo) -> a
    77:110:boolean replaceChunkDataBlockEntityLoop(java.util.Iterator) -> a
com.g4mesoft.mixin.client.GSInGameHudMixin -> com.g4mesoft.mixin.client.GSInGameHudMixin:
    int TPS_LABEL_MAGIN -> TPS_LABEL_MAGIN
    float RED_START -> RED_START
    float RED_END -> RED_END
    float GREEN_START -> GREEN_START
    float GREEN_END -> GREEN_END
    float BLUE_START -> BLUE_START
    float BLUE_END -> BLUE_END
    int LABEL_COLOR_MIN -> LABEL_COLOR_MIN
    int LABEL_COLOR_MAX -> LABEL_COLOR_MAX
    int LABEL_COLOR_DIFF -> LABEL_COLOR_DIFF
    int LABEL_BACKGROUND_COLOR -> LABEL_BACKGROUND_COLOR
    int LABEL_TARGET_COLOR -> LABEL_TARGET_COLOR
    java.text.DecimalFormat LOW_PRECISION_TPS_FORMAT -> LOW_PRECISION_TPS_FORMAT
    net.minecraft.class_310 field_2035 -> field_2035
    26:26:void <init>() -> <init>
    net.minecraft.class_327 method_1756() -> method_1756
    53:78:void render(float,org.spongepowered.asm.mixin.injection.callback.CallbackInfo) -> a
    81:91:int getTpsLabelColor(float,float) -> a
    44:44:void <clinit>() -> <clinit>
com.g4mesoft.mixin.client.GSKeyboardMixin -> com.g4mesoft.mixin.client.GSKeyboardMixin:
    com.g4mesoft.hotkey.GSKeyManager keyManager -> keyManager
    net.minecraft.class_310 field_1678 -> field_1678
    18:18:void <init>() -> <init>
    26:28:void onKeyEvent(long,int,int,int,int,org.spongepowered.asm.mixin.injection.callback.CallbackInfo) -> a
    33:41:void onKeyPressRepeat(long,int,int,int,int,org.spongepowered.asm.mixin.injection.callback.CallbackInfo) -> b
    44:46:com.g4mesoft.hotkey.GSKeyManager getKeyManager() -> a
com.g4mesoft.mixin.client.GSMinecraftClientMixin -> com.g4mesoft.mixin.client.GSMinecraftClientMixin:
    net.minecraft.class_317 field_1728 -> field_1728
    net.minecraft.class_1144 field_1727 -> field_1727
    net.minecraft.class_746 field_1724 -> field_1724
    21:21:void <init>() -> <init>
    30:32:void onInit(org.spongepowered.asm.mixin.injection.callback.CallbackInfo) -> c
    38:40:void onDisconnect(net.minecraft.class_437,org.spongepowered.asm.mixin.injection.callback.CallbackInfo) -> a
    44:45:void onClientClose(org.spongepowered.asm.mixin.injection.callback.CallbackInfo) -> d
    49:51:void onTick(org.spongepowered.asm.mixin.injection.callback.CallbackInfo) -> e
com.g4mesoft.mixin.client.GSMouseMixin -> com.g4mesoft.mixin.client.GSMouseMixin:
    net.minecraft.class_310 field_1779 -> field_1779
    com.g4mesoft.hotkey.GSKeyManager keyManager -> keyManager
    double scrollX -> scrollX
    19:19:void <init>() -> <init>
    29:31:void onMouseEvent(long,int,int,int,org.spongepowered.asm.mixin.injection.callback.CallbackInfo) -> a
    36:38:void onMouseEventHandled(long,int,int,int,org.spongepowered.asm.mixin.injection.callback.CallbackInfo) -> b
    42:43:void onOnMouseScroll(long,double,double,org.spongepowered.asm.mixin.injection.callback.CallbackInfo) -> a
    47:47:double getScrollX() -> a
    51:53:com.g4mesoft.hotkey.GSKeyManager getKeyManager() -> a
com.g4mesoft.mixin.client.GSPistonBlockEntityMixin -> com.g4mesoft.mixin.client.GSPistonBlockEntityMixin:
    float PISTON_STEPS -> PISTON_STEPS
    float INCREMENTER -> INCREMENTER
    float actualLastProgress -> actualLastProgress
    net.minecraft.class_2350 field_12201 -> field_12201
    float field_12207 -> field_12207
    float field_12206 -> field_12206
    29:30:void <init>(net.minecraft.class_2591) -> <init>
    45:65:float getSmoothProgress(float) -> a
    70:70:float getSmoothRenderOffsetX(net.minecraft.class_2669,float) -> a
    75:75:float getSmoothRenderOffsetY(net.minecraft.class_2669,float) -> b
    80:80:float getSmoothRenderOffsetZ(net.minecraft.class_2669,float) -> c
    85:86:void onTagRead(net.minecraft.class_2487,org.spongepowered.asm.mixin.injection.callback.CallbackInfo) -> a
    90:91:void onTickProgressChanged(org.spongepowered.asm.mixin.injection.callback.CallbackInfo) -> f
    95:96:void onFinishProgressChanged(org.spongepowered.asm.mixin.injection.callback.CallbackInfo) -> g
    102:107:double method_11006() -> method_11006
com.g4mesoft.mixin.client.GSPistonBlockEntityRendererMixin -> com.g4mesoft.mixin.client.GSPistonBlockEntityRendererMixin:
    15:15:void <init>() -> <init>
    19:19:float getPistonProgress(net.minecraft.class_2669,float) -> d
    24:24:float fixShortArm(float) -> b
    31:31:float fixPistonBlink(float) -> c
com.g4mesoft.mixin.client.GSRenderTickCounterMixin -> com.g4mesoft.mixin.client.GSRenderTickCounterMixin:
    float field_1968 -> field_1968
    float field_1969 -> field_1969
    long field_1971 -> field_1971
    20:20:void <init>() -> <init>
    28:29:void onInit(float,long,org.spongepowered.asm.mixin.injection.callback.CallbackInfo) -> a
    34:40:void onModifyTickrate(long,org.spongepowered.asm.mixin.injection.callback.CallbackInfo) -> a
    44:45:void onBeginRenderTick(long,org.spongepowered.asm.mixin.injection.callback.CallbackInfo) -> b
    49:49:float getTickTime() -> f
com.g4mesoft.mixin.client.GSSoundSystemMixin -> com.g4mesoft.mixin.client.GSSoundSystemMixin:
    java.util.Map field_18950 -> field_18950
    com.g4mesoft.module.tps.GSTpsModule tpsModule -> tpsModule
    29:29:void <init>() -> <init>
    37:42:void onInit(net.minecraft.class_1144,net.minecraft.class_315,net.minecraft.class_3300,org.spongepowered.asm.mixin.injection.callback.CallbackInfo) -> a
    50:54:float method_4849(net.minecraft.class_1113) -> method_4849
    58:62:void updatePitch() -> E
    66:67:void tpsChanged(float,float) -> b
    71:73:void onSettingChanged(com.g4mesoft.setting.GSSettingCategory,com.g4mesoft.setting.GSSetting) -> a
    60:60:void lambda$updatePitch$0(float,net.minecraft.class_4224) -> a
com.g4mesoft.mixin.server.GSClientConnectionMixin -> com.g4mesoft.mixin.server.GSClientConnectionMixin:
    14:14:void <init>() -> <init>
    20:20:void onExceptionCaught(io.netty.channel.ChannelHandlerContext,java.lang.Throwable,org.spongepowered.asm.mixin.injection.callback.CallbackInfo) -> a
com.g4mesoft.mixin.server.GSCommandManagerMixin -> com.g4mesoft.mixin.server.GSCommandManagerMixin:
    com.mojang.brigadier.CommandDispatcher field_9832 -> field_9832
    17:17:void <init>() -> <init>
    23:24:void registerCommands(boolean,org.spongepowered.asm.mixin.injection.callback.CallbackInfo) -> a
com.g4mesoft.mixin.server.GSCustomPayloadC2SPacketMixin -> com.g4mesoft.mixin.server.GSCustomPayloadC2SPacketMixin:
    net.minecraft.class_2960 field_12830 -> field_12830
    net.minecraft.class_2540 field_12832 -> field_12832
    14:14:void <init>() -> <init>
    21:21:net.minecraft.class_2960 getChannelGS() -> b
    26:26:net.minecraft.class_2540 getDataGS() -> a
com.g4mesoft.mixin.server.GSCustomPayloadS2CPacketMixin -> com.g4mesoft.mixin.server.GSCustomPayloadS2CPacketMixin:
    net.minecraft.class_2960 field_12165 -> field_12165
    net.minecraft.class_2540 field_12162 -> field_12162
    13:13:void <init>() -> <init>
    20:20:net.minecraft.class_2960 getChannelGS() -> b
    25:25:net.minecraft.class_2540 getDataGS() -> a
com.g4mesoft.mixin.server.GSMinecraftServerMixin -> com.g4mesoft.mixin.server.GSMinecraftServerMixin:
    float msAccum -> msAccum
    float msPerTick -> msPerTick
    boolean tpsChanged -> tpsChanged
    org.apache.logging.log4j.Logger field_4546 -> field_4546
    boolean field_4544 -> field_4544
    long field_4571 -> field_4571
    long field_4557 -> field_4557
    boolean field_4597 -> field_4597
    net.minecraft.class_3689 field_16258 -> field_16258
    boolean field_4547 -> field_4547
    boolean field_19249 -> field_19249
    long field_19248 -> field_19248
    24:27:void <init>() -> <init>
    void method_3748(java.util.function.BooleanSupplier) -> method_3748
    boolean method_3866() -> method_3866
    void method_16208() -> method_16208
    48:53:void tpsChanged(float,float) -> b
    56:57:void resetTimeReference() -> F
    65:68:void onInitialized(org.spongepowered.asm.mixin.injection.callback.CallbackInfo) -> h
    77:114:void onModifiedRunLoop(org.spongepowered.asm.mixin.injection.callback.CallbackInfo) -> i
    118:120:void onTick(java.util.function.BooleanSupplier,org.spongepowered.asm.mixin.injection.callback.CallbackInfo) -> a
    124:125:void onShutdown(org.spongepowered.asm.mixin.injection.callback.CallbackInfo) -> j
com.g4mesoft.mixin.server.GSPlayerManagerMixin -> com.g4mesoft.mixin.server.GSPlayerManagerMixin:
    19:19:void <init>() -> <init>
    net.minecraft.class_3222 method_14602(java.util.UUID) -> method_14602
    25:26:void onPlayerJoin(net.minecraft.class_2535,net.minecraft.class_3222,org.spongepowered.asm.mixin.injection.callback.CallbackInfo) -> a
    30:31:void onPlayerLeave(net.minecraft.class_3222,org.spongepowered.asm.mixin.injection.callback.CallbackInfo) -> a
    35:36:void onAddToOperators(com.mojang.authlib.GameProfile,org.spongepowered.asm.mixin.injection.callback.CallbackInfo) -> a
    40:41:void onRemoveFromOperators(com.mojang.authlib.GameProfile,org.spongepowered.asm.mixin.injection.callback.CallbackInfo) -> b
    47:50:void onPlayerPermissionChanged(com.mojang.authlib.GameProfile) -> a
com.g4mesoft.mixin.server.GSServerPlayNetworkHandlerMixin -> com.g4mesoft.mixin.server.GSServerPlayNetworkHandlerMixin:
    com.g4mesoft.core.GSVersion version -> version
    com.g4mesoft.GSExtensionUID[] extensionUids -> extensionUids
    java.util.Set extensionUidSet -> extensionUidSet
    java.util.Map translationVersions -> translationVersions
    net.minecraft.class_3222 field_14140 -> field_14140
    31:38:void <init>() -> <init>
    44:55:void onCustomPayload(net.minecraft.class_2817,org.spongepowered.asm.mixin.injection.callback.CallbackInfo) -> a
    59:60:void setCoreVersion(com.g4mesoft.core.GSVersion) -> a
    64:64:com.g4mesoft.core.GSVersion getCoreVersion() -> a
    69:74:void setExtensionUids(com.g4mesoft.GSExtensionUID[]) -> a
    78:78:com.g4mesoft.GSExtensionUID[] getExtensionUids() -> a
    83:83:boolean isExtensionInstalled(com.g4mesoft.GSExtensionUID) -> a
    88:89:void setTranslationVersion(com.g4mesoft.GSExtensionUID,int) -> a
    93:93:int getTranslationVersion(com.g4mesoft.GSExtensionUID) -> a
com.g4mesoft.mixin.server.GSServerWorldMixin -> com.g4mesoft.mixin.server.GSServerWorldMixin:
    12:12:void <init>() -> <init>
    16:16:double blockEventDistance(double) -> c
com.g4mesoft.mixin.server.GSTranslatableTextMixin -> com.g4mesoft.mixin.server.GSTranslatableTextMixin:
    long field_11871 -> field_11871
    java.lang.String field_11876 -> field_11876
    java.util.List field_11877 -> field_11877
    long lastTranslationTimestamp -> lastTranslationTimestamp
    21:27:void <init>() -> <init>
    void method_11024(java.lang.String) -> method_11024
    33:60:void onUpdateTranslations(org.spongepowered.asm.mixin.injection.callback.CallbackInfo) -> k
com.g4mesoft.module.tps.GSETpsHotkeyType -> core.ak:
    com.g4mesoft.module.tps.GSETpsHotkeyType RESET_TPS -> a
    com.g4mesoft.module.tps.GSETpsHotkeyType INCREMENT_TPS -> b
    com.g4mesoft.module.tps.GSETpsHotkeyType DECREMENT_TPS -> c
    com.g4mesoft.module.tps.GSETpsHotkeyType DOUBLE_TPS -> d
    com.g4mesoft.module.tps.GSETpsHotkeyType HALVE_TPS -> e
    com.g4mesoft.module.tps.GSETpsHotkeyType[] HOTKEY_TYPES -> a
    int index -> aw
    com.g4mesoft.module.tps.GSETpsHotkeyType[] $VALUES -> b
    3:3:com.g4mesoft.module.tps.GSETpsHotkeyType[] values() -> values
    3:3:com.g4mesoft.module.tps.GSETpsHotkeyType valueOf(java.lang.String) -> valueOf
    26:28:void <init>(java.lang.String,int,int) -> <init>
    31:33:com.g4mesoft.module.tps.GSETpsHotkeyType fromIndex(int) -> a
    37:37:int getIndex() -> N
    3:22:void <clinit>() -> <clinit>
com.g4mesoft.module.tps.GSITpsDependant -> core.al:
    void tpsChanged(float,float) -> b
com.g4mesoft.module.tps.GSRenderTickCounterAdjuster -> core.am:
    float DEFAULT_MS_PER_TICK -> k
    float EXTRA_SERVER_SYNC_DELAY -> l
    float MIN_SERVER_SYNC_DELAY -> m
    float SYNC_DELAY_EASING_FACTOR -> n
    com.g4mesoft.module.tps.GSRenderTickCounterAdjuster INSTANCE -> a
    boolean initialized -> g
    float msPerTick -> msPerTick
    java.lang.Object serverSyncLock -> a
    float approximatedServerTickDelta -> o
    boolean serverSyncReceived -> t
    long serverLast -> c
    int serverTicksSinceLastSync -> ax
    int serverSyncInterval -> ay
    long clientLast -> d
    float serverSyncDelay -> p
    boolean tickAfterServer -> u
    com.g4mesoft.module.tps.GSTpsModule tpsModule -> tpsModule
    22:40:void <init>() -> <init>
    43:61:void init(float,long) -> a
    68:68:float getAdjustedMsPerTick(net.minecraft.class_317) -> a
    72:82:void performSynchronization(net.minecraft.class_317,long) -> a
    86:100:void updateServerClock(net.minecraft.class_317,long) -> b
    103:108:void updateSyncDelay(net.minecraft.class_317,long) -> c
    111:120:boolean shouldAdjustTickDelta() -> t
    124:157:void adjustTickDelta(net.minecraft.class_317) -> a
    161:162:void tpsChanged(float,float) -> b
    165:172:void onServerTickSync(int) -> h
    175:175:com.g4mesoft.module.tps.GSRenderTickCounterAdjuster getInstance() -> a
    20:20:void <clinit>() -> <clinit>
com.g4mesoft.module.tps.GSServerSyncPacket -> core.an:
    int packetInterval -> az
    18:19:void <init>() -> <init>
    21:23:void <init>(int) -> <init>
    27:28:void read(net.minecraft.class_2540) -> a
    32:33:void write(net.minecraft.class_2540) -> b
    37:37:void handleOnServer(com.g4mesoft.core.server.GSControllerServer,net.minecraft.class_3222) -> a
    42:43:void handleOnClient(com.g4mesoft.core.client.GSControllerClient) -> b
    47:47:boolean shouldForceMainThread() -> u
com.g4mesoft.module.tps.GSServerTpsPacket -> core.ao:
    float serverTps -> q
    16:17:void <init>() -> <init>
    19:21:void <init>(float) -> <init>
    25:26:void read(net.minecraft.class_2540) -> a
    30:31:void write(net.minecraft.class_2540) -> b
    35:35:void handleOnServer(com.g4mesoft.core.server.GSControllerServer,net.minecraft.class_3222) -> a
    39:40:void handleOnClient(com.g4mesoft.core.client.GSControllerClient) -> b
com.g4mesoft.module.tps.GSTpsChangePacket -> core.ap:
    float requestedTps -> r
    18:19:void <init>() -> <init>
    21:23:void <init>(float) -> <init>
    27:28:void read(net.minecraft.class_2540) -> a
    32:33:void write(net.minecraft.class_2540) -> b
    37:40:void handleOnServer(com.g4mesoft.core.server.GSControllerServer,net.minecraft.class_3222) -> a
    45:46:void handleOnClient(com.g4mesoft.core.client.GSControllerClient) -> b
com.g4mesoft.module.tps.GSTpsCommand -> core.aq:
    15:15:void <init>() -> <init>
    18:29:void registerCommand(com.mojang.brigadier.CommandDispatcher) -> c
    32:55:int informCurrentTps(net.minecraft.class_2168) -> b
    59:61:java.lang.String formatSign(int) -> b
    65:69:int setCurrentTps(net.minecraft.class_2168,float) -> a
    25:25:int lambda$registerCommand$2(com.mojang.brigadier.context.CommandContext) -> b
    22:22:int lambda$registerCommand$1(com.mojang.brigadier.context.CommandContext) -> c
    19:19:boolean lambda$registerCommand$0(net.minecraft.class_2168) -> a
com.g4mesoft.module.tps.GSTpsHotkeyPacket -> core.ar:
    com.g4mesoft.module.tps.GSETpsHotkeyType type -> f
    boolean sneaking -> v
    19:20:void <init>() -> <init>
    22:25:void <init>(com.g4mesoft.module.tps.GSETpsHotkeyType,boolean) -> <init>
    29:31:void read(net.minecraft.class_2540) -> a
    35:37:void write(net.minecraft.class_2540) -> b
    41:42:void handleOnServer(com.g4mesoft.core.server.GSControllerServer,net.minecraft.class_3222) -> a
    47:48:void handleOnClient(com.g4mesoft.core.client.GSControllerClient) -> b
com.g4mesoft.module.tps.GSTpsModule -> core.as:
    float DEFAULT_TPS -> s
    float MIN_TPS -> t
    float MAX_TPS -> u
    float MS_PER_SEC -> v
    long SERVER_TPS_INTERVAL -> e
    float TPS_INCREMENT_INTERVAL -> w
    float TONE_MULTIPLIER -> x
    com.g4mesoft.core.GSVersion TPS_INTRODUCTION_VERSION -> g
    com.g4mesoft.core.GSVersion TPS_MONITOR_INTRODUCTION_VERSION -> h
    com.g4mesoft.setting.GSSettingCategory TPS_CATEGORY -> b
    com.g4mesoft.setting.GSSettingCategory BETTER_PISTONS_CATEGORY -> c
    java.lang.String KEY_CATEGORY -> H
    int PISTON_ANIM_PAUSE_END -> aA
    int PISTON_ANIM_PAUSE_BEGINNING -> aB
    int PISTON_ANIM_NO_PAUSE -> aC
    int AUTOMATIC_PISTON_RENDER_DISTANCE -> aD
    java.text.DecimalFormat TPS_FORMAT -> b
    float tps -> y
    java.util.List listeners -> m
    int serverSyncTimer -> aE
    com.g4mesoft.module.tps.GSTpsMonitor serverTpsMonitor -> a
    long lastServerTpsTime -> f
    float serverTps -> q
    com.g4mesoft.core.GSIModuleManager manager -> a
    com.g4mesoft.setting.types.GSBooleanSetting cShiftPitch -> a
    com.g4mesoft.setting.types.GSBooleanSetting cSyncTick -> b
    com.g4mesoft.setting.types.GSFloatSetting cSyncTickAggression -> a
    com.g4mesoft.setting.types.GSBooleanSetting cForceCarpetTickrate -> c
    com.g4mesoft.setting.types.GSIntegerSetting sSyncPacketInterval -> a
    com.g4mesoft.setting.types.GSBooleanSetting sAllowHotkeyControls -> d
    com.g4mesoft.setting.types.GSBooleanSetting cShowTpsLabel -> e
    com.g4mesoft.setting.types.GSBooleanSetting sBroadcastTps -> f
    com.g4mesoft.setting.types.GSIntegerSetting cPistonAnimationType -> b
    com.g4mesoft.setting.types.GSIntegerSetting cPistonRenderDistance -> c
    com.g4mesoft.setting.types.GSIntegerSetting sBlockEventDistance -> d
    74:114:void <init>() -> <init>
    118:123:void init(com.g4mesoft.core.GSIModuleManager) -> a
    127:134:void onClose() -> d
    138:150:void registerClientSettings(com.g4mesoft.setting.GSSettingManager) -> a
    154:168:void registerHotkeys(com.g4mesoft.hotkey.GSKeyManager) -> a
    172:177:void registerServerSettings(com.g4mesoft.setting.GSSettingManager) -> b
    181:182:void registerCommands(com.mojang.brigadier.CommandDispatcher) -> a
    186:219:void tick() -> tick
    222:224:void onServerTps(float) -> c
    227:246:void onHotkey(com.g4mesoft.module.tps.GSETpsHotkeyType) -> a
    249:267:void onPlayerHotkey(net.minecraft.class_3222,com.g4mesoft.module.tps.GSETpsHotkeyType,boolean) -> a
    270:334:void performHotkeyAction(com.g4mesoft.module.tps.GSETpsHotkeyType,boolean) -> a
    338:341:void onDisconnectServer() -> e
    345:347:void onG4mespeedClientJoin(net.minecraft.class_3222,com.g4mesoft.core.GSVersion) -> a
    350:354:void addTpsListener(com.g4mesoft.module.tps.GSITpsDependant) -> a
    357:360:void removeTpsListener(com.g4mesoft.module.tps.GSITpsDependant) -> b
    363:366:void clearTpsListeners() -> G
    369:370:void resetTps() -> H
    373:404:void setTps(float) -> d
    407:407:boolean isPlayerAllowedTpsChange(net.minecraft.class_3222) -> b
    412:414:void onSettingChanged(com.g4mesoft.setting.GSSettingCategory,com.g4mesoft.setting.GSSetting) -> a
    418:419:void onCarpetTickrateChanged(float) -> b
    422:422:float getMsPerTick() -> h
    426:426:float getTps() -> i
    431:435:void onServerSyncPacket(int) -> i
    439:441:float getServerTps() -> j
    385:398:void lambda$setTps$4(com.g4mesoft.core.server.GSIModuleManagerServer) -> a
    346:346:void lambda$onG4mespeedClientJoin$3(net.minecraft.class_3222,com.g4mesoft.core.server.GSIModuleManagerServer) -> a
    256:264:void lambda$onPlayerHotkey$2(net.minecraft.class_3222,com.g4mesoft.core.server.GSIModuleManagerServer) -> b
    228:245:void lambda$onHotkey$1(com.g4mesoft.module.tps.GSETpsHotkeyType,com.g4mesoft.core.client.GSIModuleManagerClient) -> a
    187:209:void lambda$tick$0(com.g4mesoft.core.server.GSIModuleManagerServer) -> b
    49:65:void <clinit>() -> <clinit>
com.g4mesoft.module.tps.GSTpsModule$1 -> core.at:
    int[] $SwitchMap$com$g4mesoft$module$tps$GSETpsHotkeyType -> c
    303:303:void <clinit>() -> <clinit>
com.g4mesoft.module.tps.GSTpsMonitor -> core.au:
    long MILLIS_PER_SECOND -> g
    int MAX_TPS_HISTORY_SIZE -> aF
    int[] tpsHistory -> d
    int tpsHistorySize -> aG
    int tpsHistoryPosition -> aH
    long tpsAccumulator -> h
    long lastUpdateTime -> i
    int ticks -> aI
    float averageTps -> z
    22:26:void <init>() -> <init>
    29:36:void reset() -> g
    39:76:void update(int) -> j
    79:87:void addToHistory(int) -> k
    90:90:float getAverageTps() -> k
com.g4mesoft.module.translation.GSOutdatedTranslationVersionPacket -> core.av:
    int translationVersion -> aJ
    18:19:void <init>() -> <init>
    22:24:void <init>(int) -> <init>
    28:29:void read(net.minecraft.class_2540) -> a
    33:34:void write(net.minecraft.class_2540) -> b
    38:39:void handleOnServer(com.g4mesoft.core.server.GSControllerServer,net.minecraft.class_3222) -> a
    44:44:void handleOnClient(com.g4mesoft.core.client.GSControllerClient) -> b
com.g4mesoft.module.translation.GSTranslationCache -> core.aw:
    int cacheVersion -> aK
    java.util.Map translations -> f
    12:15:void <init>(int,java.util.Map) -> <init>
    18:19:void getAllTranslations(java.util.Map) -> a
    22:22:int getCacheVersion() -> O
    26:28:com.g4mesoft.module.translation.GSTranslationCache merge(com.g4mesoft.module.translation.GSTranslationCache) -> a
    32:32:java.util.Map getTranslationMap() -> a
com.g4mesoft.module.translation.GSTranslationCacheList -> core.ax:
    java.util.Map caches -> g
    int cachedTranslationVersion -> aL
    12:15:void <init>() -> <init>
    18:26:void addTranslationCache(com.g4mesoft.module.translation.GSTranslationCache) -> a
    29:29:int getVersion() -> P
    33:33:java.util.Map getCaches() -> b
com.g4mesoft.module.translation.GSTranslationCachePacket -> core.ay:
    com.g4mesoft.GSExtensionUID uid -> c
    com.g4mesoft.module.translation.GSTranslationCache cache -> a
    25:26:void <init>() -> <init>
    28:31:void <init>(com.g4mesoft.GSExtensionUID,com.g4mesoft.module.translation.GSTranslationCache) -> <init>
    35:42:void read(net.minecraft.class_2540,com.g4mesoft.core.GSVersion) -> a
    46:58:void read(net.minecraft.class_2540) -> a
    62:72:void write(net.minecraft.class_2540) -> b
    76:76:void handleOnServer(com.g4mesoft.core.server.GSControllerServer,net.minecraft.class_3222) -> a
    81:82:void handleOnClient(com.g4mesoft.core.client.GSControllerClient) -> b
    86:86:boolean shouldForceMainThread() -> u
com.g4mesoft.module.translation.GSTranslationModule -> core.az:
    com.g4mesoft.core.GSVersion TRANSLATION_INTRODUCTION_VERSION -> i
    com.g4mesoft.core.GSVersion TRANSLATION_EXTENSION_VERSION -> j
    java.lang.String CACHED_TRANSLATION_FILENAME -> I
    int INVALID_TRANSLATION_VERSION -> aM
    long MAX_CACHE_LIFE_HOURS -> j
    java.util.Map translations -> f
    java.util.Map cacheLists -> h
    com.g4mesoft.core.GSIModuleManager manager -> a
    long cacheSaveTime -> k
    long translationsChangeTimestamp -> l
    54:59:void <init>() -> <init>
    63:77:void init(com.g4mesoft.core.GSIModuleManager) -> a
    81:100:void onClose() -> d
    104:105:void extensionAdded(com.g4mesoft.GSIExtension) -> extensionAdded
    108:116:void addExtensionTranslations(com.g4mesoft.GSIExtension) -> d
    120:133:void onJoinG4mespeedServer(com.g4mesoft.core.GSVersion) -> b
    136:137:void onOutdatedTranslationVersionReceived(net.minecraft.class_3222,int) -> a
    140:142:void onTranslationVersionsReceived(net.minecraft.class_3222,java.util.Map) -> a
    147:168:void sendMissingTranslations(net.minecraft.class_3222,com.g4mesoft.GSExtensionUID,int) -> a
    171:197:void loadCachedTranslations(java.io.InputStream) -> a
    200:203:void loadTranslations(java.io.InputStream,com.g4mesoft.GSExtensionUID,boolean) -> a
    206:248:void loadTranslations(java.io.BufferedReader,com.g4mesoft.GSExtensionUID,boolean) -> a
    251:279:void saveTranslations(java.io.OutputStream) -> a
    282:282:java.io.File getCachedFile(com.g4mesoft.core.GSIModuleManager) -> a
    286:296:void addTranslationCache(com.g4mesoft.GSExtensionUID,com.g4mesoft.module.translation.GSTranslationCache) -> a
    299:299:long getTranslationTimestamp() -> a
    303:304:java.lang.String getTranslation(java.lang.String) -> a
    308:309:java.lang.String getFormattedTranslation(java.lang.String,java.lang.Object[]) -> a
    313:313:boolean hasTranslation(java.lang.String) -> b
    153:164:void lambda$sendMissingTranslations$5(com.g4mesoft.module.translation.GSTranslationCacheList,int,com.g4mesoft.GSExtensionUID,net.minecraft.class_3222,com.g4mesoft.core.server.GSIModuleManagerServer) -> a
    154:154:int lambda$null$4(com.g4mesoft.module.translation.GSTranslationCache,com.g4mesoft.module.translation.GSTranslationCache) -> a
    129:129:void lambda$onJoinG4mespeedServer$3(com.g4mesoft.packet.GSIPacket,com.g4mesoft.core.client.GSIModuleManagerClient) -> a
    123:123:void lambda$onJoinG4mespeedServer$2(com.g4mesoft.packet.GSIPacket,com.g4mesoft.core.client.GSIModuleManagerClient) -> b
    83:97:void lambda$onClose$1(com.g4mesoft.core.client.GSIModuleManagerClient) -> a
    66:73:void lambda$init$0(com.g4mesoft.core.GSIModuleManager,com.g4mesoft.core.client.GSIModuleManagerClient) -> a
    38:39:void <clinit>() -> <clinit>
com.g4mesoft.module.translation.GSTranslationVersionsPacket -> core.aA:
    java.util.Map uidToVersion -> i
    21:22:void <init>() -> <init>
    24:29:void <init>(java.util.Map) -> <init>
    33:41:void read(net.minecraft.class_2540) -> a
    45:51:void write(net.minecraft.class_2540) -> b
    55:56:void handleOnServer(com.g4mesoft.core.server.GSControllerServer,net.minecraft.class_3222) -> a
    61:61:void handleOnClient(com.g4mesoft.core.client.GSControllerClient) -> b
com.g4mesoft.packet.GSICustomPayloadHolder -> core.aB:
    net.minecraft.class_2960 getChannelGS() -> b
    net.minecraft.class_2540 getDataGS() -> a
com.g4mesoft.packet.GSIPacket -> core.aC:
    void read(net.minecraft.class_2540) -> a
    19:20:void read(net.minecraft.class_2540,com.g4mesoft.core.GSVersion) -> a
    void write(net.minecraft.class_2540) -> b
    void handleOnServer(com.g4mesoft.core.server.GSControllerServer,net.minecraft.class_3222) -> a
    void handleOnClient(com.g4mesoft.core.client.GSControllerClient) -> b
    30:30:boolean shouldForceMainThread() -> u
com.g4mesoft.packet.GSPacketManager -> core.aD:
    net.minecraft.class_2960 GS_IDENTIFIER -> c
    int MIN_CORE_FALLBACK_PACKET_ID -> aN
    int MAX_CORE_FALLBACK_PACKET_ID -> aO
    short INVALID_FALLBACK_PACKET_ID -> a
    com.g4mesoft.packet.GSPacketRegistryList registryList -> a
    30:35:void <init>() -> <init>
    38:57:net.minecraft.class_2596 encodePacket(com.g4mesoft.packet.GSIPacket,com.g4mesoft.core.GSController) -> a
    61:91:com.g4mesoft.packet.GSIPacket decodePacket(com.g4mesoft.packet.GSICustomPayloadHolder,com.g4mesoft.core.GSVersion,net.minecraft.class_2547,net.minecraft.class_1255) -> a
    96:106:boolean isFallbackPacket(long) -> a
    110:110:short getFallbackId(long) -> a
    114:114:com.g4mesoft.registry.GSElementRegistry getFallbackRegistry() -> a
    118:121:void registerPackets(com.g4mesoft.GSIExtension) -> e
    21:21:void <clinit>() -> <clinit>
com.g4mesoft.packet.GSPacketRegistryList -> core.aE:
    java.util.Map uidToRegistry -> j
    java.util.Map idCache -> k
    14:17:void <init>() -> <init>
    20:37:long getFullPacketId(java.lang.Class) -> a
    41:45:com.g4mesoft.packet.GSIPacket createNewPacket(long) -> a
    49:49:com.g4mesoft.registry.GSElementRegistry getPacketRegistry(com.g4mesoft.GSExtensionUID) -> a
    53:58:void addPacketRegistry(com.g4mesoft.GSExtensionUID,com.g4mesoft.registry.GSElementRegistry) -> a
    61:61:com.g4mesoft.GSExtensionUID getPacketExtensionUID(long) -> a
    65:65:int getBasicPacketId(long) -> a
com.g4mesoft.registry.GSElementRegistry -> core.aF:
    java.util.Map elementToId -> l
    java.util.Map idToElement -> m
    java.util.Map idToSupplier -> n
    13:17:void <init>() -> <init>
    20:28:void register(int,java.lang.Class,java.util.function.Supplier) -> a
    31:31:java.lang.Class getElementFromId(int) -> a
    35:35:boolean containsElement(java.lang.Class) -> a
    39:40:int getIdFromElement(java.lang.Class) -> a
    44:45:java.lang.Object createNewElement(int) -> a
com.g4mesoft.setting.GSISettingChangeListener -> core.aG:
    5:5:void onSettingChanged(com.g4mesoft.setting.GSSettingCategory,com.g4mesoft.setting.GSSetting) -> a
    7:7:void onSettingAdded(com.g4mesoft.setting.GSSettingCategory,com.g4mesoft.setting.GSSetting) -> b
    9:9:void onSettingRemoved(com.g4mesoft.setting.GSSettingCategory,com.g4mesoft.setting.GSSetting) -> c
com.g4mesoft.setting.GSRemoteSettingManager -> core.aH:
    com.g4mesoft.core.client.GSControllerClient controllerClient -> b
    java.util.Map shadowSettings -> o
    boolean remoteSettingChanging -> w
    boolean allowedSettingChange -> x
    18:25:void <init>(com.g4mesoft.core.client.GSControllerClient) -> <init>
    29:30:void registerSetting(com.g4mesoft.setting.GSSettingCategory,com.g4mesoft.setting.GSSetting) -> e
    33:42:void registerShadowSetting(com.g4mesoft.setting.GSSettingCategory,com.g4mesoft.setting.GSSetting) -> f
    45:46:com.g4mesoft.setting.GSSetting getShadowSetting(com.g4mesoft.setting.GSSettingCategory,java.lang.String) -> a
    50:53:void updateShadowValue(com.g4mesoft.setting.GSSettingCategory,com.g4mesoft.setting.GSSetting) -> g
    57:63:void settingChanged(com.g4mesoft.setting.GSSettingCategory,com.g4mesoft.setting.GSSetting) -> h
    67:70:void settingAdded(com.g4mesoft.setting.GSSettingCategory,com.g4mesoft.setting.GSSetting) -> i
    74:79:void settingRemoved(com.g4mesoft.setting.GSSettingCategory,com.g4mesoft.setting.GSSetting) -> j
    82:87:void onRemoteSettingMapReceived(com.g4mesoft.setting.GSSettingMap) -> a
    90:97:void onRemoteSettingChanged(com.g4mesoft.setting.GSSettingCategory,com.g4mesoft.setting.GSSetting) -> k
    100:101:void onRemoteSettingAdded(com.g4mesoft.setting.GSSettingCategory,com.g4mesoft.setting.GSSetting) -> l
    104:105:void onRemoteSettingRemoved(com.g4mesoft.setting.GSSettingCategory,com.g4mesoft.setting.GSSetting) -> m
    108:116:void setAllowedSettingChange(boolean) -> f
    119:119:boolean isAllowedSettingChange() -> v
com.g4mesoft.setting.GSServerSettingMapPacket -> core.aI:
    com.g4mesoft.core.GSVersion DISABLE_SETTING_INTRODUCTION -> k
    com.g4mesoft.setting.GSSettingMap settingMap -> a
    21:22:void <init>() -> <init>
    24:26:void <init>(com.g4mesoft.setting.GSSettingMap) -> <init>
    30:32:void read(net.minecraft.class_2540) -> a
    36:38:void write(net.minecraft.class_2540) -> b
    42:42:void handleOnServer(com.g4mesoft.core.server.GSControllerServer,net.minecraft.class_3222) -> a
    47:48:void handleOnClient(com.g4mesoft.core.client.GSControllerClient) -> b
    17:17:void <clinit>() -> <clinit>
com.g4mesoft.setting.GSSetting -> core.aJ:
    java.lang.String name -> F
    java.lang.Object defaultValue -> b
    boolean visibleInGui -> y
    com.g4mesoft.setting.GSSettingMap settingOwner -> b
    boolean active -> z
    boolean enabledInGui -> A
    14:23:void <init>(java.lang.String,java.lang.Object,boolean) -> <init>
    26:26:java.lang.String getName() -> b
    30:33:void setSettingOwner(com.g4mesoft.setting.GSSettingMap) -> b
    36:38:void notifyOwnerChange() -> I
    java.lang.Object getValue() -> a
    com.g4mesoft.setting.GSSetting setValue(java.lang.Object) -> a
    boolean isDefaultValue() -> w
    boolean isSameType(com.g4mesoft.setting.GSSetting) -> a
    com.g4mesoft.setting.GSSetting copySetting() -> a
    51:52:void reset() -> g
    56:58:void setValueIfSameType(com.g4mesoft.setting.GSSetting) -> d
    61:61:java.lang.Object getDefaultValue() -> b
    65:66:void setActive(boolean) -> g
    69:69:boolean isActive() -> x
    73:73:boolean isVisibleInGUI() -> y
    77:81:com.g4mesoft.setting.GSSetting setEnabledInGui(boolean) -> a
    85:85:boolean isEnabledInGui() -> z
com.g4mesoft.setting.GSSettingCategory -> core.aK:
    java.lang.String name -> F
    11:13:void <init>(java.lang.String) -> <init>
    16:16:java.lang.String getName() -> b
    21:21:int hashCode() -> hashCode
    26:28:boolean equals(java.lang.Object) -> equals
    32:32:com.g4mesoft.setting.GSSettingCategory read(net.minecraft.class_2540) -> a
    36:37:void write(net.minecraft.class_2540) -> b
com.g4mesoft.setting.GSSettingChangePacket -> core.aL:
    com.g4mesoft.core.GSVersion DISABLE_SETTING_INTRODUCTION -> k
    com.g4mesoft.setting.GSSettingCategory category -> a
    com.g4mesoft.setting.GSSetting setting -> a
    com.g4mesoft.setting.GSSettingChangePacket$GSESettingChangeType type -> a
    25:26:void <init>() -> <init>
    28:32:void <init>(com.g4mesoft.setting.GSSettingCategory,com.g4mesoft.setting.GSSetting,com.g4mesoft.setting.GSSettingChangePacket$GSESettingChangeType) -> <init>
    36:45:void read(net.minecraft.class_2540) -> a
    51:61:void write(net.minecraft.class_2540) -> b
    65:73:void handleOnServer(com.g4mesoft.core.server.GSControllerServer,net.minecraft.class_3222) -> a
    78:91:void handleOnClient(com.g4mesoft.core.client.GSControllerClient) -> b
    19:19:void <clinit>() -> <clinit>
com.g4mesoft.setting.GSSettingChangePacket$1 -> core.aM:
    int[] $SwitchMap$com$g4mesoft$setting$GSSettingChangePacket$GSESettingChangeType -> e
    80:80:void <clinit>() -> <clinit>
com.g4mesoft.setting.GSSettingChangePacket$GSESettingChangeType -> core.aN:
    com.g4mesoft.setting.GSSettingChangePacket$GSESettingChangeType SETTING_CHANGED -> b
    com.g4mesoft.setting.GSSettingChangePacket$GSESettingChangeType SETTING_ADDED -> c
    com.g4mesoft.setting.GSSettingChangePacket$GSESettingChangeType SETTING_REMOVED -> d
    int index -> aw
    com.g4mesoft.setting.GSSettingChangePacket$GSESettingChangeType[] $VALUES -> a
    93:93:com.g4mesoft.setting.GSSettingChangePacket$GSESettingChangeType[] values() -> values
    93:93:com.g4mesoft.setting.GSSettingChangePacket$GSESettingChangeType valueOf(java.lang.String) -> valueOf
    100:102:void <init>(java.lang.String,int,int) -> <init>
    105:114:com.g4mesoft.setting.GSSettingChangePacket$GSESettingChangeType fromIndex(int) -> a
    118:118:int getIndex() -> N
    93:96:void <clinit>() -> <clinit>
com.g4mesoft.setting.GSSettingManager -> core.aO:
    java.lang.String UNKNOWN_SETTING_TYPE -> J
    byte CATEGORY_ENTRY_CODE -> a
    java.util.Map settings -> p
    java.util.List listeners -> m
    java.util.Map typeToDecoder -> q
    java.util.Map clazzToDecoder -> r
    53:56:void <init>() -> <init>
    59:63:void registerDefaultParsers() -> J
    66:82:void registerSettingDecoder(com.g4mesoft.setting.decoder.GSISettingDecoder) -> a
    85:90:com.g4mesoft.setting.decoder.GSISettingDecoder getSettingDecoder(java.lang.String) -> a
    95:100:com.g4mesoft.setting.decoder.GSISettingDecoder getSettingDecoder(java.lang.Class) -> a
    104:108:void loadSettings(java.io.File) -> c
    112:119:void saveSettings(java.io.File) -> d
    122:126:void readSettings(java.io.FileInputStream) -> a
    129:137:void writeSettings(java.io.FileOutputStream) -> a
    140:156:void readSettings(net.minecraft.class_2540) -> c
    159:169:void writeSettings(net.minecraft.class_2540) -> d
    172:173:com.g4mesoft.setting.GSSetting getSetting(com.g4mesoft.setting.GSSettingCategory,java.lang.String) -> b
    177:184:void registerSetting(com.g4mesoft.setting.GSSettingCategory,com.g4mesoft.setting.GSSetting) -> e
    187:190:void removeSetting(com.g4mesoft.setting.GSSettingCategory,java.lang.String) -> a
    193:193:java.util.Collection getSettings() -> b
    197:197:boolean hasCategory(com.g4mesoft.setting.GSSettingCategory) -> a
    201:204:void clearSettings() -> K
    207:209:void settingChanged(com.g4mesoft.setting.GSSettingCategory,com.g4mesoft.setting.GSSetting) -> h
    212:214:void settingAdded(com.g4mesoft.setting.GSSettingCategory,com.g4mesoft.setting.GSSetting) -> i
    217:219:void settingRemoved(com.g4mesoft.setting.GSSettingCategory,com.g4mesoft.setting.GSSetting) -> j
    222:223:void addChangeListener(com.g4mesoft.setting.GSISettingChangeListener) -> a
    226:227:void removeChangeListener(com.g4mesoft.setting.GSISettingChangeListener) -> b
    43:51:void <clinit>() -> <clinit>
com.g4mesoft.setting.GSSettingMap -> core.aP:
    com.g4mesoft.setting.GSSettingCategory category -> a
    java.util.Map settings -> p
    com.g4mesoft.setting.GSSettingManager owner -> b
    27:32:void <init>(com.g4mesoft.setting.GSSettingCategory,com.g4mesoft.setting.GSSettingManager) -> <init>
    35:35:com.g4mesoft.setting.GSSetting getSetting(java.lang.String) -> a
    39:58:void registerSetting(com.g4mesoft.setting.GSSetting) -> e
    61:67:void clearSettings() -> K
    70:73:com.g4mesoft.setting.GSSetting removeSetting(java.lang.String) -> b
    77:77:java.util.Collection getSettings() -> b
    81:83:void settingChanged(com.g4mesoft.setting.GSSetting) -> f
    86:86:com.g4mesoft.setting.GSSettingCategory getCategory() -> a
    90:134:void readSettings(net.minecraft.class_2540) -> c
    137:138:void writeSettings(net.minecraft.class_2540) -> d
    142:178:void writeSettings(net.minecraft.class_2540,java.util.function.Predicate) -> a
com.g4mesoft.setting.GSSettingPermissionPacket -> core.aQ:
    boolean allowedSettingChange -> x
    18:19:void <init>() -> <init>
    21:23:void <init>(boolean) -> <init>
    27:28:void read(net.minecraft.class_2540) -> a
    32:33:void write(net.minecraft.class_2540) -> b
    37:37:void handleOnServer(com.g4mesoft.core.server.GSControllerServer,net.minecraft.class_3222) -> a
    42:43:void handleOnClient(com.g4mesoft.core.client.GSControllerClient) -> b
com.g4mesoft.setting.decoder.GSBooleanSettingDecoder -> core.aR:
    java.lang.String BOOLEAN_TYPE_STRING -> K
    7:7:void <init>() -> <init>
    13:17:com.g4mesoft.setting.types.GSBooleanSetting decodeSetting(java.lang.String,net.minecraft.class_2540) -> a
    22:25:void encodeSetting(net.minecraft.class_2540,com.g4mesoft.setting.types.GSBooleanSetting) -> a
    29:29:java.lang.String getTypeString() -> k
    34:34:java.lang.Class getSettingClass() -> a
    7:7:void encodeSetting(net.minecraft.class_2540,com.g4mesoft.setting.GSSetting) -> a
    7:7:com.g4mesoft.setting.GSSetting decodeSetting(java.lang.String,net.minecraft.class_2540) -> a
com.g4mesoft.setting.decoder.GSFloatSettingDecoder -> core.aS:
    java.lang.String FLOAT_TYPE_STRING -> L
    7:7:void <init>() -> <init>
    13:20:com.g4mesoft.setting.types.GSFloatSetting decodeSetting(java.lang.String,net.minecraft.class_2540) -> a
    25:31:void encodeSetting(net.minecraft.class_2540,com.g4mesoft.setting.types.GSFloatSetting) -> a
    35:35:java.lang.String getTypeString() -> k
    40:40:java.lang.Class getSettingClass() -> a
    7:7:void encodeSetting(net.minecraft.class_2540,com.g4mesoft.setting.GSSetting) -> a
    7:7:com.g4mesoft.setting.GSSetting decodeSetting(java.lang.String,net.minecraft.class_2540) -> a
com.g4mesoft.setting.decoder.GSISettingDecoder -> core.aT:
    com.g4mesoft.setting.GSSetting decodeSetting(java.lang.String,net.minecraft.class_2540) -> a
    void encodeSetting(net.minecraft.class_2540,com.g4mesoft.setting.GSSetting) -> a
    java.lang.String getTypeString() -> k
    java.lang.Class getSettingClass() -> a
com.g4mesoft.setting.decoder.GSIntegerSettingDecoder -> core.aU:
    java.lang.String INTEGER_TYPE_STRING -> M
    7:7:void <init>() -> <init>
    13:20:com.g4mesoft.setting.types.GSIntegerSetting decodeSetting(java.lang.String,net.minecraft.class_2540) -> a
    25:31:void encodeSetting(net.minecraft.class_2540,com.g4mesoft.setting.types.GSIntegerSetting) -> a
    35:35:java.lang.String getTypeString() -> k
    40:40:java.lang.Class getSettingClass() -> a
    7:7:void encodeSetting(net.minecraft.class_2540,com.g4mesoft.setting.GSSetting) -> a
    7:7:com.g4mesoft.setting.GSSetting decodeSetting(java.lang.String,net.minecraft.class_2540) -> a
com.g4mesoft.setting.decoder.GSStringSettingDecoder -> core.aV:
    java.lang.String STRING_TYPE_STRING -> N
    8:8:void <init>() -> <init>
    14:18:com.g4mesoft.setting.types.GSStringSetting decodeSetting(java.lang.String,net.minecraft.class_2540) -> a
    23:26:void encodeSetting(net.minecraft.class_2540,com.g4mesoft.setting.types.GSStringSetting) -> a
    30:30:java.lang.String getTypeString() -> k
    35:35:java.lang.Class getSettingClass() -> a
    8:8:void encodeSetting(net.minecraft.class_2540,com.g4mesoft.setting.GSSetting) -> a
    8:8:com.g4mesoft.setting.GSSetting decodeSetting(java.lang.String,net.minecraft.class_2540) -> a
com.g4mesoft.setting.types.GSBooleanSetting -> core.aW:
    boolean value -> o
    10:11:void <init>(java.lang.String,boolean) -> <init>
    14:17:void <init>(java.lang.String,boolean,boolean) -> <init>
    21:21:java.lang.Boolean getValue() -> a
    26:32:com.g4mesoft.setting.types.GSBooleanSetting setValue(java.lang.Boolean) -> a
    37:37:boolean isDefaultValue() -> w
    42:42:boolean isSameType(com.g4mesoft.setting.GSSetting) -> a
    47:47:com.g4mesoft.setting.GSSetting copySetting() -> a
    5:5:com.g4mesoft.setting.GSSetting setValue(java.lang.Object) -> a
    5:5:java.lang.Object getValue() -> a
com.g4mesoft.setting.types.GSFloatSetting -> core.aX:
    float value -> A
    float minValue -> B
    float interval -> C
    float maxValue -> D
    15:16:void <init>(java.lang.String,float) -> <init>
    19:20:void <init>(java.lang.String,float,boolean) -> <init>
    23:24:void <init>(java.lang.String,float,float,float) -> <init>
    27:28:void <init>(java.lang.String,float,float,float,boolean) -> <init>
    31:32:void <init>(java.lang.String,float,float,float,float) -> <init>
    35:42:void <init>(java.lang.String,float,float,float,float,boolean) -> <init>
    46:46:java.lang.Float getValue() -> a
    51:57:com.g4mesoft.setting.types.GSFloatSetting setValue(java.lang.Float) -> a
    61:69:float adjustValue(float) -> d
    74:74:boolean isDefaultValue() -> w
    79:79:boolean isSameType(com.g4mesoft.setting.GSSetting) -> a
    83:83:float getMinValue() -> l
    87:87:float getInterval() -> m
    91:91:float getMaxValue() -> n
    96:96:com.g4mesoft.setting.GSSetting copySetting() -> a
    6:6:com.g4mesoft.setting.GSSetting setValue(java.lang.Object) -> a
    6:6:java.lang.Object getValue() -> a
com.g4mesoft.setting.types.GSIntegerSetting -> core.aY:
    int value -> a
    int minValue -> aP
    int maxValue -> aQ
    int interval -> aR
    15:16:void <init>(java.lang.String,int) -> <init>
    19:20:void <init>(java.lang.String,int,boolean) -> <init>
    23:24:void <init>(java.lang.String,int,int,int) -> <init>
    27:28:void <init>(java.lang.String,int,int,int,boolean) -> <init>
    31:32:void <init>(java.lang.String,int,int,int,int) -> <init>
    35:42:void <init>(java.lang.String,int,int,int,int,boolean) -> <init>
    46:46:java.lang.Integer getValue() -> a
    51:57:com.g4mesoft.setting.types.GSIntegerSetting setValue(java.lang.Integer) -> a
    61:69:int adjustValue(int) -> c
    74:74:boolean isDefaultValue() -> w
    79:79:boolean isSameType(com.g4mesoft.setting.GSSetting) -> a
    83:83:int getMinValue() -> Q
    87:87:int getMaxValue() -> R
    91:91:int getInterval() -> S
    96:96:com.g4mesoft.setting.GSSetting copySetting() -> a
    6:6:com.g4mesoft.setting.GSSetting setValue(java.lang.Object) -> a
    6:6:java.lang.Object getValue() -> a
com.g4mesoft.setting.types.GSStringSetting -> core.aZ:
    java.lang.String value -> O
    12:13:void <init>(java.lang.String,java.lang.String) -> <init>
    16:19:void <init>(java.lang.String,java.lang.String,boolean) -> <init>
    23:23:java.lang.String getValue() -> l
    28:33:com.g4mesoft.setting.types.GSStringSetting setValue(java.lang.String) -> a
    38:38:boolean isDefaultValue() -> w
    43:43:boolean isSameType(com.g4mesoft.setting.GSSetting) -> a
    48:48:com.g4mesoft.setting.GSSetting copySetting() -> a
    7:7:com.g4mesoft.setting.GSSetting setValue(java.lang.Object) -> a
    7:7:java.lang.Object getValue() -> a
com.g4mesoft.setting.types.GSUnknownSetting -> core.ba:
    java.lang.String type -> P
    byte[] data -> a
    11:15:void <init>(java.lang.String,java.lang.String,byte[]) -> <init>
    19:19:java.lang.Object getValue() -> a
    24:24:com.g4mesoft.setting.types.GSUnknownSetting setValue(java.lang.Object) -> a
    29:29:boolean isDefaultValue() -> w
    34:34:boolean isSameType(com.g4mesoft.setting.GSSetting) -> a
    38:38:java.lang.String getType() -> m
    42:42:byte[] getData() -> a
    47:47:com.g4mesoft.setting.GSSetting copySetting() -> a
    5:5:com.g4mesoft.setting.GSSetting setValue(java.lang.Object) -> a
com.g4mesoft.util.GSBufferUtil -> core.bb:
    int MAX_STRING_LENGTH -> aS
    3:3:void <init>() -> <init>
com.g4mesoft.util.GSFileUtils -> core.bc:
    6:6:void <init>() -> <init>
    9:11:void ensureDirectoryExists(java.io.File) -> e
    14:18:void ensureFileExists(java.io.File) -> f
com.g4mesoft.util.GSMathUtils -> core.bd:
    float EPSILON_F -> E
    double EPSILON_D -> c
    3:3:void <init>() -> <init>
    9:9:int clamp(int,int,int) -> c
    13:13:long clamp(long,long,long) -> a
    17:17:float clamp(float,float,float) -> a
    21:21:double clamp(double,double,double) -> a
    25:25:boolean equalsApproximate(float,float) -> a
    29:29:boolean equalsApproximate(float,float,float) -> a
    33:33:boolean equalsApproximate(double,double) -> b
    37:37:boolean equalsApproximate(double,double,double) -> a
